=~=~=~=~=~=~=~=~=~=~=~= MobaXterm log 2023.11.13 10:46:37 =~=~=~=~=~=~=~=~=~=~=~=
NOTICE:  Fixed DDR on board

NOTICE:  4 GB DDR4, 64-bit, CL=15, ECC on
NOTICE:  BL2: v1.5(release):LSDK-19.06
NOTICE:  BL2: Built : 23:49:18, Nov  1 2023
NOTICE:  BL2: Booting BL31NOTICE:  BL31: v1.5(release):LSDK-19.06
NOTICE:  BL31: Built : 23:49:31, Nov  1 2023
NOTICE:  Welcome to LS1046 BL31 Phase


U-Boot 2019.04-gafd8bf0-dirty (Oct 31 2023 - 20:19:14 -0700)

SoC:  LS1046AE Rev1.0 (0x87070010)
Clock Configuration:
       CPU0(A72):1800 MHz  CPU1(A72):1800 MHz  CPU2(A72):1800 MHz  
       CPU3(A72):1800 MHz  
       Bus:      700  MHz  DDR:      2100 MT/s  FMAN:     800  MHz
Reset Configuration Word (RCW):
       00000000: 0e150012 10000000 00000000 00000000
       00000010: 33335559 00005012 60040000 c1000000
       00000020: 00000000 00000000 00000000 00238900
       00000030: 20124000 00003101 00000096 00000001
Model: GIE LS1046A FRWY Board
Board: LS1046AFRWY, Rev: A, boot from SD
SD1_CLK1 = 100.00MHZ, SD1_CLK2 = 100.00MHZ
I2C:   ready
DRAM:  3.9 GiB (DDR4, 64-bit, CL=15, ECC on)
SEC0: RNG instantiated
PCA: failed to select proper channel
Using SERDES1 Protocol: 13107 (0x3333)
Using SERDES2 Protocol: 21849 (0x5559)
FM1_DTSEC3 enet_if PHY_INTERFACE_MODE_RGMII_TXID
FM1_DTSEC4 enet_if PHY_INTERFACE_MODE_RGMII_TXID
FM1_DTSEC2/5/6/9/10 enet_if PHY_INTERFACE_MODE_SGMII
FM1_DTSEC2/5/6/9/10 enet_if PHY_INTERFACE_MODE_SGMII
FM1_DTSEC2/5/6/9/10 enet_if PHY_INTERFACE_MODE_SGMII
FM1_DTSEC2/5/6/9/10 enet_if PHY_INTERFACE_MODE_SGMII
NAND:  512 MiB
MMC:   FSL_SDHC: 0
Loading Environment from MMC... OK
EEPROM: Read failed.
In:    serial
Out:   serial
Err:   serial
Net:   phy_realtek_init
****switch 0x3333****fm_info_get_phy_address(0):0,
fm_info_get_phy_address(1):0,
fm_info_get_phy_address(2):1,
fm_info_get_phy_address(3):2,
fm_info_get_phy_address(4):4,
fm_info_get_phy_address(5):5,
fm_info_get_phy_address(6):3,
fm_info_get_phy_address(7):0,
fm_info_get_phy_address(8):0,
fm_info_get_phy_address(9):0,

MMC read: dev # 0, block # 18432, count 128 ...
Fman1: Uploading microcode version 106.4.18
phy_read reg:0
phy_read reg:0
phy_read reg:65535
PHY reset timed out
reg:65535
phy_read reg:65535
PHY reset timed out
reg:65535
phy_read reg:65535
PHY reset timed out
reg:65535
PCIe0: pcie@3400000 Root Complex: no link
PCIe1: pcie@3500000 Root Complex: no link
PCIe2: pcie@3600000 Root Complex: no link
FM1@DTSEC3 [PRIME]ETH_STATE_INIT
, FM1@DTSEC4ETH_STATE_INIT
, FM1@DTSEC5ETH_STATE_INIT
, FM1@DTSEC6ETH_STATE_INIT
, FM1@DTSEC9ETH_STATE_INIT
, FM1@DTSEC10ETH_STATE_INIT

Hit any key to stop autoboot:  5  4  3  2  1  0 
scanning bus for devices...
Target spinup took 0 ms.
AHCI 0001.0301 32 slots 1 ports 6 Gbps 0x1 impl SATA mode
flags: 64bit ncq pm clo only pmp fbss pio slum part ccc apst 
  Device 0: (0:0) Vendor: ATA Prod.: Lenovo SSD SL700 Rev: W022
            Type: Hard Disk
            Capacity: 122104.3 MB = 119.2 GB (250069680 x 512)

Device 0: (0:0) Vendor: ATA Prod.: Lenovo SSD SL700 Rev: W022
            Type: Hard Disk
            Capacity: 122104.3 MB = 119.2 GB (250069680 x 512)
... is now current device
Scanning scsi 0:1...
switch to partitions #0, OK
mmc0 is current device
Scanning mmc 0:1...
Scanning mmc 0:2...
Found U-Boot script /ls1046afrwy_boot.scr
968 bytes read in 5 ms (188.5 KiB/s)
## Executing script at 80000000
22727168 bytes read in 1095 ms (19.8 MiB/s)
33048 bytes read in 10 ms (3.2 MiB/s)
## Flattened Device Tree blob at 90000000
   Booting using the fdt blob at 0x90000000
   Using Device Tree in place at 0000000090000000, end 000000009001b117
WARNING failed to get smmu node: FDT_ERR_NOTFOUND
WARNING failed to get smmu node: FDT_ERR_NOTFOUND

Starting kernel ...

[    0.000000] Booting Linux on physical CPU 0x0
[    0.000000] Linux version 4.14.122-gb9aab3a65-dirty (root@ubuntu) (gcc version 7.5.0 (Ubuntu/Linaro 7.5.0-3ubuntu1~18.04)) #1 SMP PREEMPT Tue Oct 31 00:29:36 PDT 2023
[    0.000000] Boot CPU: AArch64 Processor [410fd082]
[    0.000000] Machine model: LS1046A FRWY Board
[    0.000000] earlycon: uart8250 at MMIO 0x00000000021c0500 (options '')
[    0.000000] bootconsole [uart8250] enabled
[    0.000000] efi: Getting EFI parameters from FDT:
[    0.000000] efi: UEFI not found.
[    0.000000] OF: reserved mem: initialized node qman-fqd, compatible id fsl,qman-fqd
[    0.000000] OF: reserved mem: initialized node qman-pfdr, compatible id fsl,qman-pfdr
[    0.000000] OF: reserved mem: initialized node bman-fbpr, compatible id fsl,bman-fbpr
[    0.000000] cma: Reserved 16 MiB at 0x00000000fac00000
[    0.000000] NUMA: No NUMA configuration found
[    0.000000] NUMA: Faking a node at [mem 0x0000000000000000-0x00000008ff7fffff]
[    0.000000] NUMA: NODE_DATA [mem 0x8ff7bfd00-0x8ff7c14bf]
[    0.000000] Zone ranges:
[    0.000000]   DMA      [mem 0x0000000080000000-0x00000000ffffffff]
[    0.000000]   Normal   [mem 0x0000000100000000-0x00000008ff7fffff]
[    0.000000] Movable zone start for each node
[    0.000000] Early memory node ranges
[    0.000000]   node   0: [mem 0x0000000080000000-0x00000000fbdfffff]
[    0.000000]   node   0: [mem 0x0000000880000000-0x00000008fbffffff]
[    0.000000]   node   0: [mem 0x00000008ff000000-0x00000008ff7fffff]
[    0.000000] Initmem setup node 0 [mem 0x0000000080000000-0x00000008ff7fffff]
[    0.000000] psci: probing for conduit method from DT.
[    0.000000] psci: PSCIv1.1 detected in firmware.
[    0.000000] psci: Using standard PSCI v0.2 function IDs
[    0.000000] psci: MIGRATE_INFO_TYPE not supported.
[    0.000000] psci: SMC Calling Convention v1.1
[    0.000000] percpu: Embedded 25 pages/cpu s62040 r8192 d32168 u102400
[    0.000000] Detected PIPT I-cache on CPU0
[    0.000000] Speculative Store Bypass Disable mitigation not required
[    0.000000] Built 1 zonelists, mobility grouping on.  Total pages: 1001184
[    0.000000] Policy zone: Normal
[    0.000000] Kernel command line: console=ttyS0,115200 earlycon=uart8250,mmio,0x21c0500 root=PARTUUID=d5e63183-04 rw rootwait
[    0.000000] PID hash table entries: 4096 (order: 3, 32768 bytes)
[    0.000000] software IO TLB: mapped [mem 0xf6c00000-0xfac00000] (64MB)
[    0.000000] Memory: 3897572K/4069376K available (13692K kernel code, 1458K rwdata, 5640K rodata, 1344K init, 929K bss, 155420K reserved, 16384K cma-reserved)
[    0.000000] Virtual kernel memory layout:
[    0.000000]     modules : 0xffff000000000000 - 0xffff000008000000   (   128 MB)
[    0.000000]     vmalloc : 0xffff000008000000 - 0xffff7dffbfff0000   (129022 GB)
[    0.000000]       .text : 0xffff000008080000 - 0xffff000008de0000   ( 13696 KB)
[    0.000000]     .rodata : 0xffff000008de0000 - 0xffff000009370000   (  5696 KB)
[    0.000000]       .init : 0xffff000009370000 - 0xffff0000094c0000   (  1344 KB)
[    0.000000]       .data : 0xffff0000094c0000 - 0xffff00000962ca00   (  1459 KB)
[    0.000000]        .bss : 0xffff00000962ca00 - 0xffff000009714e20   (   930 KB)
[    0.000000]     fixed   : 0xffff7dfffe7f9000 - 0xffff7dfffec00000   (  4124 KB)
[    0.000000]     PCI I/O : 0xffff7dfffee00000 - 0xffff7dffffe00000   (    16 MB)
[    0.000000]     vmemmap : 0xffff7e0000000000 - 0xffff800000000000   (  2048 GB maximum)
[    0.000000]               0xffff7e0000000000 - 0xffff7e0021fe0000   (   543 MB actual)
[    0.000000]     memory  : 0xffff800000000000 - 0xffff80087f800000   ( 34808 MB)
[    0.000000] Preemptible hierarchical RCU implementation.
[    0.000000] RCU restricting CPUs from NR_CPUS=64 to nr_cpu_ids=4.
[    0.000000] Tasks RCU enabled.
[    0.000000] RCU: Adjusting geometry for rcu_fanout_leaf=16, nr_cpu_ids=4
[    0.000000] NR_IRQS: 64, nr_irqs: 64, preallocated irqs: 0
[    0.000000] GIC: Adjusting CPU interface base to 0x000000000142f000
[    0.000000] GIC: Using split EOI/Deactivate mode
[    0.000000] arch_timer: cp15 timer(s) running at 25.00MHz (phys).
[    0.000000] clocksource: arch_sys_counter: mask: 0xffffffffffffff max_cycles: 0x5c40939b5, max_idle_ns: 440795202646 ns
[    0.000001] sched_clock: 56 bits at 25MHz, resolution 40ns, wraps every 4398046511100ns
[    0.008343] Console: colour dummy device 80x25
[    0.012830] Calibrating delay loop (skipped), value calculated using timer frequency.. 50.00 BogoMIPS (lpj=100000)
[    0.023239] pid_max: default: 32768 minimum: 301
[    0.027922] Security Framework initialized
[    0.033055] Dentry cache hash table entries: 524288 (order: 10, 4194304 bytes)
[    0.040854] Inode-cache hash table entries: 262144 (order: 9, 2097152 bytes)
[    0.047966] Mount-cache hash table entries: 8192 (order: 4, 65536 bytes)
[    0.054719] Mountpoint-cache hash table entries: 8192 (order: 4, 65536 bytes)
[    0.077919] ASID allocator initialised with 32768 entries
[    0.091354] Hierarchical SRCU implementation.
[    0.104167] EFI services will not be available.
[    0.116728] smp: Bringing up secondary CPUs ...
[    0.149393] Detected PIPT I-cache on CPU1
[    0.149414] CPU1: Booted secondary processor [410fd082]
[    0.177403] Detected PIPT I-cache on CPU2
[    0.177416] CPU2: Booted secondary processor [410fd082]
[    0.205427] Detected PIPT I-cache on CPU3
[    0.205440] CPU3: Booted secondary processor [410fd082]
[    0.205468] smp: Brought up 1 node, 4 CPUs
[    0.237412] SMP: Total of 4 processors activated.
[    0.242143] CPU features: detected feature: 32-bit EL0 Support
[    0.248006] CPU features: detected feature: Kernel page table isolation (KPTI)
[    0.259397] CPU: All CPU(s) started at EL2
[    0.263518] alternatives: patching kernel code
[    0.268476] devtmpfs: initialized
[    0.274063] random: get_random_u32 called from bucket_table_alloc+0x108/0x258 with crng_init=0
[    0.282894] clocksource: jiffies: mask: 0xffffffff max_cycles: 0xffffffff, max_idle_ns: 7645041785100000 ns
[    0.292702] futex hash table entries: 1024 (order: 4, 65536 bytes)
[    0.299106] xor: measuring software checksum speed
[    0.343938]    8regs     :  7630.000 MB/sec
[    0.388156]    8regs_prefetch:  6687.000 MB/sec
[    0.432723]    32regs    :  7681.000 MB/sec
[    0.476940]    32regs_prefetch:  7065.000 MB/sec
[    0.481578] xor: using function: 32regs (7681.000 MB/sec)
[    0.487004] pinctrl core: initialized pinctrl subsystem
[    0.492761] DMI not present or invalid.
[    0.496752] NET: Registered protocol family 16
[    0.501929] cpuidle: using governor menu
[    0.506060] Bman ver:0a02,02,01
[    0.511078] qman-fqd addr 0x00000008ff800000 size 0x800000
[    0.516610] qman-pfdr addr 0x00000008fc000000 size 0x2000000
[    0.522304] Qman ver:0a01,03,02,01
[    0.525783] vdso: 2 pages (1 code @ ffff000008de6000, 1 data @ ffff0000094c5000)
[    0.533250] hw-breakpoint: found 6 breakpoint and 4 watchpoint registers.
[    0.540461] DMA: preallocated 256 KiB pool for atomic allocations
[    0.546747] Serial: AMBA PL011 UART driver
[    0.554031] Machine: LS1046A FRWY Board
[    0.557888] SoC family: QorIQ LS1046A
[    0.561562] SoC ID: svr:0x87070010, Revision: 1.0
[    0.577359] HugeTLB registered 2.00 MiB page size, pre-allocated 0 pages
[    0.649322] raid6: int64x1  gen()  1182 MB/s
[    0.721674] raid6: int64x1  xor()   914 MB/s
[    0.793703] raid6: int64x2  gen()  1888 MB/s
[    0.865717] raid6: int64x2  xor()  1462 MB/s
[    0.937749] raid6: int64x4  gen()  2651 MB/s
[    1.009772] raid6: int64x4  xor()  1648 MB/s
[    1.081802] raid6: int64x8  gen()  2381 MB/s
[    1.153831] raid6: int64x8  xor()  1611 MB/s
[    1.225864] raid6: neonx1   gen()  2245 MB/s
[    1.297893] raid6: neonx1   xor()  2304 MB/s
[    1.369920] raid6: neonx2   gen()  3464 MB/s
[    1.441951] raid6: neonx2   xor()  3202 MB/s
[    1.513980] raid6: neonx4   gen()  4608 MB/s
[    1.586017] raid6: neonx4   xor()  3318 MB/s
[    1.658049] raid6: neonx8   gen()  4389 MB/s
[    1.730070] raid6: neonx8   xor()  3734 MB/s
[    1.734357] raid6: using algorithm neonx4 gen() 4608 MB/s
[    1.739781] raid6: .... xor() 3318 MB/s, rmw enabled
[    1.744768] raid6: using neon recovery algorithm
[    1.749723] ACPI: Interpreter disabled.
[    1.755149] vgaarb: loaded
[    1.757985] SCSI subsystem initialized
[    1.761966] usbcore: registered new interface driver usbfs
[    1.767500] usbcore: registered new interface driver hub
[    1.772903] usbcore: registered new device driver usb
[    1.778275] imx-i2c 2180000.i2c: scl-gpios not found
[    1.783368] i2c i2c-0: using dma0chan16 (tx) and dma0chan17 (rx) for DMA transfers
[    1.790983] i2c i2c-0: IMX I2C adapter registered
[    1.796204] pps_core: LinuxPPS API ver. 1 registered
[    1.801194] pps_core: Software ver. 5.3.6 - Copyright 2005-2007 Rodolfo Giometti <giometti@linux.it>
[    1.810386] PTP clock support registered
[    1.814428] EDAC MC: Ver: 3.0.0
[    1.817685] dmi: Firmware registration failed.
[    1.822178] bman-fbpr addr 0x00000008fe000000 size 0x1000000
[    1.827884] Bman err interrupt handler present
[    1.832671] Bman portal initialised, cpu 0
[    1.836840] Bman portal initialised, cpu 1
[    1.841008] Bman portal initialised, cpu 2
[    1.845174] Bman portal initialised, cpu 3
[    1.849288] Bman portals initialised
[    1.853641] Qman err interrupt handler present
[    1.858466] QMan: Allocated lookup table at ffff00000b57d000, entry count 131073
[    1.866214] Qman portal initialised, cpu 0
[    1.870374] Qman portal initialised, cpu 1
[    1.874535] Qman portal initialised, cpu 2
[    1.878693] Qman portal initialised, cpu 3
[    1.882809] Qman portals initialised
[    1.886442] Bman: BPID allocator includes range 32:32
[    1.891545] Qman: FQID allocator includes range 256:256
[    1.896797] Qman: FQID allocator includes range 32768:32768
[    1.902428] Qman: CGRID allocator includes range 0:256
[    1.907718] Qman: pool channel allocator includes range 1025:15
[    1.913732] No USDPAA memory, no 'fsl,usdpaa-mem' in device-tree
[    1.919892] fsl-ifc 1530000.ifc: Freescale Integrated Flash Controller
[    1.926461] fsl-ifc 1530000.ifc: IFC version 1.4, 8 banks
[    1.932062] Advanced Linux Sound Architecture Driver Initialized.
[    1.938472] clocksource: Switched to clocksource arch_sys_counter
[    1.944657] VFS: Disk quotas dquot_6.6.0
[    1.948621] VFS: Dquot-cache hash table entries: 512 (order 0, 4096 bytes)
[    1.955582] pnp: PnP ACPI: disabled
[    1.961801] NET: Registered protocol family 2
[    1.966422] TCP established hash table entries: 32768 (order: 6, 262144 bytes)
[    1.973836] TCP bind hash table entries: 32768 (order: 7, 524288 bytes)
[    1.980733] TCP: Hash tables configured (established 32768 bind 32768)
[    1.987339] UDP hash table entries: 2048 (order: 4, 65536 bytes)
[    1.993488] UDP-Lite hash table entries: 2048 (order: 4, 65536 bytes)
[    2.000047] NET: Registered protocol family 1
[    2.004565] RPC: Registered named UNIX socket transport module.
[    2.010518] RPC: Registered udp transport module.
[    2.015250] RPC: Registered tcp transport module.
[    2.019976] RPC: Registered tcp NFSv4.1 backchannel transport module.
[    2.026795] hw perfevents: enabled with armv8_cortex_a72 PMU driver, 7 counters available
[    2.035233] kvm [1]: 8-bit VMID
[    2.038993] kvm [1]: vgic interrupt IRQ1
[    2.042982] kvm [1]: Hyp mode initialized successfully
[    2.049208] audit: initializing netlink subsys (disabled)
[    2.054681] audit: type=2000 audit(1.992:1): state=initialized audit_enabled=0 res=1
[    2.054810] workingset: timestamp_bits=44 max_order=20 bucket_order=0
[    2.069176] squashfs: version 4.0 (2009/01/31) Phillip Lougher
[    2.075127] NFS: Registering the id_resolver key type
[    2.080214] Key type id_resolver registered
[    2.084415] Key type id_legacy registered
[    2.088447] nfs4filelayout_init: NFSv4 File Layout Driver Registering...
[    2.095230] fuse init (API version 7.26)
[    2.099222] 9p: Installing v9fs 9p2000 file system support
[    2.105826] Block layer SCSI generic (bsg) driver version 0.4 loaded (major 245)
[    2.113309] io scheduler noop registered
[    2.117267] io scheduler cfq registered (default)
[    2.121996] io scheduler mq-deadline registered
[    2.126563] io scheduler kyber registered
[    2.136219] OF: PCI: host bridge /soc/pcie@3400000 ranges:
[    2.141743] OF: PCI:    IO 0x4000010000..0x400001ffff -> 0x00000000
[    2.148051] OF: PCI:   MEM 0x4040000000..0x407fffffff -> 0x40000000
[    2.154443] layerscape-pcie 3400000.pcie: PCI host bridge to bus 0000:00
[    2.161185] pci_bus 0000:00: root bus resource [bus 00-ff]
[    2.166704] pci_bus 0000:00: root bus resource [io  0x0000-0xffff]
[    2.172919] pci_bus 0000:00: root bus resource [mem 0x4040000000-0x407fffffff] (bus address [0x40000000-0x7fffffff])
[    2.183674] pci 0000:00:00.0: BAR 6: assigned [mem 0x4040000000-0x40400007ff pref]
[    2.191290] pci 0000:00:00.0: PCI bridge to [bus 01-ff]
[    2.196646] pcieport 0000:00:00.0: Signaling PME with IRQ 68
[    2.202390] pcieport 0000:00:00.0: AER enabled with IRQ 69
[    2.207986] OF: PCI: host bridge /soc/pcie@3500000 ranges:
[    2.213508] OF: PCI:    IO 0x4800010000..0x480001ffff -> 0x00000000
[    2.219811] OF: PCI:   MEM 0x4840000000..0x487fffffff -> 0x40000000
[    2.226175] layerscape-pcie 3500000.pcie: PCI host bridge to bus 0001:00
[    2.232914] pci_bus 0001:00: root bus resource [bus 00-ff]
[    2.238430] pci_bus 0001:00: root bus resource [io  0x10000-0x1ffff] (bus address [0x0000-0xffff])
[    2.247441] pci_bus 0001:00: root bus resource [mem 0x4840000000-0x487fffffff] (bus address [0x40000000-0x7fffffff])
[    2.258175] pci 0001:00:00.0: BAR 6: assigned [mem 0x4840000000-0x48400007ff pref]
[    2.265789] pci 0001:00:00.0: PCI bridge to [bus 01-ff]
[    2.271126] pcieport 0001:00:00.0: Signaling PME with IRQ 70
[    2.276867] pcieport 0001:00:00.0: AER enabled with IRQ 71
[    2.282480] OF: PCI: host bridge /soc/pcie@3600000 ranges:
[    2.287999] OF: PCI:    IO 0x5000010000..0x500001ffff -> 0x00000000
[    2.294301] OF: PCI:   MEM 0x5040000000..0x507fffffff -> 0x40000000
[    2.300662] layerscape-pcie 3600000.pcie: PCI host bridge to bus 0002:00
[    2.307403] pci_bus 0002:00: root bus resource [bus 00-ff]
[    2.312918] pci_bus 0002:00: root bus resource [io  0x20000-0x2ffff] (bus address [0x0000-0xffff])
[    2.321930] pci_bus 0002:00: root bus resource [mem 0x5040000000-0x507fffffff] (bus address [0x40000000-0x7fffffff])
[    2.332662] pci 0002:00:00.0: BAR 6: assigned [mem 0x5040000000-0x50400007ff pref]
[    2.340277] pci 0002:00:00.0: PCI bridge to [bus 01-ff]
[    2.345617] pcieport 0002:00:00.0: Signaling PME with IRQ 72
[    2.351362] pcieport 0002:00:00.0: AER enabled with IRQ 73
[    2.360544] Freescale LS2 console driver
[    2.364540] fsl-ls2-console: device fsl_mc_console registered
[    2.370352] fsl-ls2-console: device fsl_aiop_console registered
[    2.379397] Serial: 8250/16550 driver, 4 ports, IRQ sharing enabled
[    2.386781] console [ttyS0] disabled
[    2.390386] 21c0500.serial: ttyS0 at MMIO 0x21c0500 (irq = 38, base_baud = 21875000) is a 16550A
[    2.399252] console [ttyS0] enabled
[    2.399252] console [ttyS0] enabled
[    2.406234] bootconsole [uart8250] disabled
[    2.406234] bootconsole [uart8250] disabled
[    2.414840] 21c0600.serial: ttyS1 at MMIO 0x21c0600 (irq = 38, base_baud = 21875000) is a 16550A
[    2.423832] 21d0500.serial: ttyS2 at MMIO 0x21d0500 (irq = 39, base_baud = 21875000) is a 16550A
[    2.432824] 21d0600.serial: ttyS3 at MMIO 0x21d0600 (irq = 39, base_baud = 21875000) is a 16550A
[    2.442005] SuperH (H)SCI(F) driver initialized
[    2.446876] msm_serial: driver initialized
[    2.455843] brd: module loaded
[    2.461360] loop: module loaded
[    2.465800] ahci-qoriq 3200000.sata: AHCI 0001.0301 32 slots 1 ports 6 Gbps 0x1 impl platform mode
[    2.474801] ahci-qoriq 3200000.sata: flags: 64bit ncq sntf pm clo only pmp fbs pio slum part ccc sds apst 
[    2.484718] scsi host0: ahci-qoriq
[    2.488186] ata1: SATA max UDMA/133 mmio [mem 0x03200000-0x0320ffff] port 0x100 irq 50
[    2.496880] fsl-quadspi 1550000.quadspi: unrecognized JEDEC id bytes: ff, ff, ff
[    2.504338] fsl-quadspi 1550000.quadspi: Freescale QuadSPI probe failed
[    2.510962] fsl-quadspi: probe of 1550000.quadspi failed with error -2
[    2.519015] libphy: Fixed MDIO Bus: probed
[    2.523495] tun: Universal TUN/TAP device driver, 1.6
[    2.529260] libphy: Freescale XGMAC MDIO Bus: probed
[    2.534745] libphy: Freescale XGMAC MDIO Bus: probed
[    2.539829] libphy: Freescale XGMAC MDIO Bus: probed
[    2.544947] libphy: Freescale XGMAC MDIO Bus: probed
[    2.550090] libphy: Freescale XGMAC MDIO Bus: probed
[    2.555201] libphy: Freescale XGMAC MDIO Bus: probed
[    2.560343] libphy: Freescale XGMAC MDIO Bus: probed
[    2.565456] libphy: Freescale XGMAC MDIO Bus: probed
[    2.570591] libphy: Freescale XGMAC MDIO Bus: probed
[    2.575710] libphy: Freescale XGMAC MDIO Bus: probed
[    2.589380] Freescale FM module, FMD API version 21.1.0
[    2.596698] Freescale FM Ports module
[    2.600360] fsl_mac: fsl_mac: FSL FMan MAC API based driver
[    2.606133] fsl_mac 1ae4000.ethernet: FMan MEMAC
[    2.610750] fsl_mac 1ae4000.ethernet: FMan MAC address: aa:4e:b8:a9:b5:26
[    2.617638] fsl_mac 1ae6000.ethernet: FMan MEMAC
[    2.622254] fsl_mac 1ae6000.ethernet: FMan MAC address: 9a:f2:5d:45:81:c8
[    2.629185] fsl_mac 1ae8000.ethernet: FMan MEMAC
[    2.633800] fsl_mac 1ae8000.ethernet: FMan MAC address: 46:ae:e3:a0:97:54
[    2.640736] fsl_mac 1aea000.ethernet: FMan MEMAC
[    2.645352] fsl_mac 1aea000.ethernet: FMan MAC address: b2:5e:5e:85:45:7e
[    2.652182] fsl_mac 1af0000.ethernet: of_get_mac_address(/soc/fman@1a00000/ethernet@f0000) failed
[    2.661056] fsl_mac: probe of 1af0000.ethernet failed with error -22
[    2.667441] fsl_mac 1af2000.ethernet: of_get_mac_address(/soc/fman@1a00000/ethernet@f2000) failed
[    2.676314] fsl_mac: probe of 1af2000.ethernet failed with error -22
[    2.682686] fsl_dpa: FSL DPAA Ethernet driver
[    2.689684] fsl_dpa: fsl_dpa: Probed interface eth0
[    2.697283] fsl_dpa: fsl_dpa: Probed interface eth1
[    2.705223] fsl_dpa: fsl_dpa: Probed interface eth2
[    2.713296] fsl_dpa: fsl_dpa: Probed interface eth3
[    2.718383] fsl_dpa soc:fsl,dpaa:ethernet@8: dev_get_drvdata(1af0000.ethernet) failed
[    2.726222] fsl_dpa: probe of soc:fsl,dpaa:ethernet@8 failed with error -22
[    2.733234] fsl_dpa soc:fsl,dpaa:ethernet@9: dev_get_drvdata(1af2000.ethernet) failed
[    2.741067] fsl_dpa: probe of soc:fsl,dpaa:ethernet@9 failed with error -22
[    2.748052] fsl_advanced: FSL DPAA Advanced drivers:
[    2.753014] fsl_proxy: FSL DPAA Proxy initialization driver
[    2.758730] fsl_oh: FSL FMan Offline Parsing port driver
[    2.764381] e1000: Intel(R) PRO/1000 Network Driver - version 7.3.21-k8-NAPI
[    2.771427] e1000: Copyright (c) 1999-2006 Intel Corporation.
[    2.777195] e1000e: Intel(R) PRO/1000 Network Driver - 3.2.6-k
[    2.783023] e1000e: Copyright(c) 1999 - 2015 Intel Corporation.
[    2.788958] igb: Intel(R) Gigabit Ethernet Network Driver - version 5.4.0-k
[    2.795915] igb: Copyright (c) 2007-2014 Intel Corporation.
[    2.801501] igbvf: Intel(R) Gigabit Virtual Function Network Driver - version 2.4.0-k
[    2.809327] igbvf: Copyright (c) 2009 - 2012 Intel Corporation.
[    2.815515] sky2: driver version 1.30
[    2.819796] VFIO - User Level meta-driver version: 0.3
[    2.826586] ehci_hcd: USB 2.0 'Enhanced' Host Controller (EHCI) Driver
[    2.833118] ehci-pci: EHCI PCI platform driver
[    2.837585] ehci-platform: EHCI generic platform driver
[    2.842913] ehci-orion: EHCI orion driver
[    2.847002] ehci-exynos: EHCI EXYNOS driver
[    2.851266] ehci-msm: Qualcomm On-Chip EHCI Host Controller
[    2.856908] ohci_hcd: USB 1.1 'Open' Host Controller (OHCI) Driver
[    2.863090] ohci-pci: OHCI PCI platform driver
[    2.867544] ohci-platform: OHCI generic platform driver
[    2.872865] ohci-exynos: OHCI EXYNOS driver
[    2.877350] xhci-hcd xhci-hcd.0.auto: xHCI Host Controller
[    2.882839] xhci-hcd xhci-hcd.0.auto: new USB bus registered, assigned bus number 1
[    2.890665] xhci-hcd xhci-hcd.0.auto: hcc params 0x0220f66d hci version 0x100 quirks 0x0000002002010810
[    2.900075] xhci-hcd xhci-hcd.0.auto: irq 47, io mem 0x02f00000
[    2.906205] hub 1-0:1.0: USB hub found
[    2.909962] hub 1-0:1.0: 1 port detected
[    2.913985] xhci-hcd xhci-hcd.0.auto: xHCI Host Controller
[    2.919472] xhci-hcd xhci-hcd.0.auto: new USB bus registered, assigned bus number 2
[    2.927126] xhci-hcd xhci-hcd.0.auto: Host supports USB 3.0  SuperSpeed
[    2.933927] hub 2-0:1.0: USB hub found
[    2.937681] hub 2-0:1.0: 1 port detected
[    2.941726] xhci-hcd xhci-hcd.1.auto: xHCI Host Controller
[    2.947213] xhci-hcd xhci-hcd.1.auto: new USB bus registered, assigned bus number 3
[    2.955025] xhci-hcd xhci-hcd.1.auto: hcc params 0x0220f66d hci version 0x100 quirks 0x0000002002010810
[    2.964428] xhci-hcd xhci-hcd.1.auto: irq 48, io mem 0x03000000
[    2.966480] ata1: SATA link up 6.0 Gbps (SStatus 133 SControl 300)
[    2.970529] hub 3-0:1.0: USB hub found
[    2.978102] ata1.00: ATA-9: Lenovo SSD SL700 M.2 128G, W0222A0, max UDMA/133
[    2.980265] hub 3-0:1.0: 1 port detected
[    2.987307] ata1.00: 250069680 sectors, multi 1: LBA48 NCQ (depth 31/32)
[    2.991317] xhci-hcd xhci-hcd.1.auto: xHCI Host Controller
[    3.000443] ata1.00: configured for UDMA/133
[    3.003402] xhci-hcd xhci-hcd.1.auto: new USB bus registered, assigned bus number 4
[    3.007819] scsi 0:0:0:0: Direct-Access     ATA      Lenovo SSD SL700 2A0  PQ: 0 ANSI: 5
[    3.015318] xhci-hcd xhci-hcd.1.auto: Host supports USB 3.0  SuperSpeed
[    3.023648] sd 0:0:0:0: [sda] 250069680 512-byte logical blocks: (128 GB/119 GiB)
[    3.030203] hub 4-0:1.0: USB hub found
[    3.037503] sd 0:0:0:0: [sda] Write Protect is off
[    3.041238] hub 4-0:1.0: 1 port detected
[    3.046044] sd 0:0:0:0: [sda] Write cache: enabled, read cache: enabled, doesn't support DPO or FUA
[    3.050067] xhci-hcd xhci-hcd.2.auto: xHCI Host Controller
[    3.059403]  sda: sda1
[    3.064466] xhci-hcd xhci-hcd.2.auto: new USB bus registered, assigned bus number 5
[    3.067093] sd 0:0:0:0: [sda] Attached SCSI disk
[    3.074647] xhci-hcd xhci-hcd.2.auto: hcc params 0x0220f66d hci version 0x100 quirks 0x0000002002010810
[    3.088485] xhci-hcd xhci-hcd.2.auto: irq 49, io mem 0x03100000
[    3.094590] hub 5-0:1.0: USB hub found
[    3.098338] hub 5-0:1.0: 1 port detected
[    3.102354] xhci-hcd xhci-hcd.2.auto: xHCI Host Controller
[    3.107838] xhci-hcd xhci-hcd.2.auto: new USB bus registered, assigned bus number 6
[    3.115495] xhci-hcd xhci-hcd.2.auto: Host supports USB 3.0  SuperSpeed
[    3.122286] hub 6-0:1.0: USB hub found
[    3.126042] hub 6-0:1.0: 1 port detected
[    3.130280] usbcore: registered new interface driver usb-storage
[    3.138289] i2c /dev entries driver
[    3.143406] pca954x 0-0077: probe failed
[    3.147370] IR NEC protocol handler initialized
[    3.151899] IR RC5(x/sz) protocol handler initialized
[    3.156945] IR RC6 protocol handler initialized
[    3.161476] IR JVC protocol handler initialized
[    3.166001] IR Sony protocol handler initialized
[    3.170614] IR SANYO protocol handler initialized
[    3.175312] IR Sharp protocol handler initialized
[    3.180011] IR MCE Keyboard/mouse protocol handler initialized
[    3.185838] IR XMP protocol handler initialized
[    3.190540] ptp_qoriq: device tree node missing required elements, try automatic configuration
[    3.199294] pps pps0: new PPS source ptp0
[    3.204655] imx2-wdt 2ad0000.watchdog: timeout 60 sec (nowayout=0)
[    3.211506] qoriq_cpufreq: Freescale QorIQ CPU frequency scaling driver
[    3.218386] sdhci: Secure Digital Host Controller Interface driver
[    3.224563] sdhci: Copyright(c) Pierre Ossman
[    3.229057] Synopsys Designware Multimedia Card Interface Driver
[    3.235763] sdhci-pltfm: SDHCI platform and OF driver helper
[    3.278491] mmc0: SDHCI controller on 1560000.esdhc [1560000.esdhc] using ADMA 64-bit
[    3.290160] ledtrig-cpu: registered to indicate activity on CPUs
[    3.296624] caam 1700000.crypto: Linux CAAM Queue I/F driver initialised
[    3.304407] caam 1700000.crypto: device ID = 0x0a11030100000000 (Era 8)
[    3.311032] caam 1700000.crypto: job rings = 3, qi = 1
[    3.318362] caam algorithms registered in /proc/crypto
[    3.323932] caam 1700000.crypto: caam pkc algorithms registered in /proc/crypto
[    3.331657] caam_jr 1710000.jr: registering rng-caam
[    3.338215] caam 1700000.crypto: algorithms registered in /proc/crypto
[    3.345449] usbcore: registered new interface driver usbhid
[    3.351021] usbhid: USB HID core driver
[    3.352174] mmc0: new high speed SDHC card at address 5048
[    3.354924] DPAA2-ETH: debugfs created
[    3.360492] mmcblk0: mmc0:5048 SD32G 29.7 GiB 
[    3.364630] Freescale USDPAA process driver
[    3.370282]  mmcblk0: p1 p2 p3 p4
[    3.372705] fsl-usdpaa: no region found
[    3.372707] Freescale USDPAA process IRQ driver
[    3.373473] optee: probing for conduit method from DT.
[    3.389508] optee: api uid mismatch
[    3.393680] Netfilter messages via NETLINK v0.30.
[    3.398450] nf_conntrack version 0.5.0 (16384 buckets, 65536 max)
[    3.404623] nf_tables: (c) 2007-2009 Patrick McHardy <kaber@trash.net>
[    3.411150] nf_tables_compat: (c) 2012 Pablo Neira Ayuso <pablo@netfilter.org>
[    3.418462] ip_tables: (C) 2000-2006 Netfilter Core Team
[    3.423921] Initializing XFRM netlink socket
[    3.428220] NET: Registered protocol family 10
[    3.432999] Segment Routing with IPv6
[    3.436690] sit: IPv6, IPv4 and MPLS over IPv4 tunneling driver
[    3.442806] NET: Registered protocol family 17
[    3.447252] NET: Registered protocol family 15
[    3.451702] Bridge firewalling registered
[    3.455708] Ebtables v2.0 registered
[    3.459348] 8021q: 802.1Q VLAN Support v1.8
[    3.463532] lib80211: common routines for IEEE802.11 drivers
[    3.469210] 9pnet: Installing 9P2000 support
[    3.473496] Key type dns_resolver registered
[    3.477995] registered taskstats version 1
[    3.482290] Btrfs loaded, crc32c=crc32c-generic
[    3.487436] hctosys: unable to open rtc device (rtc0)
[    3.492598] ALSA device list:
[    3.495561]   No soundcards found.
[    3.706396] random: fast init done
[    3.994776] EXT4-fs (mmcblk0p4): recovery complete
[    4.001090] EXT4-fs (mmcblk0p4): mounted filesystem with ordered data mode. Opts: (null)
[    4.009193] VFS: Mounted root (ext4 filesystem) on device 179:4.
[    4.016396] devtmpfs: mounted
[    4.019819] Freeing unused kernel memory: 1344K
[    4.403967] systemd[1]: System time before build time, advancing clock.
[    4.446328] systemd[1]: systemd 237 running in system mode. (+PAM +AUDIT +SELINUX +IMA +APPARMOR +SMACK +SYSVINIT +UTMP +LIBCRYPTSETUP +GCRYPT +GNUTLS +ACL +XZ +LZ4 +SECCOMP +BLKID +ELFUTILS +KMOD -IDN2 +IDN -PCRE2 default-hierarchy=hybrid)
[    4.471260] systemd[1]: Detected architecture arm64.

Welcome to NXP LSDK 1906 main!

[    4.495529] systemd[1]: Set hostname to <localhost>.
[    4.746357] systemd[1]: File /lib/systemd/system/systemd-journald.service:36 configures an IP firewall (IPAddressDeny=any), but the local system does not support BPF/cgroup based firewalling.
[    4.763408] systemd[1]: Proceeding WITHOUT firewalling in effect! (This warning is only shown for the first loaded unit using IP firewalling.)
[    4.844953] systemd[1]: Configuration file /lib/systemd/system/fmc.service is marked executable. Please remove executable permission bits. Proceeding anyway.
[    4.887091] random: systemd: uninitialized urandom read (16 bytes read)
[    4.893820] systemd[1]: Started Dispatch Password Requests to Console Directory Watch.
[  OK  ] Started Dispatch Password Requests to Console Directory Watch.
[    4.918535] random: systemd: uninitialized urandom read (16 bytes read)
[    4.925210] systemd[1]: Started Forward Password Requests to Wall Directory Watch.
[  OK  ] Started Forward Password Requests to Wall Directory Watch.
[    4.946498] random: systemd: uninitialized urandom read (16 bytes read)
[    4.953125] systemd[1]: Reached target Local Encrypted Volumes.
[  OK  ] Reached target Local Encrypted Volumes.
[    4.974507] systemd[1]: Reached target Swap.
[  OK  ] Reached target Swap.
[  OK  ] Created slice System Slice.
[  OK  ] Listening on /dev/initctl Compatibility Named Pipe.
[  OK  ] Listening on udev Control Socket.
[  OK  ] Listening on fsck to fsckd communication Socket.
[  OK  ] Created slice system-serial\x2dgetty.slice.
[  OK  ] Created slice system-systemd\x2dfsck.slice.
[  OK  ] Listening on Journal Socket.
         Mounting POSIX Message Queue File System...
         Starting Create list of required stce nodes for the current kernel...
         Mounting Kernel Debug File System...
         Mounting Huge Pages File System...
         Starting Load Kernel Modules...
[  OK  ] Created slice User and Session Slice.
[  OK  ] Reached target Slices.
[  OK  ] Listening on udev Kernel Socket.
         Starting udev Coldplug all Devices...
[  OK  ] Listening on Journal Socket (/dev/log).
         Starting Remount Root and Kernel File Systems...
[    5.274933] EXT4-fs (mmcblk0p4): re-mounted. Opts: errors=remount-ro
[  OK  ] Listening on Journal Audit Socket.
[  OK  ] Listening on Syslog Socket.
         Starting Journal Service...
         Starting Set the console keyboard layout...
[  OK  ] Reached target Remote File Systems.
[  OK  ] Reached target Paths.
[  OK  ] Started Journal Service.
[  OK  ] Mounted POSIX Message Queue File System.
[  OK  ] Started Create list of required stavice nodes for the current kernel.
[  OK  ] Mounted Kernel Debug File System.
[  OK  ] Mounted Huge Pages File System.
[  OK  ] Started Load Kernel Modules.
[  OK  ] Started Remount Root and Kernel File Systems.
[  OK  ] Started Set the console keyboard layout.
         Starting Load/Save Random Seed...
         Mounting FUSE Control File System...
         Starting Apply Kernel Variables...
         Mounting Kernel Configuration File System...
         Starting Create Static Device Nodes in /dev...
         Starting Flush Journal to Persistent Storage...
[  OK  ] Started udev Coldplug all Devices.
[  OK  ] Started Load/Save Random Seed.
[  OK  ] Mounted FUSE Control File System.
[  OK  ] Started Apply Kernel Variables.
[  OK  ] Mounted Kernel Configuration File System.
[  OK  ] Started Create Static Device Nodes in /dev.
[  OK  ] Reached target Local File Systems (Pre).
         Starting udev Kernel Device Manager...
[  OK  ] Started udev Kernel Device Manager.
[  OK  ] Found device /dev/ttyS0.
[  OK  ] Started Flush Journal to Persistent Storage.
[  OK  ] Found device /dev/disk/by-uuid/7a9930ea-ff59-4a1b-b9ae-8b8937c43133.
         Starting File System Check on /dev/0ea-ff59-4a1b-b9ae-8b8937c43133...
[  OK  ] Started File System Check Daemon to report status.
[  OK  ] Started File System Check on /dev/d930ea-ff59-4a1b-b9ae-8b8937c43133.
         Mounting /boot...
[  OK  ] Mounted /boot.
[  OK  ] Reached target Local File Systems.
         Starting QEMU KVM preparation - module, ksm, hugepages...
         Starting Raise network interfaces...
         Starting Create Volatile Files and Directories...
         Starting Set console font and keymap...
[  OK  ] Started QEMU KVM preparation - module, ksm, hugepages.
[  OK  ] Started Create Volatile Files and Directories.
[  OK  ] Started Set console font and keymap.
         Starting Update UTMP about System Boot/Shutdown...
         Starting Network Name Resolution...
         Starting Network Time Synchronization...
[  OK  ] Started Update UTMP about System Boot/Shutdown.
[  OK  ] Started Raise network interfaces.
[  OK  ] Started Network Time Synchronization.
[  OK  ] Reached target System Time Synchronized.
[  OK  ] Reached target System Initialization.
[  OK  ] Started Daily Cleanup of Temporary Directories.
[  OK  ] Started Discard unused blocks once a week.
[  OK  ] Listening on D-Bus System Message Bus Socket.
[  OK  ] Started Daily apt download activities.
[  OK  ] Started Daily apt upgrade and clean activities.
         Starting Docker Socket for the API.
[  OK  ] Started Message of the Day.
[  OK  ] Reached target Timers.
[  OK  ] Started Network Name Resolution.
[  OK  ] Listening on Docker Socket for the API.
[  OK  ] Reached target Sockets.
[  OK  ] Reached target Basic System.
         Starting Dispatcher daemon for systemd-networkd...
         Starting LSB: Execute the kexec -e command to reboot system...
[  OK  ] Started D-Bus System Message Bus.
[  OK  ] Started Set the CPU Frequency Scaling governor.
         Starting Login Service...
         Starting Resets System Activity Data Collector...
[  OK  ] Started Regular background program processing daemon.
         Starting System Logging Service...
[  OK  ] Reached target Network.
         Starting vsftpd FTP server...
[  OK  ] Reached target Network is Online.
         Starting LSB: HPA's tftp server...
         Starting NXP Frame Manager Configuration tool...
         Starting Permit User Sessions...
         Starting OpenBSD Secure Shell server...
         Starting containerd container runtime...
[  OK  ] Reached target Host and Network Name Lookups.
[  OK  ] Started System Logging Service.
[  OK  ] Started Resets System Activity Data Collector.
[  OK  ] Started vsftpd FTP server.
[  OK  ] Started Permit User Sessions.
[  OK  ] Started containerd container runtime.
[  OK  ] Started Login Service.
[  OK  ] Started Unattended Upgrades Shutdown.
         Starting Docker Application Container Engine...
[  OK  ] Started Serial Getty on ttyS0.
         Starting Set console scheme...
[  OK  ] Started Set console scheme.
[  OK  ] Started LSB: Execute the kexec -e command to reboot system.
         Starting LSB: Load kernel image with kexec...
[  OK  ] Created slice system-getty.slice.
[  OK  ] Started Getty on tty1.
[  OK  ] Reached target Login Prompts.
[  OK  ] Started Dispatcher daemon for systemd-networkd.
[  OK  ] Started LSB: Load kernel image with kexec.
[  OK  ] Started OpenBSD Secure Shell server.
[  OK  ] Started LSB: HPA's tftp server.
[FAILED] Failed to start NXP Frame Manager Configuration tool.
See 'systemctl status fmc.service' for details.

NXP LSDK 1906 main
localhost login: ROO   o root
Password: 
Last login: Thu Mar  2 12:58:15 UTC 2023 on ttyS0
Welcome to NXP LSDK 1906 main (GNU/Linux 4.14.122-gb9aab3a65-dirty aarch64)

 * Support:        https://www.nxp.com/lsdk
 * Documentation:  https://lsdk.github.io/document
 * Licensing:      https://lsdk.github.io/eula
root@localhost:~# 
root@localhost:~# ifconfig 
lo: flags=73<UP,LOOPBACK,RUNNING>  mtu 65536
        inet 127.0.0.1  netmask 255.0.0.0
        inet6 ::1  prefixlen 128  scopeid 0x10<host>
        loop  txqueuelen 1000  (Local Loopback)
        RX packets 80  bytes 5920 (5.9 KB)
        RX errors 0  dropped 0  overruns 0  frame 0
        TX packets 80  bytes 5920 (5.9 KB)
        TX errors 0  dropped 0 overruns 0  carrier 0  collisions 0

root@localhost:~# ifconfig -a
fm1-mac3: flags=4098<BROADCAST,MULTICAST>  mtu 1500
        ether aa:4e:b8:a9:b5:26  txqueuelen 1000  (Ethernet)
        RX packets 0  bytes 0 (0.0 B)
        RX errors 0  dropped 0  overruns 0  frame 0
        TX packets 0  bytes 0 (0.0 B)
        TX errors 0  dropped 0 overruns 0  carrier 0  collisions 0
        device memory 0x1ae4000-1ae4fff  

fm1-mac4: flags=4098<BROADCAST,MULTICAST>  mtu 1500
        ether 9a:f2:5d:45:81:c8  txqueuelen 1000  (Ethernet)
        RX packets 0  bytes 0 (0.0 B)
        RX errors 0  dropped 0  overruns 0  frame 0
        TX packets 0  bytes 0 (0.0 B)
        TX errors 0  dropped 0 overruns 0  carrier 0  collisions 0
        device memory 0x1ae6000-1ae6fff  

fm1-mac5: flags=4098<BROADCAST,MULTICAST>  mtu 1500
        ether 46:ae:e3:a0:97:54  txqueuelen 1000  (Ethernet)
        RX packets 0  bytes 0 (0.0 B)
        RX errors 0  dropped 0  overruns 0  frame 0
        TX packets 0  bytes 0 (0.0 B)
        TX errors 0  dropped 0 overruns 0  carrier 0  collisions 0
        device memory 0x1ae8000-1ae8fff  

fm1-mac6: flags=4098<BROADCAST,MULTICAST>  mtu 1500
        ether b2:5e:5e:85:45:7e  txqueuelen 1000  (Ethernet)
        RX packets 0  bytes 0 (0.0 B)
        RX errors 0  dropped 0  overruns 0  frame 0
        TX packets 0  bytes 0 (0.0 B)
        TX errors 0  dropped 0 overruns 0  carrier 0  collisions 0
        device memory 0x1aea000-1aeafff  

lo: flags=73<UP,LOOPBACK,RUNNING>  mtu 65536
        inet 127.0.0.1  netmask 255.0.0.0
        inet6 ::1  prefixlen 128  scopeid 0x10<host>
        loop  txqueuelen 1000  (Local Loopback)
        RX packets 80  bytes 5920 (5.9 KB)
        RX errors 0  dropped 0  overruns 0  frame 0
        TX packets 80  bytes 5920 (5.9 KB)
        TX errors 0  dropped 0 overruns 0  carrier 0  collisions 0

sit0: flags=128<NOARP>  mtu 1480
        sit  txqueuelen 1000  (IPv6-in-IPv4)
        RX packets 0  bytes 0 (0.0 B)
        RX errors 0  dropped 0  overruns 0  frame 0
        TX packets 0  bytes 0 (0.0 B)
        TX errors 0  dropped 0 overruns 0  carrier 0  collisions 0

root@localhost:~# ip    ifup dm1   fm1-mac3
Unknown interface fm1-mac3
root@localhost:~# ifup fm1-mac3 fm1-mac3        fm1-mac5
Unknown interface fm1-mac5
root@localhost:~# ifup fm1-mac5c5        
ifup: no interface(s) specified
ifup: Use --help for help
root@localhost:~# ifup --help
Usage: ifup <options> <ifaces...>

Options:
-h, --help             this help
-V, --version          copyright and version information
-a, --all              process all interfaces marked "auto"
--allow CLASS          ignore non-"allow-CLASS" interfaces
-i, --interfaces FILE  use FILE for interface definitions
--state-dir DIR        use DIR to store state information
-X, --exclude PATTERN  exclude interfaces from the list of
                       interfaces to operate on by a PATTERN
-n, --no-act           print out what would happen, but don't do it
                       (note that this option doesn't disable mappings)
-v, --verbose          print out what would happen before doing it
-o OPTION=VALUE        set OPTION to VALUE as though it were in
                       /etc/network/interfaces
--no-mappings          don't run any mappings
--no-scripts           don't run any hook scripts
--no-loopback          don't act specially on the loopback device
--force                force de/configuration
--ignore-errors        ignore errors
root@localhost:~# ifup --help     a
root@localhost:~# ifup -a -alo low
ifup: option '--allow' requires an argument
ifup: Use --help for help
root@localhost:~# ifup --allow          up -v
ifup: no interface(s) specified
ifup: Use --help for help
root@localhost:~# ifup -v ^C
root@localhost:~# ifconfig ^C
root@localhost:~# ifconfig ip addr  |  grep  LOWER_UP^C
root@localhost:~# ip addr  |  grep  LOWER_UP
1: lo: <LOOPBACK,UP,LOWER_UP> mtu 65536 qdisc noqueue state UNKNOWN group default qlen 1000
root@localhost:~# ifconfig fm1-mac3 5 up
root@localhost:~# ifconfig fm1-mac5 upp addr  |  grep  LOWER_UP
1: lo: <LOOPBACK,UP,LOWER_UP> mtu 65536 qdisc noqueue state UNKNOWN group default qlen 1000
root@localhost:~# ip addr  |  grep  LOWER_UP                 
1: lo: <LOOPBACK,UP,LOWER_UP> mtu 65536 qdisc noqueue state UNKNOWN group default qlen 1000
    link/loopback 00:00:00:00:00:00 brd 00:00:00:00:00:00
    inet 127.0.0.1/8 scope host lo
       valid_lft forever preferred_lft forever
    inet6 ::1/128 scope host 
       valid_lft forever preferred_lft forever
2: fm1-mac3: <BROADCAST,MULTICAST> mtu 1500 qdisc noop state DOWN group default qlen 1000
    link/ether aa:4e:b8:a9:b5:26 brd ff:ff:ff:ff:ff:ff
3: fm1-mac4: <BROADCAST,MULTICAST> mtu 1500 qdisc noop state DOWN group default qlen 1000
    link/ether 9a:f2:5d:45:81:c8 brd ff:ff:ff:ff:ff:ff
4: fm1-mac5: <NO-CARRIER,BROADCAST,MULTICAST,UP> mtu 1500 qdisc mq state DOWN group default qlen 1000
    link/ether 46:ae:e3:a0:97:54 brd ff:ff:ff:ff:ff:ff
5: fm1-mac6: <BROADCAST,MULTICAST> mtu 1500 qdisc noop state DOWN group default qlen 1000
    link/ether b2:5e:5e:85:45:7e brd ff:ff:ff:ff:ff:ff
6: sit0@NONE: <NOARP> mtu 1480 qdisc noop state DOWN group default qlen 1000
    link/sit 0.0.0.0 brd 0.0.0.0
root@localhost:~# ethtool eth0 | grep detect fm1-mac5
Link detected: no
root@localhost:~# mii-tool  -w fm1-mac5
SIOCGMIIPHY on 'fm1-mac5' failed: Invalid argument
root@localhost:~# mii-tool  -w fm1-mac5        lo
SIOCGMIIPHY on 'lo' failed: Operation not supported
root@localhost:~# mii-tool  -w lo^C
root@localhost:~# mii-tool  -w losudo 
SIOCGMIIPHY on 'lo' failed: Operation not supported
root@localhost:~# sudo mii-tool  -w loo  fm1-mac5 4 3
SIOCGMIIPHY on 'fm1-mac3' failed: Invalid argument
root@localhost:~# sudo mii-tool  -w fm1-mac3 5
SIOCGMIIPHY on 'fm1-mac5' failed: Invalid argument
root@localhost:~# sudo mii-tool  -w fm1-mac5        eth0
SIOCGMIIPHY on 'eth0' failed: No such device
root@localhost:~# sudo mii-tool  -w eth0fm1-mac5""
SIOCGMIIPHY on 'fm1-mac5' failed: Invalid argument
root@localhost:~# sudo mii-tool  -w "fm1-mac5"          ^C
root@localhost:~# route -n
Kernel IP routing table
Destination     Gateway         Genmask         Flags Metric Ref    Use Iface
172.17.0.0      0.0.0.0         255.255.0.0     U     0      0        0 docker0
root@localhost:~# ifconfig 
docker0: flags=4099<UP,BROADCAST,MULTICAST>  mtu 1500
        inet 172.17.0.1  netmask 255.255.0.0  broadcast 172.17.255.255
        ether 02:42:60:a6:72:05  txqueuelen 0  (Ethernet)
        RX packets 0  bytes 0 (0.0 B)
        RX errors 0  dropped 0  overruns 0  frame 0
        TX packets 0  bytes 0 (0.0 B)
        TX errors 0  dropped 0 overruns 0  carrier 0  collisions 0

fm1-mac5: flags=4099<UP,BROADCAST,MULTICAST>  mtu 1500
        ether 46:ae:e3:a0:97:54  txqueuelen 1000  (Ethernet)
        RX packets 0  bytes 0 (0.0 B)
        RX errors 0  dropped 0  overruns 0  frame 0
        TX packets 0  bytes 0 (0.0 B)
        TX errors 0  dropped 0 overruns 0  carrier 0  collisions 0
        device memory 0x1ae8000-1ae8fff  

lo: flags=73<UP,LOOPBACK,RUNNING>  mtu 65536
        inet 127.0.0.1  netmask 255.0.0.0
        inet6 ::1  prefixlen 128  scopeid 0x10<host>
        loop  txqueuelen 1000  (Local Loopback)
        RX packets 800  bytes 57040 (57.0 KB)
        RX errors 0  dropped 0  overruns 0  frame 0
        TX packets 800  bytes 57040 (57.0 KB)
        TX errors 0  dropped 0 overruns 0  carrier 0  collisions 0

root@localhost:~# ^C
root@localhost:~# ifconfig ^C
root@localhost:~# ip route show
172.17.0.0/16 dev docker0 proto kernel scope link src 172.17.0.1 linkdown 
root@localhost:~# ip link show
1: lo: <LOOPBACK,UP,LOWER_UP> mtu 65536 qdisc noqueue state UNKNOWN mode DEFAULT group default qlen 1000
    link/loopback 00:00:00:00:00:00 brd 00:00:00:00:00:00
2: fm1-mac3: <BROADCAST,MULTICAST> mtu 1500 qdisc noop state DOWN mode DEFAULT group default qlen 1000
    link/ether aa:4e:b8:a9:b5:26 brd ff:ff:ff:ff:ff:ff
3: fm1-mac4: <BROADCAST,MULTICAST> mtu 1500 qdisc noop state DOWN mode DEFAULT group default qlen 1000
    link/ether 9a:f2:5d:45:81:c8 brd ff:ff:ff:ff:ff:ff
4: fm1-mac5: <NO-CARRIER,BROADCAST,MULTICAST,UP> mtu 1500 qdisc mq state DOWN mode DEFAULT group default qlen 1000
    link/ether 46:ae:e3:a0:97:54 brd ff:ff:ff:ff:ff:ff
5: fm1-mac6: <BROADCAST,MULTICAST> mtu 1500 qdisc noop state DOWN mode DEFAULT group default qlen 1000
    link/ether b2:5e:5e:85:45:7e brd ff:ff:ff:ff:ff:ff
6: sit0@NONE: <NOARP> mtu 1480 qdisc noop state DOWN mode DEFAULT group default qlen 1000
    link/sit 0.0.0.0 brd 0.0.0.0
7: docker0: <NO-CARRIER,BROADCAST,MULTICAST,UP> mtu 1500 qdisc noqueue state DOWN mode DEFAULT group default 
    link/ether 02:42:60:a6:72:05 brd ff:ff:ff:ff:ff:ff
root@localhost:~# lscap   pci
0000:00:00.0 PCI bridge: Freescale Semiconductor Inc Device 81c0 (rev 10)
0001:00:00.0 PCI bridge: Freescale Semiconductor Inc Device 81c0 (rev 10)
0002:00:00.0 PCI bridge: Freescale Semiconductor Inc Device 81c0 (rev 10)
root@localhost:~# ip link set eth0 upfm1-mac3
root@localhost:~# ip link set fm1-mac3 uproot@localhost:~# lspciip link showroute showlink show
1: lo: <LOOPBACK,UP,LOWER_UP> mtu 65536 qdisc noqueue state UNKNOWN mode DEFAULT group default qlen 1000
    link/loopback 00:00:00:00:00:00 brd 00:00:00:00:00:00
2: fm1-mac3: <NO-CARRIER,BROADCAST,MULTICAST,UP> mtu 1500 qdisc mq state DOWN mode DEFAULT group default qlen 1000
    link/ether aa:4e:b8:a9:b5:26 brd ff:ff:ff:ff:ff:ff
3: fm1-mac4: <BROADCAST,MULTICAST> mtu 1500 qdisc noop state DOWN mode DEFAULT group default qlen 1000
    link/ether 9a:f2:5d:45:81:c8 brd ff:ff:ff:ff:ff:ff
4: fm1-mac5: <NO-CARRIER,BROADCAST,MULTICAST,UP> mtu 1500 qdisc mq state DOWN mode DEFAULT group default qlen 1000
    link/ether 46:ae:e3:a0:97:54 brd ff:ff:ff:ff:ff:ff
5: fm1-mac6: <BROADCAST,MULTICAST> mtu 1500 qdisc noop state DOWN mode DEFAULT group default qlen 1000
    link/ether b2:5e:5e:85:45:7e brd ff:ff:ff:ff:ff:ff
6: sit0@NONE: <NOARP> mtu 1480 qdisc noop state DOWN mode DEFAULT group default qlen 1000
    link/sit 0.0.0.0 brd 0.0.0.0
7: docker0: <NO-CARRIER,BROADCAST,MULTICAST,UP> mtu 1500 qdisc noqueue state DOWN mode DEFAULT group default 
    link/ether 02:42:60:a6:72:05 brd ff:ff:ff:ff:ff:ff
root@localhost:~# ip link set
Not enough information: "dev" argument is required.
root@localhost:~# ip link set fm1-mac3 up
root@localhost:~# ip link set fm1-mac3 uphow
1: lo: <LOOPBACK,UP,LOWER_UP> mtu 65536 qdisc noqueue state UNKNOWN mode DEFAULT group default qlen 1000
    link/loopback 00:00:00:00:00:00 brd 00:00:00:00:00:00
2: fm1-mac3: <NO-CARRIER,BROADCAST,MULTICAST,UP> mtu 1500 qdisc mq state DOWN mode DEFAULT group default qlen 1000
    link/ether aa:4e:b8:a9:b5:26 brd ff:ff:ff:ff:ff:ff
3: fm1-mac4: <BROADCAST,MULTICAST> mtu 1500 qdisc noop state DOWN mode DEFAULT group default qlen 1000
    link/ether 9a:f2:5d:45:81:c8 brd ff:ff:ff:ff:ff:ff
4: fm1-mac5: <NO-CARRIER,BROADCAST,MULTICAST,UP> mtu 1500 qdisc mq state DOWN mode DEFAULT group default qlen 1000
    link/ether 46:ae:e3:a0:97:54 brd ff:ff:ff:ff:ff:ff
5: fm1-mac6: <BROADCAST,MULTICAST> mtu 1500 qdisc noop state DOWN mode DEFAULT group default qlen 1000
    link/ether b2:5e:5e:85:45:7e brd ff:ff:ff:ff:ff:ff
6: sit0@NONE: <NOARP> mtu 1480 qdisc noop state DOWN mode DEFAULT group default qlen 1000
    link/sit 0.0.0.0 brd 0.0.0.0
7: docker0: <NO-CARRIER,BROADCAST,MULTICAST,UP> mtu 1500 qdisc noqueue state DOWN mode DEFAULT group default 
    link/ether 02:42:60:a6:72:05 brd ff:ff:ff:ff:ff:ff
root@localhost:~# ip link showet fm1-mac3 up34
root@localhost:~# ip link set fm1-mac4 uphow
1: lo: <LOOPBACK,UP,LOWER_UP> mtu 65536 qdisc noqueue state UNKNOWN mode DEFAULT group default qlen 1000
    link/loopback 00:00:00:00:00:00 brd 00:00:00:00:00:00
2: fm1-mac3: <NO-CARRIER,BROADCAST,MULTICAST,UP> mtu 1500 qdisc mq state DOWN mode DEFAULT group default qlen 1000
    link/ether aa:4e:b8:a9:b5:26 brd ff:ff:ff:ff:ff:ff
3: fm1-mac4: <NO-CARRIER,BROADCAST,MULTICAST,UP> mtu 1500 qdisc mq state DOWN mode DEFAULT group default qlen 1000
    link/ether 9a:f2:5d:45:81:c8 brd ff:ff:ff:ff:ff:ff
4: fm1-mac5: <NO-CARRIER,BROADCAST,MULTICAST,UP> mtu 1500 qdisc mq state DOWN mode DEFAULT group default qlen 1000
    link/ether 46:ae:e3:a0:97:54 brd ff:ff:ff:ff:ff:ff
5: fm1-mac6: <BROADCAST,MULTICAST> mtu 1500 qdisc noop state DOWN mode DEFAULT group default qlen 1000
    link/ether b2:5e:5e:85:45:7e brd ff:ff:ff:ff:ff:ff
6: sit0@NONE: <NOARP> mtu 1480 qdisc noop state DOWN mode DEFAULT group default qlen 1000
    link/sit 0.0.0.0 brd 0.0.0.0
7: docker0: <NO-CARRIER,BROADCAST,MULTICAST,UP> mtu 1500 qdisc noqueue state DOWN mode DEFAULT group default 
    link/ether 02:42:60:a6:72:05 brd ff:ff:ff:ff:ff:ff
root@localhost:~# NOTICE:  Fixed DDR on board

NOTICE:  4 GB DDR4, 64-bit, CL=15, ECC on
NOTICE:  BL2: v1.5(release):LSDK-19.06
NOTICE:  BL2: Built : 23:49:18, Nov  1 2023
NOTICE:  BL2: Booting BL31NOTICE:  BL31: v1.5(release):LSDK-19.06
NOTICE:  BL31: Built : 23:49:31, Nov  1 2023
NOTICE:  Welcome to LS1046 BL31 Phase


U-Boot 2019.04-gafd8bf0-dirty (Oct 31 2023 - 20:19:14 -0700)

SoC:  LS1046AE Rev1.0 (0x87070010)
Clock Configuration:
       CPU0(A72):1800 MHz  CPU1(A72):1800 MHz  CPU2(A72):1800 MHz  
       CPU3(A72):1800 MHz  
       Bus:      700  MHz  DDR:      2100 MT/s  FMAN:     800  MHz
Reset Configuration Word (RCW):
       00000000: 0e150012 10000000 00000000 00000000
       00000010: 33335559 00005012 60040000 c1000000
       00000020: 00000000 00000000 00000000 00238900
       00000030: 20124000 00003101 00000096 00000001
Model: GIE LS1046A FRWY Board
Board: LS1046AFRWY, Rev: A, boot from SD
SD1_CLK1 = 100.00MHZ, SD1_CLK2 = 100.00MHZ
I2C:   ready
DRAM:  3.9 GiB (DDR4, 64-bit, CL=15, ECC on)
SEC0: RNG instantiated
PCA: failed to select proper channel
Using SERDES1 Protocol: 13107 (0x3333)
Using SERDES2 Protocol: 21849 (0x5559)
FM1_DTSEC3 enet_if PHY_INTERFACE_MODE_RGMII_TXID
FM1_DTSEC4 enet_if PHY_INTERFACE_MODE_RGMII_TXID
FM1_DTSEC2/5/6/9/10 enet_if PHY_INTERFACE_MODE_SGMII
FM1_DTSEC2/5/6/9/10 enet_if PHY_INTERFACE_MODE_SGMII
FM1_DTSEC2/5/6/9/10 enet_if PHY_INTERFACE_MODE_SGMII
FM1_DTSEC2/5/6/9/10 enet_if PHY_INTERFACE_MODE_SGMII
NAND:  512 MiB
MMC:   FSL_SDHC: 0
Loading Environment from MMC... OK
EEPROM: Read failed.
In:    serial
Out:   serial
Err:   serial
Net:   phy_realtek_init
****switch 0x3333****fm_info_get_phy_address(0):0,
fm_info_get_phy_address(1):0,
fm_info_get_phy_address(2):1,
fm_info_get_phy_address(3):2,
fm_info_get_phy_address(4):4,
fm_info_get_phy_address(5):5,
fm_info_get_phy_address(6):3,
fm_info_get_phy_address(7):0,
fm_info_get_phy_address(8):0,
fm_info_get_phy_address(9):0,

MMC read: dev # 0, block # 18432, count 128 ...
Fman1: Uploading microcode version 106.4.18
phy_read reg:0
phy_read reg:0
phy_read reg:65535
PHY reset timed out
reg:65535
phy_read reg:65535
PHY reset timed out
reg:65535
phy_read reg:65535
PHY reset timed out
reg:65535
PCIe0: pcie@3400000 Root Complex: no link
PCIe1: pcie@3500000 Root Complex: no link
PCIe2: pcie@3600000 Root Complex: no link
FM1@DTSEC3 [PRIME]ETH_STATE_INIT
, FM1@DTSEC4ETH_STATE_INIT
, FM1@DTSEC5ETH_STATE_INIT
, FM1@DTSEC6ETH_STATE_INIT
, FM1@DTSEC9ETH_STATE_INIT
, FM1@DTSEC10ETH_STATE_INIT

Hit any key to stop autoboot:  5  4  3  2  1  0 
scanning bus for devices...
Target spinup took 0 ms.
AHCI 0001.0301 32 slots 1 ports 6 Gbps 0x1 impl SATA mode
flags: 64bit ncq pm clo only pmp fbss pio slum part ccc apst 
  Device 0: (0:0) Vendor: ATA Prod.: Lenovo SSD SL700 Rev: W022
            Type: Hard Disk
            Capacity: 122104.3 MB = 119.2 GB (250069680 x 512)

Device 0: (0:0) Vendor: ATA Prod.: Lenovo SSD SL700 Rev: W022
            Type: Hard Disk
            Capacity: 122104.3 MB = 119.2 GB (250069680 x 512)
... is now current device
Scanning scsi 0:1...
switch to partitions #0, OK
mmc0 is current device
Scanning mmc 0:1...
Scanning mmc 0:2...
Found U-Boot script /ls1046afrwy_boot.scr
968 bytes read in 5 ms (188.5 KiB/s)
## Executing script at 80000000
22727168 bytes read in 1095 ms (19.8 MiB/s)
33048 bytes read in 10 ms (3.2 MiB/s)
## Flattened Device Tree blob at 90000000
   Booting using the fdt blob at 0x90000000
   Using Device Tree in place at 0000000090000000, end 000000009001b117
WARNING failed to get smmu node: FDT_ERR_NOTFOUND
WARNING failed to get smmu node: FDT_ERR_NOTFOUND

Starting kernel ...

[    0.000000] Booting Linux on physical CPU 0x0
[    0.000000] Linux version 4.14.122-gb9aab3a65-dirty (root@ubuntu) (gcc version 7.5.0 (Ubuntu/Linaro 7.5.0-3ubuntu1~18.04)) #1 SMP PREEMPT Tue Oct 31 00:29:36 PDT 2023
[    0.000000] Boot CPU: AArch64 Processor [410fd082]
[    0.000000] Machine model: LS1046A FRWY Board
[    0.000000] earlycon: uart8250 at MMIO 0x00000000021c0500 (options '')
[    0.000000] bootconsole [uart8250] enabled
[    0.000000] efi: Getting EFI parameters from FDT:
[    0.000000] efi: UEFI not found.
[    0.000000] OF: reserved mem: initialized node qman-fqd, compatible id fsl,qman-fqd
[    0.000000] OF: reserved mem: initialized node qman-pfdr, compatible id fsl,qman-pfdr
[    0.000000] OF: reserved mem: initialized node bman-fbpr, compatible id fsl,bman-fbpr
[    0.000000] cma: Reserved 16 MiB at 0x00000000fac00000
[    0.000000] NUMA: No NUMA configuration found
[    0.000000] NUMA: Faking a node at [mem 0x0000000000000000-0x00000008ff7fffff]
[    0.000000] NUMA: NODE_DATA [mem 0x8ff7bfd00-0x8ff7c14bf]
[    0.000000] Zone ranges:
[    0.000000]   DMA      [mem 0x0000000080000000-0x00000000ffffffff]
[    0.000000]   Normal   [mem 0x0000000100000000-0x00000008ff7fffff]
[    0.000000] Movable zone start for each node
[    0.000000] Early memory node ranges
[    0.000000]   node   0: [mem 0x0000000080000000-0x00000000fbdfffff]
[    0.000000]   node   0: [mem 0x0000000880000000-0x00000008fbffffff]
[    0.000000]   node   0: [mem 0x00000008ff000000-0x00000008ff7fffff]
[    0.000000] Initmem setup node 0 [mem 0x0000000080000000-0x00000008ff7fffff]
[    0.000000] psci: probing for conduit method from DT.
[    0.000000] psci: PSCIv1.1 detected in firmware.
[    0.000000] psci: Using standard PSCI v0.2 function IDs
[    0.000000] psci: MIGRATE_INFO_TYPE not supported.
[    0.000000] psci: SMC Calling Convention v1.1
[    0.000000] percpu: Embedded 25 pages/cpu s62040 r8192 d32168 u102400
[    0.000000] Detected PIPT I-cache on CPU0
[    0.000000] Speculative Store Bypass Disable mitigation not required
[    0.000000] Built 1 zonelists, mobility grouping on.  Total pages: 1001184
[    0.000000] Policy zone: Normal
[    0.000000] Kernel command line: console=ttyS0,115200 earlycon=uart8250,mmio,0x21c0500 root=PARTUUID=d5e63183-04 rw rootwait
[    0.000000] PID hash table entries: 4096 (order: 3, 32768 bytes)
[    0.000000] software IO TLB: mapped [mem 0xf6c00000-0xfac00000] (64MB)
[    0.000000] Memory: 3897572K/4069376K available (13692K kernel code, 1458K rwdata, 5640K rodata, 1344K init, 929K bss, 155420K reserved, 16384K cma-reserved)
[    0.000000] Virtual kernel memory layout:
[    0.000000]     modules : 0xffff000000000000 - 0xffff000008000000   (   128 MB)
[    0.000000]     vmalloc : 0xffff000008000000 - 0xffff7dffbfff0000   (129022 GB)
[    0.000000]       .text : 0xffff000008080000 - 0xffff000008de0000   ( 13696 KB)
[    0.000000]     .rodata : 0xffff000008de0000 - 0xffff000009370000   (  5696 KB)
[    0.000000]       .init : 0xffff000009370000 - 0xffff0000094c0000   (  1344 KB)
[    0.000000]       .data : 0xffff0000094c0000 - 0xffff00000962ca00   (  1459 KB)
[    0.000000]        .bss : 0xffff00000962ca00 - 0xffff000009714e20   (   930 KB)
[    0.000000]     fixed   : 0xffff7dfffe7f9000 - 0xffff7dfffec00000   (  4124 KB)
[    0.000000]     PCI I/O : 0xffff7dfffee00000 - 0xffff7dffffe00000   (    16 MB)
[    0.000000]     vmemmap : 0xffff7e0000000000 - 0xffff800000000000   (  2048 GB maximum)
[    0.000000]               0xffff7e0000000000 - 0xffff7e0021fe0000   (   543 MB actual)
[    0.000000]     memory  : 0xffff800000000000 - 0xffff80087f800000   ( 34808 MB)
[    0.000000] Preemptible hierarchical RCU implementation.
[    0.000000] RCU restricting CPUs from NR_CPUS=64 to nr_cpu_ids=4.
[    0.000000] Tasks RCU enabled.
[    0.000000] RCU: Adjusting geometry for rcu_fanout_leaf=16, nr_cpu_ids=4
[    0.000000] NR_IRQS: 64, nr_irqs: 64, preallocated irqs: 0
[    0.000000] GIC: Adjusting CPU interface base to 0x000000000142f000
[    0.000000] GIC: Using split EOI/Deactivate mode
[    0.000000] arch_timer: cp15 timer(s) running at 25.00MHz (phys).
[    0.000000] clocksource: arch_sys_counter: mask: 0xffffffffffffff max_cycles: 0x5c40939b5, max_idle_ns: 440795202646 ns
[    0.000001] sched_clock: 56 bits at 25MHz, resolution 40ns, wraps every 4398046511100ns
[    0.008344] Console: colour dummy device 80x25
[    0.012831] Calibrating delay loop (skipped), value calculated using timer frequency.. 50.00 BogoMIPS (lpj=100000)
[    0.023240] pid_max: default: 32768 minimum: 301
[    0.027922] Security Framework initialized
[    0.033051] Dentry cache hash table entries: 524288 (order: 10, 4194304 bytes)
[    0.040853] Inode-cache hash table entries: 262144 (order: 9, 2097152 bytes)
[    0.047966] Mount-cache hash table entries: 8192 (order: 4, 65536 bytes)
[    0.054718] Mountpoint-cache hash table entries: 8192 (order: 4, 65536 bytes)
[    0.077918] ASID allocator initialised with 32768 entries
[    0.091353] Hierarchical SRCU implementation.
[    0.104167] EFI services will not be available.
[    0.116727] smp: Bringing up secondary CPUs ...
[    0.149394] Detected PIPT I-cache on CPU1
[    0.149416] CPU1: Booted secondary processor [410fd082]
[    0.177403] Detected PIPT I-cache on CPU2
[    0.177416] CPU2: Booted secondary processor [410fd082]
[    0.205427] Detected PIPT I-cache on CPU3
[    0.205439] CPU3: Booted secondary processor [410fd082]
[    0.205467] smp: Brought up 1 node, 4 CPUs
[    0.237409] SMP: Total of 4 processors activated.
[    0.242141] CPU features: detected feature: 32-bit EL0 Support
[    0.248004] CPU features: detected feature: Kernel page table isolation (KPTI)
[    0.259407] CPU: All CPU(s) started at EL2
[    0.263528] alternatives: patching kernel code
[    0.268488] devtmpfs: initialized
[    0.274055] random: get_random_u32 called from bucket_table_alloc+0x108/0x258 with crng_init=0
[    0.282886] clocksource: jiffies: mask: 0xffffffff max_cycles: 0xffffffff, max_idle_ns: 7645041785100000 ns
[    0.292694] futex hash table entries: 1024 (order: 4, 65536 bytes)
[    0.299166] xor: measuring software checksum speed
[    0.343999]    8regs     :  7630.000 MB/sec
[    0.388216]    8regs_prefetch:  6687.000 MB/sec
[    0.432783]    32regs    :  7681.000 MB/sec
[    0.477000]    32regs_prefetch:  7242.000 MB/sec
[    0.481638] xor: using function: 32regs (7681.000 MB/sec)
[    0.487063] pinctrl core: initialized pinctrl subsystem
[    0.492849] DMI not present or invalid.
[    0.496843] NET: Registered protocol family 16
[    0.505324] cpuidle: using governor menu
[    0.509454] Bman ver:0a02,02,01
[    0.514471] qman-fqd addr 0x00000008ff800000 size 0x800000
[    0.520004] qman-pfdr addr 0x00000008fc000000 size 0x2000000
[    0.525697] Qman ver:0a01,03,02,01
[    0.529177] vdso: 2 pages (1 code @ ffff000008de6000, 1 data @ ffff0000094c5000)
[    0.536650] hw-breakpoint: found 6 breakpoint and 4 watchpoint registers.
[    0.543859] DMA: preallocated 256 KiB pool for atomic allocations
[    0.550150] Serial: AMBA PL011 UART driver
[    0.557455] Machine: LS1046A FRWY Board
[    0.561317] SoC family: QorIQ LS1046A
[    0.564990] SoC ID: svr:0x87070010, Revision: 1.0
[    0.581019] HugeTLB registered 2.00 MiB page size, pre-allocated 0 pages
[    0.653419] raid6: int64x1  gen()  1186 MB/s
[    0.725448] raid6: int64x1  xor()   913 MB/s
[    0.797475] raid6: int64x2  gen()  1877 MB/s
[    0.869491] raid6: int64x2  xor()  1462 MB/s
[    0.941539] raid6: int64x4  gen()  2656 MB/s
[    1.013555] raid6: int64x4  xor()  1648 MB/s
[    1.085599] raid6: int64x8  gen()  2367 MB/s
[    1.157624] raid6: int64x8  xor()  1611 MB/s
[    1.229659] raid6: neonx1   gen()  2242 MB/s
[    1.301677] raid6: neonx1   xor()  2293 MB/s
[    1.373704] raid6: neonx2   gen()  3465 MB/s
[    1.445731] raid6: neonx2   xor()  3198 MB/s
[    1.517770] raid6: neonx4   gen()  4616 MB/s
[    1.589791] raid6: neonx4   xor()  3360 MB/s
[    1.661829] raid6: neonx8   gen()  4388 MB/s
[    1.733858] raid6: neonx8   xor()  3734 MB/s
[    1.738146] raid6: using algorithm neonx4 gen() 4616 MB/s
[    1.743570] raid6: .... xor() 3360 MB/s, rmw enabled
[    1.748557] raid6: using neon recovery algorithm
[    1.753507] ACPI: Interpreter disabled.
[    1.758902] vgaarb: loaded
[    1.761738] SCSI subsystem initialized
[    1.765730] usbcore: registered new interface driver usbfs
[    1.771264] usbcore: registered new interface driver hub
[    1.776687] usbcore: registered new device driver usb
[    1.782057] imx-i2c 2180000.i2c: scl-gpios not found
[    1.787153] i2c i2c-0: using dma0chan16 (tx) and dma0chan17 (rx) for DMA transfers
[    1.794772] i2c i2c-0: IMX I2C adapter registered
[    1.799996] pps_core: LinuxPPS API ver. 1 registered
[    1.804987] pps_core: Software ver. 5.3.6 - Copyright 2005-2007 Rodolfo Giometti <giometti@linux.it>
[    1.814180] PTP clock support registered
[    1.818246] EDAC MC: Ver: 3.0.0
[    1.821505] dmi: Firmware registration failed.
[    1.826001] bman-fbpr addr 0x00000008fe000000 size 0x1000000
[    1.831706] Bman err interrupt handler present
[    1.836504] Bman portal initialised, cpu 0
[    1.840672] Bman portal initialised, cpu 1
[    1.844842] Bman portal initialised, cpu 2
[    1.849008] Bman portal initialised, cpu 3
[    1.853123] Bman portals initialised
[    1.857477] Qman err interrupt handler present
[    1.862294] QMan: Allocated lookup table at ffff00000b3d5000, entry count 131073
[    1.870042] Qman portal initialised, cpu 0
[    1.874203] Qman portal initialised, cpu 1
[    1.878362] Qman portal initialised, cpu 2
[    1.882525] Qman portal initialised, cpu 3
[    1.886640] Qman portals initialised
[    1.890273] Bman: BPID allocator includes range 32:32
[    1.895379] Qman: FQID allocator includes range 256:256
[    1.900630] Qman: FQID allocator includes range 32768:32768
[    1.906263] Qman: CGRID allocator includes range 0:256
[    1.911552] Qman: pool channel allocator includes range 1025:15
[    1.917565] No USDPAA memory, no 'fsl,usdpaa-mem' in device-tree
[    1.923728] fsl-ifc 1530000.ifc: Freescale Integrated Flash Controller
[    1.930299] fsl-ifc 1530000.ifc: IFC version 1.4, 8 banks
[    1.935893] Advanced Linux Sound Architecture Driver Initialized.
[    1.942293] clocksource: Switched to clocksource arch_sys_counter
[    1.948481] VFS: Disk quotas dquot_6.6.0
[    1.952448] VFS: Dquot-cache hash table entries: 512 (order 0, 4096 bytes)
[    1.959408] pnp: PnP ACPI: disabled
[    1.965606] NET: Registered protocol family 2
[    1.970234] TCP established hash table entries: 32768 (order: 6, 262144 bytes)
[    1.977651] TCP bind hash table entries: 32768 (order: 7, 524288 bytes)
[    1.984613] TCP: Hash tables configured (established 32768 bind 32768)
[    1.991221] UDP hash table entries: 2048 (order: 4, 65536 bytes)
[    1.997328] UDP-Lite hash table entries: 2048 (order: 4, 65536 bytes)
[    2.003889] NET: Registered protocol family 1
[    2.008382] RPC: Registered named UNIX socket transport module.
[    2.014336] RPC: Registered udp transport module.
[    2.019064] RPC: Registered tcp transport module.
[    2.023791] RPC: Registered tcp NFSv4.1 backchannel transport module.
[    2.030599] hw perfevents: enabled with armv8_cortex_a72 PMU driver, 7 counters available
[    2.039037] kvm [1]: 8-bit VMID
[    2.042802] kvm [1]: vgic interrupt IRQ1
[    2.046790] kvm [1]: Hyp mode initialized successfully
[    2.053117] audit: initializing netlink subsys (disabled)
[    2.058586] audit: type=2000 audit(1.996:1): state=initialized audit_enabled=0 res=1
[    2.058728] workingset: timestamp_bits=44 max_order=20 bucket_order=0
[    2.073082] squashfs: version 4.0 (2009/01/31) Phillip Lougher
[    2.079041] NFS: Registering the id_resolver key type
[    2.084128] Key type id_resolver registered
[    2.088330] Key type id_legacy registered
[    2.092361] nfs4filelayout_init: NFSv4 File Layout Driver Registering...
[    2.099146] fuse init (API version 7.26)
[    2.103141] 9p: Installing v9fs 9p2000 file system support
[    2.109735] Block layer SCSI generic (bsg) driver version 0.4 loaded (major 245)
[    2.117210] io scheduler noop registered
[    2.121166] io scheduler cfq registered (default)
[    2.125893] io scheduler mq-deadline registered
[    2.130446] io scheduler kyber registered
[    2.140103] OF: PCI: host bridge /soc/pcie@3400000 ranges:
[    2.145626] OF: PCI:    IO 0x4000010000..0x400001ffff -> 0x00000000
[    2.151932] OF: PCI:   MEM 0x4040000000..0x407fffffff -> 0x40000000
[    2.158331] layerscape-pcie 3400000.pcie: PCI host bridge to bus 0000:00
[    2.165070] pci_bus 0000:00: root bus resource [bus 00-ff]
[    2.170586] pci_bus 0000:00: root bus resource [io  0x0000-0xffff]
[    2.176800] pci_bus 0000:00: root bus resource [mem 0x4040000000-0x407fffffff] (bus address [0x40000000-0x7fffffff])
[    2.187554] pci 0000:00:00.0: BAR 6: assigned [mem 0x4040000000-0x40400007ff pref]
[    2.195168] pci 0000:00:00.0: PCI bridge to [bus 01-ff]
[    2.200524] pcieport 0000:00:00.0: Signaling PME with IRQ 68
[    2.206266] pcieport 0000:00:00.0: AER enabled with IRQ 69
[    2.211868] OF: PCI: host bridge /soc/pcie@3500000 ranges:
[    2.217387] OF: PCI:    IO 0x4800010000..0x480001ffff -> 0x00000000
[    2.223691] OF: PCI:   MEM 0x4840000000..0x487fffffff -> 0x40000000
[    2.230053] layerscape-pcie 3500000.pcie: PCI host bridge to bus 0001:00
[    2.236793] pci_bus 0001:00: root bus resource [bus 00-ff]
[    2.242308] pci_bus 0001:00: root bus resource [io  0x10000-0x1ffff] (bus address [0x0000-0xffff])
[    2.251320] pci_bus 0001:00: root bus resource [mem 0x4840000000-0x487fffffff] (bus address [0x40000000-0x7fffffff])
[    2.262050] pci 0001:00:00.0: BAR 6: assigned [mem 0x4840000000-0x48400007ff pref]
[    2.269666] pci 0001:00:00.0: PCI bridge to [bus 01-ff]
[    2.275001] pcieport 0001:00:00.0: Signaling PME with IRQ 70
[    2.280742] pcieport 0001:00:00.0: AER enabled with IRQ 71
[    2.286344] OF: PCI: host bridge /soc/pcie@3600000 ranges:
[    2.291863] OF: PCI:    IO 0x5000010000..0x500001ffff -> 0x00000000
[    2.298166] OF: PCI:   MEM 0x5040000000..0x507fffffff -> 0x40000000
[    2.304529] layerscape-pcie 3600000.pcie: PCI host bridge to bus 0002:00
[    2.311269] pci_bus 0002:00: root bus resource [bus 00-ff]
[    2.316784] pci_bus 0002:00: root bus resource [io  0x20000-0x2ffff] (bus address [0x0000-0xffff])
[    2.325795] pci_bus 0002:00: root bus resource [mem 0x5040000000-0x507fffffff] (bus address [0x40000000-0x7fffffff])
[    2.336525] pci 0002:00:00.0: BAR 6: assigned [mem 0x5040000000-0x50400007ff pref]
[    2.344141] pci 0002:00:00.0: PCI bridge to [bus 01-ff]
[    2.349479] pcieport 0002:00:00.0: Signaling PME with IRQ 72
[    2.355223] pcieport 0002:00:00.0: AER enabled with IRQ 73
[    2.364402] Freescale LS2 console driver
[    2.368394] fsl-ls2-console: device fsl_mc_console registered
[    2.374206] fsl-ls2-console: device fsl_aiop_console registered
[    2.383266] Serial: 8250/16550 driver, 4 ports, IRQ sharing enabled
[    2.390708] console [ttyS0] disabled
[    2.394371] 21c0500.serial: ttyS0 at MMIO 0x21c0500 (irq = 38, base_baud = 21875000) is a 16550A
[    2.403220] console [ttyS0] enabled
[    2.403220] console [ttyS0] enabled
[    2.410206] bootconsole [uart8250] disabled
[    2.410206] bootconsole [uart8250] disabled
[    2.418812] 21c0600.serial: ttyS1 at MMIO 0x21c0600 (irq = 38, base_baud = 21875000) is a 16550A
[    2.427808] 21d0500.serial: ttyS2 at MMIO 0x21d0500 (irq = 39, base_baud = 21875000) is a 16550A
[    2.436794] 21d0600.serial: ttyS3 at MMIO 0x21d0600 (irq = 39, base_baud = 21875000) is a 16550A
[    2.445986] SuperH (H)SCI(F) driver initialized
[    2.450860] msm_serial: driver initialized
[    2.459846] brd: module loaded
[    2.465332] loop: module loaded
[    2.469763] ahci-qoriq 3200000.sata: AHCI 0001.0301 32 slots 1 ports 6 Gbps 0x1 impl platform mode
[    2.478727] ahci-qoriq 3200000.sata: flags: 64bit ncq sntf pm clo only pmp fbs pio slum part ccc sds apst 
[    2.488656] scsi host0: ahci-qoriq
[    2.492127] ata1: SATA max UDMA/133 mmio [mem 0x03200000-0x0320ffff] port 0x100 irq 50
[    2.500868] fsl-quadspi 1550000.quadspi: unrecognized JEDEC id bytes: ff, ff, ff
[    2.508308] fsl-quadspi 1550000.quadspi: Freescale QuadSPI probe failed
[    2.514931] fsl-quadspi: probe of 1550000.quadspi failed with error -2
[    2.522986] libphy: Fixed MDIO Bus: probed
[    2.527522] tun: Universal TUN/TAP device driver, 1.6
[    2.533277] libphy: Freescale XGMAC MDIO Bus: probed
[    2.538742] libphy: Freescale XGMAC MDIO Bus: probed
[    2.543814] libphy: Freescale XGMAC MDIO Bus: probed
[    2.548947] libphy: Freescale XGMAC MDIO Bus: probed
[    2.554062] libphy: Freescale XGMAC MDIO Bus: probed
[    2.559193] libphy: Freescale XGMAC MDIO Bus: probed
[    2.564311] libphy: Freescale XGMAC MDIO Bus: probed
[    2.569428] libphy: Freescale XGMAC MDIO Bus: probed
[    2.574545] libphy: Freescale XGMAC MDIO Bus: probed
[    2.579686] libphy: Freescale XGMAC MDIO Bus: probed
[    2.593373] Freescale FM module, FMD API version 21.1.0
[    2.600691] Freescale FM Ports module
[    2.604355] fsl_mac: fsl_mac: FSL FMan MAC API based driver
[    2.610131] fsl_mac 1ae4000.ethernet: FMan MEMAC
[    2.614750] fsl_mac 1ae4000.ethernet: FMan MAC address: aa:4e:b8:a9:b5:26
[    2.621640] fsl_mac 1ae6000.ethernet: FMan MEMAC
[    2.626257] fsl_mac 1ae6000.ethernet: FMan MAC address: 9a:f2:5d:45:81:c8
[    2.633186] fsl_mac 1ae8000.ethernet: FMan MEMAC
[    2.637803] fsl_mac 1ae8000.ethernet: FMan MAC address: 46:ae:e3:a0:97:54
[    2.644737] fsl_mac 1aea000.ethernet: FMan MEMAC
[    2.649354] fsl_mac 1aea000.ethernet: FMan MAC address: b2:5e:5e:85:45:7e
[    2.656184] fsl_mac 1af0000.ethernet: of_get_mac_address(/soc/fman@1a00000/ethernet@f0000) failed
[    2.665061] fsl_mac: probe of 1af0000.ethernet failed with error -22
[    2.671444] fsl_mac 1af2000.ethernet: of_get_mac_address(/soc/fman@1a00000/ethernet@f2000) failed
[    2.680319] fsl_mac: probe of 1af2000.ethernet failed with error -22
[    2.686689] fsl_dpa: FSL DPAA Ethernet driver
[    2.693766] fsl_dpa: fsl_dpa: Probed interface eth0
[    2.701290] fsl_dpa: fsl_dpa: Probed interface eth1
[    2.709072] fsl_dpa: fsl_dpa: Probed interface eth2
[    2.717285] fsl_dpa: fsl_dpa: Probed interface eth3
[    2.722474] fsl_dpa soc:fsl,dpaa:ethernet@8: dev_get_drvdata(1af0000.ethernet) failed
[    2.730311] fsl_dpa: probe of soc:fsl,dpaa:ethernet@8 failed with error -22
[    2.737319] fsl_dpa soc:fsl,dpaa:ethernet@9: dev_get_drvdata(1af2000.ethernet) failed
[    2.745151] fsl_dpa: probe of soc:fsl,dpaa:ethernet@9 failed with error -22
[    2.752127] fsl_advanced: FSL DPAA Advanced drivers:
[    2.757107] fsl_proxy: FSL DPAA Proxy initialization driver
[    2.762824] fsl_oh: FSL FMan Offline Parsing port driver
[    2.768469] e1000: Intel(R) PRO/1000 Network Driver - version 7.3.21-k8-NAPI
[    2.775515] e1000: Copyright (c) 1999-2006 Intel Corporation.
[    2.781285] e1000e: Intel(R) PRO/1000 Network Driver - 3.2.6-k
[    2.787115] e1000e: Copyright(c) 1999 - 2015 Intel Corporation.
[    2.793048] igb: Intel(R) Gigabit Ethernet Network Driver - version 5.4.0-k
[    2.800007] igb: Copyright (c) 2007-2014 Intel Corporation.
[    2.805591] igbvf: Intel(R) Gigabit Virtual Function Network Driver - version 2.4.0-k
[    2.813418] igbvf: Copyright (c) 2009 - 2012 Intel Corporation.
[    2.819611] sky2: driver version 1.30
[    2.823867] VFIO - User Level meta-driver version: 0.3
[    2.830647] ehci_hcd: USB 2.0 'Enhanced' Host Controller (EHCI) Driver
[    2.837173] ehci-pci: EHCI PCI platform driver
[    2.841628] ehci-platform: EHCI generic platform driver
[    2.846952] ehci-orion: EHCI orion driver
[    2.851039] ehci-exynos: EHCI EXYNOS driver
[    2.855299] ehci-msm: Qualcomm On-Chip EHCI Host Controller
[    2.860940] ohci_hcd: USB 1.1 'Open' Host Controller (OHCI) Driver
[    2.867121] ohci-pci: OHCI PCI platform driver
[    2.871577] ohci-platform: OHCI generic platform driver
[    2.876911] ohci-exynos: OHCI EXYNOS driver
[    2.881376] xhci-hcd xhci-hcd.0.auto: xHCI Host Controller
[    2.886865] xhci-hcd xhci-hcd.0.auto: new USB bus registered, assigned bus number 1
[    2.894692] xhci-hcd xhci-hcd.0.auto: hcc params 0x0220f66d hci version 0x100 quirks 0x0000002002010810
[    2.904101] xhci-hcd xhci-hcd.0.auto: irq 47, io mem 0x02f00000
[    2.910231] hub 1-0:1.0: USB hub found
[    2.913985] hub 1-0:1.0: 1 port detected
[    2.918007] xhci-hcd xhci-hcd.0.auto: xHCI Host Controller
[    2.923492] xhci-hcd xhci-hcd.0.auto: new USB bus registered, assigned bus number 2
[    2.931151] xhci-hcd xhci-hcd.0.auto: Host supports USB 3.0  SuperSpeed
[    2.937947] hub 2-0:1.0: USB hub found
[    2.941700] hub 2-0:1.0: 1 port detected
[    2.945744] xhci-hcd xhci-hcd.1.auto: xHCI Host Controller
[    2.951233] xhci-hcd xhci-hcd.1.auto: new USB bus registered, assigned bus number 3
[    2.959041] xhci-hcd xhci-hcd.1.auto: hcc params 0x0220f66d hci version 0x100 quirks 0x0000002002010810
[    2.968446] xhci-hcd xhci-hcd.1.auto: irq 48, io mem 0x03000000
[    2.974539] hub 3-0:1.0: USB hub found
[    2.978287] hub 3-0:1.0: 1 port detected
[    2.978305] ata1: SATA link up 6.0 Gbps (SStatus 133 SControl 300)
[    2.982308] xhci-hcd xhci-hcd.1.auto: xHCI Host Controller
[    2.989964] ata1.00: ATA-9: Lenovo SSD SL700 M.2 128G, W0222A0, max UDMA/133
[    2.993863] xhci-hcd xhci-hcd.1.auto: new USB bus registered, assigned bus number 4
[    3.000912] ata1.00: 250069680 sectors, multi 1: LBA48 NCQ (depth 31/32)
[    3.008556] xhci-hcd xhci-hcd.1.auto: Host supports USB 3.0  SuperSpeed
[    3.008749] hub 4-0:1.0: USB hub found
[    3.017778] ata1.00: configured for UDMA/133
[    3.021873] hub 4-0:1.0: 1 port detected
[    3.025761] scsi 0:0:0:0: Direct-Access     ATA      Lenovo SSD SL700 2A0  PQ: 0 ANSI: 5
[    3.030006] xhci-hcd xhci-hcd.2.auto: xHCI Host Controller
[    3.034068] sd 0:0:0:0: [sda] 250069680 512-byte logical blocks: (128 GB/119 GiB)
[    3.041878] xhci-hcd xhci-hcd.2.auto: new USB bus registered, assigned bus number 5
[    3.047373] sd 0:0:0:0: [sda] Write Protect is off
[    3.055001] xhci-hcd xhci-hcd.2.auto: hcc params 0x0220f66d hci version 0x100 quirks 0x0000002002010810
[    3.062511] sd 0:0:0:0: [sda] Write cache: enabled, read cache: enabled, doesn't support DPO or FUA
[    3.067286] xhci-hcd xhci-hcd.2.auto: irq 49, io mem 0x03100000
[    3.077080]  sda: sda1
[    3.085897] hub 5-0:1.0: USB hub found
[    3.091908] sd 0:0:0:0: [sda] Attached SCSI disk
[    3.093985] hub 5-0:1.0: 1 port detected
[    3.106348] xhci-hcd xhci-hcd.2.auto: xHCI Host Controller
[    3.111834] xhci-hcd xhci-hcd.2.auto: new USB bus registered, assigned bus number 6
[    3.119490] xhci-hcd xhci-hcd.2.auto: Host supports USB 3.0  SuperSpeed
[    3.126287] hub 6-0:1.0: USB hub found
[    3.130040] hub 6-0:1.0: 1 port detected
[    3.134284] usbcore: registered new interface driver usb-storage
[    3.142263] i2c /dev entries driver
[    3.147365] pca954x 0-0077: probe failed
[    3.151328] IR NEC protocol handler initialized
[    3.155854] IR RC5(x/sz) protocol handler initialized
[    3.160899] IR RC6 protocol handler initialized
[    3.165429] IR JVC protocol handler initialized
[    3.169953] IR Sony protocol handler initialized
[    3.174564] IR SANYO protocol handler initialized
[    3.179263] IR Sharp protocol handler initialized
[    3.183961] IR MCE Keyboard/mouse protocol handler initialized
[    3.189789] IR XMP protocol handler initialized
[    3.194487] ptp_qoriq: device tree node missing required elements, try automatic configuration
[    3.203235] pps pps0: new PPS source ptp0
[    3.208559] imx2-wdt 2ad0000.watchdog: timeout 60 sec (nowayout=0)
[    3.215413] qoriq_cpufreq: Freescale QorIQ CPU frequency scaling driver
[    3.222307] sdhci: Secure Digital Host Controller Interface driver
[    3.228481] sdhci: Copyright(c) Pierre Ossman
[    3.232974] Synopsys Designware Multimedia Card Interface Driver
[    3.239680] sdhci-pltfm: SDHCI platform and OF driver helper
[    3.282313] mmc0: SDHCI controller on 1560000.esdhc [1560000.esdhc] using ADMA 64-bit
[    3.294004] ledtrig-cpu: registered to indicate activity on CPUs
[    3.300474] caam 1700000.crypto: Linux CAAM Queue I/F driver initialised
[    3.308280] caam 1700000.crypto: device ID = 0x0a11030100000000 (Era 8)
[    3.314901] caam 1700000.crypto: job rings = 3, qi = 1
[    3.322354] caam algorithms registered in /proc/crypto
[    3.327894] caam 1700000.crypto: caam pkc algorithms registered in /proc/crypto
[    3.335622] caam_jr 1710000.jr: registering rng-caam
[    3.342130] caam 1700000.crypto: algorithms registered in /proc/crypto
[    3.349196] usbcore: registered new interface driver usbhid
[    3.351595] mmc0: new high speed SDHC card at address 5048
[    3.354803] usbhid: USB HID core driver
[    3.360409] mmcblk0: mmc0:5048 SD32G 29.7 GiB 
[    3.364164] DPAA2-ETH: debugfs created
[    3.370218]  mmcblk0: p1 p2 p3 p4
[    3.372810] Freescale USDPAA process driver
[    3.379788] fsl-usdpaa: no region found
[    3.383619] Freescale USDPAA process IRQ driver
[    3.388931] optee: probing for conduit method from DT.
[    3.394070] optee: api uid mismatch
[    3.398230] Netfilter messages via NETLINK v0.30.
[    3.403000] nf_conntrack version 0.5.0 (16384 buckets, 65536 max)
[    3.409173] nf_tables: (c) 2007-2009 Patrick McHardy <kaber@trash.net>
[    3.415698] nf_tables_compat: (c) 2012 Pablo Neira Ayuso <pablo@netfilter.org>
[    3.423006] ip_tables: (C) 2000-2006 Netfilter Core Team
[    3.428469] Initializing XFRM netlink socket
[    3.432770] NET: Registered protocol family 10
[    3.437556] Segment Routing with IPv6
[    3.441247] sit: IPv6, IPv4 and MPLS over IPv4 tunneling driver
[    3.447357] NET: Registered protocol family 17
[    3.451802] NET: Registered protocol family 15
[    3.456253] Bridge firewalling registered
[    3.460259] Ebtables v2.0 registered
[    3.463898] 8021q: 802.1Q VLAN Support v1.8
[    3.468083] lib80211: common routines for IEEE802.11 drivers
[    3.473759] 9pnet: Installing 9P2000 support
[    3.478047] Key type dns_resolver registered
[    3.482535] registered taskstats version 1
[    3.486829] Btrfs loaded, crc32c=crc32c-generic
[    3.491967] hctosys: unable to open rtc device (rtc0)
[    3.497129] ALSA device list:
[    3.500093]   No soundcards found.
[    3.718476] random: fast init done
[    3.963819] EXT4-fs (mmcblk0p4): recovery complete
[    3.969815] EXT4-fs (mmcblk0p4): mounted filesystem with ordered data mode. Opts: (null)
[    3.977918] VFS: Mounted root (ext4 filesystem) on device 179:4.
[    3.985117] devtmpfs: mounted
[    3.988527] Freeing unused kernel memory: 1344K
[    4.361338] systemd[1]: System time before build time, advancing clock.
[    4.403607] systemd[1]: systemd 237 running in system mode. (+PAM +AUDIT +SELINUX +IMA +APPARMOR +SMACK +SYSVINIT +UTMP +LIBCRYPTSETUP +GCRYPT +GNUTLS +ACL +XZ +LZ4 +SECCOMP +BLKID +ELFUTILS +KMOD -IDN2 +IDN -PCRE2 default-hierarchy=hybrid)
[    4.428536] systemd[1]: Detected architecture arm64.

Welcome to NXP LSDK 1906 main!

[    4.451367] systemd[1]: Set hostname to <localhost>.
[    4.701530] systemd[1]: File /lib/systemd/system/systemd-journald.service:36 configures an IP firewall (IPAddressDeny=any), but the local system does not support BPF/cgroup based firewalling.
[    4.718580] systemd[1]: Proceeding WITHOUT firewalling in effect! (This warning is only shown for the first loaded unit using IP firewalling.)
[    4.790901] systemd[1]: Configuration file /lib/systemd/system/fmc.service is marked executable. Please remove executable permission bits. Proceeding anyway.
[    4.833087] random: systemd: uninitialized urandom read (16 bytes read)
[    4.839805] systemd[1]: Started Forward Password Requests to Wall Directory Watch.
[  OK  ] Started Forward Password Requests to Wall Directory Watch.
[    4.862327] random: systemd: uninitialized urandom read (16 bytes read)
[    4.869703] systemd[1]: Created slice User and Session Slice.
[  OK  ] Created slice User and Session Slice.
[    4.890374] random: systemd: uninitialized urandom read (16 bytes read)
[    4.897057] systemd[1]: Started Dispatch Password Requests to Console Directory Watch.
[  OK  ] Started Dispatch Password Requests to Console Directory Watch.
[    4.922342] systemd[1]: Reached target Remote File Systems.
[  OK  ] Reached target Remote File Systems.
[  OK  ] Reached target Local Encrypted Volumes.
[  OK  ] Created slice System Slice.
[  OK  ] Listening on /dev/initctl Compatibility Named Pipe.
[  OK  ] Listening on udev Kernel Socket.
[  OK  ] Listening on Journal Socket.
         Starting Set the console keyboard layout...
[  OK  ] Listening on Journal Audit Socket.
[  OK  ] Created slice system-systemd\x2dfsck.slice.
[  OK  ] Listening on Journal Socket (/dev/log).
         Starting Create list of required stce nodes for the current kernel...
[  OK  ] Listening on Syslog Socket.
         Mounting POSIX Message Queue File System...
[  OK  ] Listening on udev Control Socket.
         Starting Load Kernel Modules...
[  OK  ] Reached target Swap.
[  OK  ] Listening on fsck to fsckd communication Socket.
         Starting Remount Root and Kernel File Systems...
[    5.216008] EXT4-fs (mmcblk0p4): re-mounted. Opts: errors=remount-ro
[  OK  ] Created slice system-serial\x2dgetty.slice.
         Starting udev Coldplug all Devices...
         Mounting Huge Pages File System...
         Mounting Kernel Debug File System...
         Starting Journal Service...
[  OK  ] Reached target Slices.
[  OK  ] Reached target Paths.
[  OK  ] Started Set the console keyboard layout.
[  OK  ] Started Journal Service.
[  OK  ] Started Create list of required stavice nodes for the current kernel.
[  OK  ] Mounted POSIX Message Queue File System.
[  OK  ] Started Load Kernel Modules.
[  OK  ] Started Remount Root and Kernel File Systems.
[  OK  ] Mounted Huge Pages File System.
[  OK  ] Mounted Kernel Debug File System.
         Starting Load/Save Random Seed...
         Mounting FUSE Control File System...
         Mounting Kernel Configuration File System...
         Starting Apply Kernel Variables...
         Starting Create Static Device Nodes in /dev...
         Starting Flush Journal to Persistent Storage...
[  OK  ] Started udev Coldplug all Devices.
[  OK  ] Started Load/Save Random Seed.
[  OK  ] Mounted FUSE Control File System.
[  OK  ] Mounted Kernel Configuration File System.
[  OK  ] Started Apply Kernel Variables.
[  OK  ] Started Create Static Device Nodes in /dev.
[  OK  ] Reached target Local File Systems (Pre).
         Starting udev Kernel Device Manager...
[  OK  ] Started udev Kernel Device Manager.
[  OK  ] Found device /dev/ttyS0.
[  OK  ] Started Flush Journal to Persistent Storage.
[  OK  ] Found device /dev/disk/by-uuid/7a9930ea-ff59-4a1b-b9ae-8b8937c43133.
         Starting File System Check on /dev/0ea-ff59-4a1b-b9ae-8b8937c43133...
[  OK  ] Started File System Check Daemon to report status.
[  OK  ] Started File System Check on /dev/d930ea-ff59-4a1b-b9ae-8b8937c43133.
         Mounting /boot...
[  OK  ] Mounted /boot.
[  OK  ] Reached target Local File Systems.
         Starting Set console font and keymap...
         Starting QEMU KVM preparation - module, ksm, hugepages...
         Starting Create Volatile Files and Directories...
         Starting Raise network interfaces...
[  OK  ] Started Set console font and keymap.
[  OK  ] Started QEMU KVM preparation - module, ksm, hugepages.
[  OK  ] Started Create Volatile Files and Directories.
         Starting Network Name Resolution...
         Starting Network Time Synchronization...
         Starting Update UTMP about System Boot/Shutdown...
[  OK  ] Started Update UTMP about System Boot/Shutdown.
[  OK  ] Started Raise network interfaces.
[  OK  ] Started Network Name Resolution.
[  OK  ] Reached target Host and Network Name Lookups.
[  OK  ] Reached target Network.
[  OK  ] Reached target Network is Online.
[  OK  ] Started Network Time Synchronization.
[  OK  ] Reached target System Time Synchronized.
[  OK  ] Reached target System Initialization.
         Starting Docker Socket for the API.
[  OK  ] Started Message of the Day.
[  OK  ] Started Daily Cleanup of Temporary Directories.
[  OK  ] Listening on D-Bus System Message Bus Socket.
[  OK  ] Started Discard unused blocks once a week.
[  OK  ] Started Daily apt download activities.
[  OK  ] Started Daily apt upgrade and clean activities.
[  OK  ] Reached target Timers.
[  OK  ] Listening on Docker Socket for the API.
[  OK  ] Reached target Sockets.
[  OK  ] Reached target Basic System.
         Starting Login Service...
         Starting containerd container runtime...
         Starting Dispatcher daemon for systemd-networkd...
         Starting Permit User Sessions...
         Starting LSB: HPA's tftp server...
         Starting OpenBSD Secure Shell server...
         Starting Resets System Activity Data Collector...
         Starting LSB: Execute the kexec -e command to reboot system...
[  OK  ] Started Regular background program processing daemon.
         Starting NXP Frame Manager Configuration tool...
[  OK  ] Started D-Bus System Message Bus.
         Starting System Logging Service...
[  OK  ] Started Set the CPU Frequency Scaling governor.
         Starting vsftpd FTP server...
[  OK  ] Started System Logging Service.
[  OK  ] Started containerd container runtime.
[  OK  ] Started Permit User Sessions.
[  OK  ] Started Resets System Activity Data Collector.
[  OK  ] Started OpenBSD Secure Shell server.
[  OK  ] Started vsftpd FTP server.
[  OK  ] Started Login Service.
[  OK  ] Started Unattended Upgrades Shutdown.
         Starting Set console scheme...
[  OK  ] Started Serial Getty on ttyS0.
         Starting Docker Application Container Engine...
[  OK  ] Started Set console scheme.
[  OK  ] Created slice system-getty.slice.
[  OK  ] Started Getty on tty1.
[  OK  ] Reached target Login Prompts.
[  OK  ] Started LSB: Execute the kexec -e command to reboot system.
         Starting LSB: Load kernel image with kexec...
[  OK  ] Started LSB: Load kernel image with kexec.
[  OK  ] Started LSB: HPA's tftp server.
[FAILED] Failed to start NXP Frame Manager Configuration tool.
See 'systemctl status fmc.service' for details.
[  OK  ] Started Dispatcher daemon for systemd-networkd.

NXP LSDK 1906 main
localhost login: 
NXP LSDK 1906 main
localhost login: root
Password: 
Last login: Thu Mar  2 12:58:16 UTC 2023 on ttyS0
Welcome to NXP LSDK 1906 main (GNU/Linux 4.14.122-gb9aab3a65-dirty aarch64)

 * Support:        https://www.nxp.com/lsdk
 * Documentation:  https://lsdk.github.io/document
 * Licensing:      https://lsdk.github.io/eula
root@localhost:~# 
root@localhost:~# 
root@localhost:~# ifconfig 
lo: flags=73<UP,LOOPBACK,RUNNING>  mtu 65536
        inet 127.0.0.1  netmask 255.0.0.0
        inet6 ::1  prefixlen 128  scopeid 0x10<host>
        loop  txqueuelen 1000  (Local Loopback)
        RX packets 160  bytes 11360 (11.3 KB)
        RX errors 0  dropped 0  overruns 0  frame 0
        TX packets 160  bytes 11360 (11.3 KB)
        TX errors 0  dropped 0 overruns 0  carrier 0  collisions 0

root@localhost:~# ifconfig fm1-mac5 up
root@localhost:~# ifconfig 
fm1-mac5: flags=4099<UP,BROADCAST,MULTICAST>  mtu 1500
        ether 46:ae:e3:a0:97:54  txqueuelen 1000  (Ethernet)
        RX packets 0  bytes 0 (0.0 B)
        RX errors 0  dropped 0  overruns 0  frame 0
        TX packets 0  bytes 0 (0.0 B)
        TX errors 0  dropped 0 overruns 0  carrier 0  collisions 0
        device memory 0x1ae8000-1ae8fff  

lo: flags=73<UP,LOOPBACK,RUNNING>  mtu 65536
        inet 127.0.0.1  netmask 255.0.0.0
        inet6 ::1  prefixlen 128  scopeid 0x10<host>
        loop  txqueuelen 1000  (Local Loopback)
        RX packets 160  bytes 11360 (11.3 KB)
        RX errors 0  dropped 0  overruns 0  frame 0
        TX packets 160  bytes 11360 (11.3 KB)
        TX errors 0  dropped 0 overruns 0  carrier 0  collisions 0

root@localhost:~# [ ping 192.168.0.100
connect: Network is unreachable
root@localhost:~# ^C
root@localhost:~# ping 192.168.0.100ifconfig fm1-ca  mca  ac5 y up
root@localhost:~# ifconfig fm1-mac5 uproot@localhost:~# ping 192.168.0.100
connect: Network is unreachable
root@localhost:~# ping 192.168.0.100ping 192.168.0.100ifconfig fm1-mac5 uproot@localhost:~# ping 192.168.0.100^C
root@localhost:~# 
root@localhost:~# 
root@localhost:~# 
root@localhost:~# ping 192.168.0.100
connect: Network is unreachable
root@localhost:~# ping 192.168.0.100
connect: Network is unreachable
root@localhost:~# ping 192.168.0.100
connect: Network is unreachable
root@localhost:~# ping 192.168.0.100
connect: Network is unreachable
root@localhost:~# ping 192.168.0.100ifconfig fm1-mac5 up
root@localhost:~# systemctl stop NetworkManager
Failed to stop NetworkManager.service: Unit NetworkManager.service not loaded.
root@localhost:~# systemctl stop NetworkManager              networking
root@localhost:~# systemctl stop networkingNetworkManagerroot@localhost:~# ifconfig fm1-mac5 up^C
root@localhost:~# NOTICE:  Fixed DDR on board
NOTICE:  Fixed DDR on board
NOTICE:  Fixed DDR on board
NQ%:  Fixed DDR on board
NOTICE:  Fixed DDR on board
NOTICE:  Fixed DDR on board
NOTICE:  Fixed DDR on board
NOTICE:  Fixed DDR on board
NOTICE:  Fixed DDR on board
NOTICE:  Fixed DDR on board
NOTICE:  Fixed DDR on board
NOTICE:  Fixed DDR on board
NQ%:  Fixed DDR on board
NQ%:  Fixed DDR on board
OTICE:  Fixed DDR on board
NOTICE:  Fixed DDR on board
NOTICE:  Fixed DDR on board
NOTICE:  Fixed DDR on board
NOTICE:  Fixed DDR on board
OTICE:  Fixed DDR on board
NOTICE:  Fixed DDR on board
NOTICE:  Fixed DDR on board
NOTICE:  Fixed DDR on board
NOTICE:  Fixed DDR on board
NOTICE:  Fixed DDR on board
Q%:  Fixed DDR on board
NOTICE:  Fixed DDR on board
NOTICE:  Fixed DDR on board
NOTICE:  Fixed DDR on board
Q%:  Fixed DDR on board
NOTICE:  Fixed DDR on board
NOTICE:  Fixed DDR on board
NOTICE:  Fixed DDR on board
NOTICE:  Fixed DDR on board
NOTICE:  Fixed DDR on board
Q%:  Fixed DDR on board
NQ%:  Fixed DDR on board
NQ%:  Fixed DDR on board
NQ%:  Fixed DDR on board
NOTICE:  Fixed DDR on board
NOTICE:  Fixed DDR on board
NOTICE:  Fixed DDR on board
NOTICE:  Fixed DDR on board
NOTICE:  Fixed DDR on board
NQ%:  Fixed DDR on board
NOTICE:  Fixed DDR on board
NOTICE:  Fixed DDR on board
NOTICE:  Fixed DDR on board

NOTICE:  4 GB DDR4, 64-bit, CL=15, ECC on
NOTICE:  BL2: v1.5(release):LSDK-19.06
NOTICE:  BL2: Built : 23:49:18, Nov  1 2023
NOTICE:  BL2: Booting BL31NOTICE:  BL31: v1.5(release):LSDK-19.06
NOTICE:  BL31: Built : 23:49:31, Nov  1 2023
NOTICE:  Welcome to LS1046 BL31 Phase


U-Boot 2019.04-gafd8bf0-dirty (Oct 31 2023 - 20:19:14 -0700)

SoC:  LS1046AE Rev1.0 (0x87070010)
Clock Configuration:
       CPU0(A72):1800 MHz  CPU1(A72):1800 MHz  CPU2(A72):1800 MHz  
       CPU3(A72):1800 MHz  
       Bus:      700  MHz  DDR:      2100 MT/s  FMAN:     800  MHz
Reset Configuration Word (RCW):
       00000000: 0e150012 10000000 00000000 00000000
       00000010: 33335559 00005012 60040000 c1000000
       00000020: 00000000 00000000 00000000 00238900
       00000030: 20124000 00003101 00000096 00000001
Model: GIE LS1046A FRWY Board
Board: LS1046AFRWY, Rev: A, boot from SD
SD1_CLK1 = 100.00MHZ, SD1_CLK2 = 100.00MHZ
I2C:   ready
DRAM:  3.9 GiB (DDR4, 64-bit, CL=15, ECC on)
SEC0: RNG instantiated
PCA: failed to select proper channel
Using SERDES1 Protocol: 13107 (0x3333)
Using SERDES2 Protocol: 21849 (0x5559)
FM1_DTSEC3 enet_if PHY_INTERFACE_MODE_RGMII_TXID
FM1_DTSEC4 enet_if PHY_INTERFACE_MODE_RGMII_TXID
FM1_DTSEC2/5/6/9/10 enet_if PHY_INTERFACE_MODE_SGMII
FM1_DTSEC2/5/6/9/10 enet_if PHY_INTERFACE_MODE_SGMII
FM1_DTSEC2/5/6/9/10 enet_if PHY_INTERFACE_MODE_SGMII
FM1_DTSEC2/5/6/9/10 enet_if PHY_INTERFACE_MODE_SGMII
NAND:  512 MiB
MMC:   FSL_SDHC: 0
Loading Environment from MMC... OK
EEPROM: Read failed.
In:    serial
Out:   serial
Err:   serial
Net:   phy_realtek_init
****switch 0x3333****fm_info_get_phy_address(0):0,
fm_info_get_phy_address(1):0,
fm_info_get_phy_address(2):1,
fm_info_get_phy_address(3):2,
fm_info_get_phy_address(4):4,
fm_info_get_phy_address(5):5,
fm_info_get_phy_address(6):3,
fm_info_get_phy_address(7):0,
fm_info_get_phy_address(8):0,
fm_info_get_phy_address(9):0,

MMC read: dev # 0, block # 18432, count 128 ...
Fman1: Uploading microcode version 106.4.18
phy_read reg:0
phy_read reg:0
phy_read reg:65535
PHY reset timed out
reg:65535
phy_read reg:65535
PHY reset timed out
reg:65535
phy_read reg:65535
PHY reset timed out
reg:65535
PCIe0: pcie@3400000 Root Complex: no link
PCIe1: pcie@3500000 Root Complex: no link
PCIe2: pcie@3600000 Root Complex: no link
FM1@DTSEC3 [PRIME]ETH_STATE_INIT
, FM1@DTSEC4ETH_STATE_INIT
, FM1@DTSEC5ETH_STATE_INIT
, FM1@DTSEC6ETH_STATE_INIT
, FM1@DTSEC9ETH_STATE_INIT
, FM1@DTSEC10ETH_STATE_INIT

Hit any key to stop autoboot:  5  4  3  2  1  0 
scanning bus for devices...
Target spinup took 0 ms.
AHCI 0001.0301 32 slots 1 ports 6 Gbps 0x1 impl SATA mode
flags: 64bit ncq pm clo only pmp fbss pio slum part ccc apst 
  Device 0: (0:0) Vendor: ATA Prod.: Lenovo SSD SL700 Rev: W022
            Type: Hard Disk
            Capacity: 122104.3 MB = 119.2 GB (250069680 x 512)

Device 0: (0:0) Vendor: ATA Prod.: Lenovo SSD SL700 Rev: W022
            Type: Hard Disk
            Capacity: 122104.3 MB = 119.2 GB (250069680 x 512)
... is now current device
Scanning scsi 0:1...
switch to partitions #0, OK
mmc0 is current device
Scanning mmc 0:1...
Scanning mmc 0:2...
Found U-Boot script /ls1046afrwy_boot.scr
968 bytes read in 5 ms (188.5 KiB/s)
## Executing script at 80000000
22727168 bytes read in 1095 ms (19.8 MiB/s)
33048 bytes read in 10 ms (3.2 MiB/s)
## Flattened Device Tree blob at 90000000
   Booting using the fdt blob at 0x90000000
   Using Device Tree in place at 0000000090000000, end 000000009001b117
WARNING failed to get smmu node: FDT_ERR_NOTFOUND
WARNING failed to get smmu node: FDT_ERR_NOTFOUND

Starting kernel ...

[    0.000000] Booting Linux on physical CPU 0x0
[    0.000000] Linux version 4.14.122-gb9aab3a65-dirty (root@ubuntu) (gcc version 7.5.0 (Ubuntu/Linaro 7.5.0-3ubuntu1~18.04)) #1 SMP PREEMPT Tue Oct 31 00:29:36 PDT 2023
[    0.000000] Boot CPU: AArch64 Processor [410fd082]
[    0.000000] Machine model: LS1046A FRWY Board
[    0.000000] earlycon: uart8250 at MMIO 0x00000000021c0500 (options '')
[    0.000000] bootconsole [uart8250] enabled
[    0.000000] efi: Getting EFI parameters from FDT:
[    0.000000] efi: UEFI not found.
