> 测试参考：OK1046测试、5728评估板测试



## A72 调频测试

核心板的 CPU 是动态调频的，启动后 CPU 调频策略为 ondemand，ondemand 模式按需快速动态调整 CPU 频率，一有 cpu 计算量的任务，会随计算量的大小动态调频，等执行完毕就立即回到最低频率。有时 CPU 的频率不能满足用户的需求，需要调整 CPU 的模式。下面以将 CPU 设置为performance 模式为例，操作如下：

列出当前的管理模式，查看 CPU 当前的频率：

```
root@ubuntu:~# cat /sys/devices/system/cpu/cpu0/cpufreq/scaling_governor
ondemand //当前管理模式为系统默认的动态调频模式
root@ubuntu:~#  cat /sys/devices/system/cpu/cpu0/cpufreq/scaling_cur_freq
800000 //当前 CPU 频率为 0.8GHz
```

列出所有的管理模式

```
root@ubuntu:~# cat /sys/devices/system/cpu/cpu0/cpufreq/scaling_available_governors
conservative ondemand userspace powersave performance
```

列出 cpu 支持的频率

```
root@ubuntu:~# cat /sys/devices/system/cpu/cpu0/cpufreq/scaling_available_frequencies
1800000 1600000 900000 800000
```

改变 CPU 管理模式,设置为高性能模式

```
root@ubuntu:~# echo performance > /sys/devices/system/cpu/cpu0/cpufreq/scaling_governor
```

列出 cpu 当前的管理模式，查看当前的 CPU 频率

```
root@ubuntu:~# cat /sys/devices/system/cpu/cpu0/cpufreq/scaling_governor 
performance
root@ubuntu:~# cat /sys/devices/system/cpu/cpu0/cpufreq/scaling_cur_freq
1800000
```



## A72 CoreMark 测试

平台默认已经移植好了 CoreMark 测试程序

1、将 CPU 设置为高性能模式

```
root@ubuntu:~# echo performance > /sys/devices/system/cpu/cpu0/cpufreq/scaling_governor
root@ubuntu:~# cat /sys/devices/system/cpu/cpu0/cpufreq/scaling_governor
performance
```

2、CoreMark 测试

```
root@ubuntu:/home/gie# ./coremark.exe
2K performance run parameters for coremark.
CoreMark Size    : 666
Total ticks      : 10984
Total time (secs): 10.984000
Iterations/Sec   : 10014.566642
Iterations       : 110000
Compiler version : GCC7.5.0
Compiler flags   : -O2 -DPERFORMANCE_RUN=1  -lrt
Memory location  : Please put data memory location here
                        (e.g. code in flash, data on heap etc)
seedcrc          : 0xe9f5
[0]crclist       : 0xe714
[0]crcmatrix     : 0x1fd7
[0]crcstate      : 0x8e3a
[0]crcfinal      : 0x33ff
Correct operation validated. See README.md for run and reporting rules.
CoreMark 1.0 : 10014.566642 / GCC7.5.0 -O2 -DPERFORMANCE_RUN=1  -lrt / Heap
```

CoreMark测试结果：

| Core/Bus/DDR                                              | Coremark Thread # | Coremark/MHz | Coremark |
| --------------------------------------------------------- | ----------------- | ------------ | -------- |
| Gie-1046A<br/>(Core/Bus/DDR:1800MHz/7<br/>00MHz/2100MT/s) | 1                 | 5.56         | 10014.5  |

CoreMark/MHz 是指 CoreMark 得分除以 CPU 的频率（以兆赫兹为单位）。这个指标可以用来衡量系统的性能效率，即在每兆赫兹下执行 CoreMark 的性能。典型地，CoreMark/MHz 越高，表示系统在单位频率下执行 CoreMark 的性能越好。

CoreMark 得分是 10014.566642，而 CPU 的频率（MHz）为 1800 兆赫兹。要计算 CoreMark/MHz，需要将 CoreMark 得分除以 CPU 的频率。

假设 CPU 的频率是 X 兆赫兹，那么计算公式为：

CoreMark/MHz=CoreMark 得分/CPU 频率

根据提供的数据，假设 CPU 频率是 1800 兆赫兹，计算 CoreMark/MHz 为：

CoreMark/MHz=10014.566642/1800≈5.56

因此，得到的 CoreMark/MHz 是 5.56。这意味着在每兆赫兹下，系统能够执行 5.56 的 CoreMark。



## Memory 测试

Lmbench 是一套简易可移植的，符合 ANSI/C 标准为 UNIX/POSIX 而制定的微型测评工具。一般来

说，它衡量两个关键特征：反应时间和带宽。我们使用 LmBench 来测试 Gie-1046A平台 cache 以及

DDR 的带宽。

 Gie-1046A平台移植Lmbench

```
sudo apt-get install lmbench
```

如果无法找到`lat_mem_rd`、`bw_mem`等命令，则执行以下

```
sudo find / -name "lat_mem_rd"
export PATH=$PATH:/usr/lib/lmbench/bin
```

您可以使用以下命令进行测试：

```
root@ubuntu:~# bw_mem 100M rd //DDR读速度测试
100.00 9522.90                //读速度9522.90MB/s
root@ubuntu:~# bw_mem 100M wr //DDR写速度测试
100.00 3297.50                //写速度3297.50MB/s
root@ubuntu:~# bw_mem 100M cp //DDR拷贝速度测试
100.00 2054.48                //拷贝速度2054.48MB/s
```

Memtester 主要是捕获内存错误和一直处于很高或者很低的坏位， 其测试的主要项目有随机值，异或比较，减法，乘法，除法，与或运算等等。 通过给定测试内存的大小和次数，可以对系统现有的内存进行上面项目的测试。

使用 Memtester 测试工具申请 8MB 内存数量测试做 1 次 DDR 测试。执行如下指令：

```
memtester 8M 1
```



## USB2.0读写测试

先挂载U盘，然后创建测试的文件，`test`是文件名

```
time dd if=/dev/zero of=/mnt/test bs=1024K count=200 conv=fsync
```

`of`指定输出文件，`test`是文件名。这个命令的意思是将从`/dev/zero`中读取的数据写入到名为`test`的文件中。`/dev/zero`是一个特殊的设备文件，它返回一个无限的流0字节，因此在这个命令中，实际上是将一堆0写入到文件中。如果挂载点下没有这个文件，创建一个名为`test`的空文件。

### 写速度测试

```
root@ubuntu:~# time dd if=/dev/zero of=/mnt/test bs=1024K count=200 conv=fsync
200+0 records in
200+0 records out
209715200 bytes (210 MB, 200 MiB) copied, 122.525 s, 1.7 MB/s

real    2m2.533s
user    0m0.000s
sys     0m0.699s
```

不同盘速度可能不一样

```
root@ubuntu:~# time dd if=/dev/zero of=/mnt/test bs=1024K count=200 conv=fsync
200+0 records in
200+0 records out
209715200 bytes (210 MB, 200 MiB) copied, 32.2147 s, 6.5 MB/s

real    0m32.216s
user    0m0.000s
sys     0m0.165s
```

### 读速度测试

执行一遍后，使用的这些 cache 内容可以增加文件以及的读写速度。第二遍速度会很快，所以需要取第一次的数据，重启评估板或者执行下面指令清除缓存

```
echo 3 > /proc/sys/vm/drop_caches
```

进行测试

```
time dd if=/mnt/test of=/dev/null bs=1024K count=200
```

```
root@ubuntu:~# time dd if=/mnt/test of=/dev/null bs=1024K count=200
200+0 records in
200+0 records out
209715200 bytes (210 MB, 200 MiB) copied, 10.1772 s, 20.6 MB/s

real    0m10.184s
user    0m0.006s
sys     0m0.234s
root@ubuntu:~# time dd if=/mnt/test of=/dev/null bs=1024K count=200
200+0 records in
200+0 records out
209715200 bytes (210 MB, 200 MiB) copied, 0.0791264 s, 2.7 GB/s

real    0m0.082s
user    0m0.000s
sys     0m0.081s
```



## USB3.0读写测试

### 写速度测试

```
root@ubuntu:~# time dd if=/dev/zero of=/mnt/test bs=1024K count=200 conv=fsync
200+0 records in
200+0 records out
209715200 bytes (210 MB, 200 MiB) copied, 7.22021 s, 29.0 MB/s

real    0m7.230s
user    0m0.000s
sys     0m0.191s
```

### 读速度测试

执行一遍后，使用的这些 cache 内容可以增加文件以及的读写速度。第二遍速度会很快，所以需要取第一次的数据，重启评估板或者执行下面指令清除缓存

```
root@ubuntu:~# time dd if=/mnt/test of=/dev/null bs=1024K count=200
200+0 records in
200+0 records out
209715200 bytes (210 MB, 200 MiB) copied, 1.56141 s, 134 MB/s

real    0m1.571s
user    0m0.001s
sys     0m0.241s
```



## 温度测试

检测CPU温度

```
cat /sys/class/thermal/thermal_zone0/type
cat /sys/class/thermal/thermal_zone0/temp
```

```
gie@ubuntu:~$ cat /sys/class/thermal/thermal_zone0/temp
66000
```

执行以下命令进行一直检测温度

```
watch -n 1 cat /sys/class/thermal/thermal_zone0/temp
```

```
root@ubuntu:~# cat /sys/class/thermal/thermal_zone0/temp
50000
root@ubuntu:~# cat /sys/class/thermal/thermal_zone0/temp
50000
root@ubuntu:~# watch -n 1 cat /sys/class/thermal/thermal_zone0/temp
Every 1.0s: cat /sys/class/thermal/thermal_zone0/tempubuntu: Thu Mar  2 12:58:44 2023

50000
```



## mSATA 接口测试

平台支持一个 mSATA 接口 SATA 协议的固态硬盘，系统上电前将 mSATA 固态硬盘插入底板 mSATA 硬盘卡槽

上电后启动 linux，通过 lsblk可以看到对应设备枚举成功

```
root@ubuntu:~# lsblk
NAME        MAJ:MIN RM   SIZE RO TYPE MOUNTPOINT
sda           8:0    0 119.2G  0 disk
`-sda1        8:1    0 119.2G  0 part
sdb           8:16   1  58.2G  0 disk
`-sdb1        8:17   1  58.2G  0 part /mnt
mmcblk0     179:0    0  29.8G  0 disk
|-mmcblk0p1 179:1    0   100M  0 part
|-mmcblk0p2 179:2    0     1G  0 part /boot
|-mmcblk0p3 179:3    0     6G  0 part
`-mmcblk0p4 179:4    0  22.6G  0 part /
```

先挂载固态硬盘

```
root@ubuntu:~# mount /dev/sda1 /mnt/
root@ubuntu:~# cd /mnt/
root@ubuntu:/mnt# ls
lost+found
root@ubuntu:/mnt# touch  test
root@ubuntu:/mnt# ls
lost+found  test
root@ubuntu:~# ls /mnt/test
/mnt/test
root@ubuntu:~# df -h
Filesystem      Size  Used Avail Use% Mounted on
/dev/root        23G  7.3G   14G  35% /
devtmpfs        1.9G     0  1.9G   0% /dev
tmpfs           1.9G     0  1.9G   0% /dev/shm
tmpfs           1.9G  852K  1.9G   1% /run
tmpfs           5.0M     0  5.0M   0% /run/lock
tmpfs           1.9G     0  1.9G   0% /sys/fs/cgroup
/dev/mmcblk0p2  976M   90M  819M  10% /boot
tmpfs           383M     0  383M   0% /run/user/0
/dev/sda1       117G   61M  111G   1% /mnt
```

### 写速度测试

```
root@ubuntu:~# time dd if=/dev/zero of=/mnt/test bs=1024K count=4096 conv=fsync
4096+0 records in
4096+0 records out
4294967296 bytes (4.3 GB, 4.0 GiB) copied, 9.87247 s, 435 MB/s

real    0m9.921s
user    0m0.000s
sys     0m7.512s
```

### 读速度测试

先重启评估板

```
root@ubuntu:~# time dd if=/mnt/test of=/dev/null bs=1024K count=4096
4096+0 records in
4096+0 records out
4294967296 bytes (4.3 GB, 4.0 GiB) copied, 6.66798 s, 644 MB/s

real    0m6.689s
user    0m0.008s
sys     0m3.225s
```

测试结果：

| 模式 | 文件系统 | 文件大小 | 耗时      | 速度     |
| ---- | -------- | -------- | --------- | -------- |
| 写   | exfat    | 4G       | 9.87247 s | 435 MB/s |
| 读   | exfat    | 4G       | 6.66798 s | 644 MB/s |



## RS-232测试

配置232信息，比如波特率等

```
stty -F /dev/ttyS2 115200 cs8 -cstopb -parenb
```

### ls1046发送

ls1046窗口发送：

```
gie@ubuntu:~$ echo "Hello, World!" > /dev/ttyS2
gie@ubuntu:~$ echo "Hello, gie!" > /dev/ttyS2
```

windows下串口软件，比如xcom等，显示

```
Hello, World!
Hello, gie!
```

### ls1046接收

ls1046窗口接收：

```
gie@ubuntu:~$ cat /dev/ttyS2
Hello, gie!
```

windows下串口软件，比如xcom等，发送

```
Hello, gie!
```



## PCIe无线WIFI模块测试

连接命令：

```bash
sudo ifconfig wlan0 up
sudo wpa_supplicant -B -iwlan0 -c/etc/wpa_supplicant/wpa_supplicant.conf
sudo udhcpc -i wlan0
```



#### connect模式测试

```
root@ubuntu:/home/gie/wlan/with-debug# sudo wpa_supplicant -B -irename9 -c/etc/wp
pa_supplicant/wpa_supplicant.conf
root@ubuntu:/home/gie/wlan/with-debug# sudo udhcpc -i rename9
udhcpc: started, v1.27.2
udhcpc: sending discover
udhcpc: sending select for 192.168.127.174
udhcpc: sending select for 192.168.127.174
udhcpc: lease of 192.168.127.174 obtained, lease time 3599
root@ubuntu:/home/gie/wlan/with-debug# ifconfig 
docker0: flags=4099<UP,BROADCAST,MULTICAST>  mtu 1500
        inet 172.17.0.1  netmask 255.255.0.0  broadcast 172.17.255.255
        ether 02:42:c2:99:b6:43  txqueuelen 0  (Ethernet)
        RX packets 0  bytes 0 (0.0 B)
        RX errors 0  dropped 0  overruns 0  frame 0
        TX packets 0  bytes 0 (0.0 B)
        TX errors 0  dropped 0 overruns 0  carrier 0  collisions 0

fm1-mac9: flags=4099<UP,BROADCAST,MULTICAST>  mtu 1500
        ether 82:ed:b4:5b:81:ea  txqueuelen 1000  (Ethernet)
        RX packets 0  bytes 0 (0.0 B)
        RX errors 0  dropped 0  overruns 0  frame 0
        TX packets 0  bytes 0 (0.0 B)
        TX errors 0  dropped 0 overruns 0  carrier 0  collisions 0
        device memory 0x1af0000-1af0fff  

lo: flags=73<UP,LOOPBACK,RUNNING>  mtu 65536
        inet 127.0.0.1  netmask 255.0.0.0
        inet6 ::1  prefixlen 128  scopeid 0x10<host>
        loop  txqueuelen 1000  (Local Loopback)
        RX packets 14  bytes 1726 (1.7 KB)
        RX errors 0  dropped 0  overruns 0  frame 0
        TX packets 14  bytes 1726 (1.7 KB)
        TX errors 0  dropped 0 overruns 0  carrier 0  collisions 0

rename9: flags=4163<UP,BROADCAST,RUNNING,MULTICAST>  mtu 1500
        inet 192.168.127.174  netmask 255.255.255.0  broadcast 192.168.127.255
        inet6 2408:8456:f129:e657:a133:5941:b4e2:72b3  prefixlen 64  scopeid 0x0<global>
        inet6 fe80::ea24:4ff:fe26:1068  prefixlen 64  scopeid 0x20<link>
        inet6 2408:8456:f129:e657:ea24:4ff:fe26:1068  prefixlen 64  scopeid 0x0<global>
        ether e8:24:04:26:10:68  txqueuelen 3000  (Ethernet)
        RX packets 57  bytes 13018 (13.0 KB)
        RX errors 0  dropped 0  overruns 0  frame 0
        TX packets 67  bytes 12266 (12.2 KB)
        TX errors 0  dropped 0 overruns 0  carrier 0  collisions 0

wlx90de804833ef: flags=4163<UP,BROADCAST,RUNNING,MULTICAST>  mtu 1500
        inet 192.168.2.1  netmask 255.255.255.0  broadcast 192.168.2.255
        inet6 fe80::92de:80ff:fe48:33ef  prefixlen 64  scopeid 0x20<link>
        ether 90:de:80:48:33:ef  txqueuelen 1000  (Ethernet)
        RX packets 0  bytes 0 (0.0 B)
        RX errors 0  dropped 0  overruns 0  frame 0
        TX packets 0  bytes 0 (0.0 B)
        TX errors 0  dropped 7 overruns 0  carrier 0  collisions 0

root@ubuntu:/home/gie/wlan/with-debug# ping 192.168.127.174
PING 192.168.127.174 (192.168.127.174) 56(84) bytes of data.
64 bytes from 192.168.127.174: icmp_seq=1 ttl=64 time=0.076 ms
64 bytes from 192.168.127.174: icmp_seq=2 ttl=64 time=0.065 ms
^C
--- 192.168.127.174 ping statistics ---
2 packets transmitted, 2 received, 0% packet loss, time 1022ms
rtt min/avg/max/mdev = 0.065/0.070/0.076/0.010 ms
root@ubuntu:/home/gie/wlan/with-debug# po  ^C
root@ubuntu:/home/gie/wlan/with-debug# ping  www.baidu.com
PING www.baidu.com(2408:8756:c52:1107:0:ff:b035:844b (2408:8756:c52:1107:0:ff:b035:844b)) 56 data bytes
64 bytes from 2408:8756:c52:1107:0:ff:b035:844b (2408:8756:c52:1107:0:ff:b035:844b): icmp_seq=1 ttl=52 time=28.4 ms
64 bytes from 2408:8756:c52:1107:0:ff:b035:844b (2408:8756:c52:1107:0:ff:b035:844b): icmp_seq=2 ttl=52 time=57.1 ms
64 bytes from 2408:8756:c52:1107:0:ff:b035:844b (2408:8756:c52:1107:0:ff:b035:844b): icmp_seq=3 ttl=52 time=29.4 ms
64 bytes from 2408:8756:c52:1107:0:ff:b035:844b (2408:8756:c52:1107:0:ff:b035:844b): icmp_seq=4 ttl=52 time=45.3 ms
64 bytes from 2408:8756:c52:1107:0:ff:b035:844b (2408:8756:c52:1107:0:ff:b035:844b): icmp_seq=5 ttl=52 time=34.9 ms
64 bytes from 2408:8756:c52:1107:0:ff:b035:844b (2408:8756:c52:1107:0:ff:b035:844b): icmp_seq=6 ttl=52 time=53.9 ms
64 bytes from 2408:8756:c52:1107:0:ff:b035:844b (2408:8756:c52:1107:0:ff:b035:844b): icmp_seq=7 ttl=52 time=170 ms
64 bytes from 2408:8756:c52:1107:0:ff:b035:844b (2408:8756:c52:1107:0:ff:b035:844b): icmp_seq=8 ttl=52 time=100 ms
64 bytes from 2408:8756:c52:1107:0:ff:b035:844b (2408:8756:c52:1107:0:ff:b035:844b): icmp_seq=9 ttl=52 time=57.3 ms
64 bytes from 2408:8756:c52:1107:0:ff:b035:844b (2408:8756:c52:1107:0:ff:b035:844b): icmp_seq=10 ttl=52 time=48.4 ms
64 bytes from 2408:8756:c52:1107:0:ff:b035:844b (2408:8756:c52:1107:0:ff:b035:844b): icmp_seq=11 ttl=52 time=54.9 ms
64 bytes from 2408:8756:c52:1107:0:ff:b035:844b (2408:8756:c52:1107:0:ff:b035:844b): icmp_seq=12 ttl=52 time=46.6 ms
^C
--- www.baidu.com ping statistics ---
12 packets transmitted, 12 received, 0% packet loss, time 11014ms
rtt min/avg/max/mdev = 28.424/60.636/170.051/37.585 ms
root@ubuntu:/home/gie/wlan/with-debug# ping www.baidu.com -I  rename9
PING www.baidu.com(2408:8756:c52:1aec:0:ff:b013:5a11 (2408:8756:c52:1aec:0:ff:b013:5a11)) from 2408:8456:f129:e657:a133:5941:b4e2:72b3 rename9: 56 data bytes
64 bytes from 2408:8756:c52:1aec:0:ff:b013:5a11 (2408:8756:c52:1aec:0:ff:b013:5a11): icmp_seq=1 ttl=52 time=38.2 ms
64 bytes from 2408:8756:c52:1aec:0:ff:b013:5a11 (2408:8756:c52:1aec:0:ff:b013:5a11): icmp_seq=2 ttl=52 time=44.2 ms
64 bytes from 2408:8756:c52:1aec:0:ff:b013:5a11 (2408:8756:c52:1aec:0:ff:b013:5a11): icmp_seq=3 ttl=52 time=41.0 ms
64 bytes from 2408:8756:c52:1aec:0:ff:b013:5a11 (2408:8756:c52:1aec:0:ff:b013:5a11): icmp_seq=4 ttl=52 time=51.9 ms
^C
--- www.baidu.com ping statistics ---
4 packets transmitted, 4 received, 0% packet loss, time 3003ms
rtt min/avg/max/mdev = 38.222/43.856/51.987/5.149 ms
```



#### AP模式测试

##### 自研AMRpingPC端

```bash
root@ubuntu:/home/gie/wlan/with-debug# ifconfig
lo: flags=73<UP,LOOPBACK,RUNNING>  mtu 65536
        inet 127.0.0.1  netmask 255.0.0.0
        inet6 ::1  prefixlen 128  scopeid 0x10<host>
        loop  txqueuelen 1000  (Local Loopback)
        RX packets 14  bytes 1726 (1.7 KB)
        RX errors 0  dropped 0  overruns 0  frame 0
        TX packets 14  bytes 1726 (1.7 KB)
        TX errors 0  dropped 0 overruns 0  carrier 0  collisions 0

wlan0: flags=4099<UP,BROADCAST,MULTICAST>  mtu 1500
        ether e8:24:04:26:10:68  txqueuelen 3000  (Ethernet)
        RX packets 0  bytes 0 (0.0 B)
        RX errors 0  dropped 0  overruns 0  frame 0
        TX packets 0  bytes 0 (0.0 B)
        TX errors 0  dropped 0 overruns 0  carrier 0  collisions 0

root@ubuntu:/home/gie/wlan/with-debug# cd /root/Net_Tools/
root@ubuntu:~/Net_Tools# ls
wifi_ap.sh  wifi_ap_auto.sh  wifi_connect.sh  wifi_wpa.sh
root@ubuntu:~/Net_Tools# ./wifi_ap_auto.sh
 Begain WiFi AP establish ...
 -----------------------
WiFi AP shared connect to: wlan0
Auto start on power up: ON
 -----------------------
 Wireless point is  wlan0
[  293.481042] [soft_i][0x117d0c9e][07:46:33.245510] wlan: [0:E:DP] dp_peer_unlink_ast_entry: NULL peer
[  293.491022] [schedu][0x117d339e][07:46:33.255494] wlan: [4355:E:DP] dp_tx_flow_pool_vdev_unmap: invalid vdev_id 0
[  293.501300] [schedu][0x117d5bc4][07:46:33.265772] wlan: [4355:E:DP] dp_tx_delete_flow_pool: flow pool either not created or alread deleted
[  295.550306] [kworke][0x119c9fad][07:46:35.314773] wlan: [54:E:HDD] hdd_enable_arp_offload: failed to cache arp offload req; status:4
[  295.567965] [soft_i][0x119ce4ac][07:46:35.332436] wlan: [0:E:DP] dp_peer_unlink_ast_entry: NULL peer
[  295.577383] [schedu][0x119d0977][07:46:35.341855] wlan: [4355:E:DP] dp_tx_flow_pool_vdev_unmap: invalid vdev_id 0
[  295.587759] [schedu][0x119d31ff][07:46:35.352231] wlan: [4355:E:DP] dp_tx_delete_flow_pool: flow pool either not created or alread deleted
[  295.617318] [hostap][0x119da573][07:46:35.381787] wlan: [4482:E:REGULATORY] reg_run_11d_state_machine: Invalid vdev
[  295.696598] [hostap][0x119edb24][07:46:35.461069] wlan: [4482:E:HDD] wlan_hdd_cfg80211_start_bss: beacon protection 1
[  295.707552] [hostap][0x119f05f0][07:46:35.472024] wlan: [4482:E:dfs] WLAN_DEBUG_DFS_ALWAYS : utils_dfs_init_nol: no nol in pld
[  295.719074] [hostap][0x119f32f1][07:46:35.483546] wlan: [4482:E:REGULATORY] reg_freq_to_chan: Invalid freq 0
[  295.729010] [hostap][0x119f59c1][07:46:35.493482] wlan: [4482:E:SME] csr_roam_get_qos_info_from_bss: csr_get_parsed_bss_description_ies() failed
[  295.742147] [schedu][0x119f8d12][07:46:35.506619] wlan: [4355:E:REGULATORY] reg_chan_band_to_freq: Invalid channel 0
[  295.762831] [schedu][0x119fdddd][07:46:35.527301] wlan: [4355:E:WMA] wma_find_remove_req_msgtype: unable to get msg node from request queue
[  295.775365] [schedu][0x11a00ed4][07:46:35.539837] wlan: [4355:E:WMA] wma_peer_create_confirm_handler: vdev:0 Failed to lookup peer create request message
[  295.843951] [soft_i][0x11a11abb][07:46:35.608419] wlan: [0:E:DP] dp_tx_initialize_threshold: tx flow control threshold is set, pool size is 4096
[  295.856960] [hostap][0x11a14d8d][07:46:35.621429] wlan: [4482:E:SAP] wlansap_is_6ghz_included_in_acs_range: NULL parameters
Synchronizing state of hostapd.service with SysV service script with /lib/systemd/systemd-sysv-install.
Executing: /lib/systemd/systemd-sysv-install enable hostapd
Synchronizing state of isc-dhcp-server.service with SysV service script with /lib/systemd/systemd-sysv-install.
Executing: /lib/systemd/systemd-sysv-install enable isc-dhcp-server
 Auto start set ON !!!
 -----------------------
hostapd.service Active:     Active: active (running)
isc-dhcp-server.service Active:     Active: active (running)
root@ubuntu:~/Net_Tools#
root@ubuntu:~/Net_Tools# ifconfig
lo: flags=73<UP,LOOPBACK,RUNNING>  mtu 65536
        inet 127.0.0.1  netmask 255.0.0.0
        inet6 ::1  prefixlen 128  scopeid 0x10<host>
        loop  txqueuelen 1000  (Local Loopback)
        RX packets 16  bytes 1804 (1.8 KB)
        RX errors 0  dropped 0  overruns 0  frame 0
        TX packets 16  bytes 1804 (1.8 KB)
        TX errors 0  dropped 0 overruns 0  carrier 0  collisions 0

wlan0: flags=4163<UP,BROADCAST,RUNNING,MULTICAST>  mtu 1500
        inet 192.168.2.1  netmask 255.255.255.0  broadcast 192.168.2.255
        inet6 fe80::ea24:4ff:fe26:1068  prefixlen 64  scopeid 0x20<link>
        ether e8:24:04:26:10:68  txqueuelen 3000  (Ethernet)
        RX packets 0  bytes 0 (0.0 B)
        RX errors 0  dropped 0  overruns 0  frame 0
        TX packets 28  bytes 3898 (3.8 KB)
        TX errors 0  dropped 0 overruns 0  carrier 0  collisions 0

root@ubuntu:~/Net_Tools# ping 192.168.2.1
PING 192.168.2.1 (192.168.2.1) 56(84) bytes of data.
64 bytes from 192.168.2.1: icmp_seq=1 ttl=64 time=0.075 ms
64 bytes from 192.168.2.1: icmp_seq=2 ttl=64 time=0.061 ms
^C
--- 192.168.2.1 ping statistics ---
2 packets transmitted, 2 received, 0% packet loss, time 1001ms
rtt min/avg/max/mdev = 0.061/0.068/0.075/0.007 ms
root@ubuntu:~/Net_Tools# ping 192.168.2.101
PING 192.168.2.101 (192.168.2.101) 56(84) bytes of data.
64 bytes from 192.168.2.101: icmp_seq=1 ttl=128 time=4.40 ms
64 bytes from 192.168.2.101: icmp_seq=2 ttl=128 time=3.73 ms
64 bytes from 192.168.2.101: icmp_seq=3 ttl=128 time=2.66 ms
64 bytes from 192.168.2.101: icmp_seq=4 ttl=128 time=6.33 ms
^C
--- 192.168.2.101 ping statistics ---
4 packets transmitted, 4 received, 0% packet loss, time 3005ms
rtt min/avg/max/mdev = 2.665/4.284/6.330/1.335 ms
root@ubuntu:~/Net_Tools#
```

##### PC端ping自研AMR

```
[2024-01-09 16:17.12]  ~
[.DESKTOP-5KTBV78] ⮞ ifconfig

Software Loopback Interface 1
        Link encap: Local loopback
        inet addr:127.0.0.1 Mask: 255.0.0.0
        MTU: 1500 Speed:1073.74 Mbps
        Admin status:UP Oper status:OPERATIONAL
        RX packets:0 dropped:0 errors:0 unkown:0
        TX packets:0 dropped:0 errors:0 txqueuelen:0

VMware Virtual Ethernet Adapter for VMnet8
        Link encap: Ethernet HWaddr: 00-50-56-C0-00-08
        inet addr:192.168.10.1 Mask: 255.255.255.0
        MTU: 1500 Speed:100.00 Mbps
        Admin status:UP Oper status:OPERATIONAL
        RX packets:27166 dropped:0 errors:0 unkown:0
        TX packets:29822 dropped:0 errors:0 txqueuelen:0

Intel(R) Wireless-AC 9462
        Link encap: IEEE 802.11 HWaddr: B4-69-21-C1-BE-CA
        inet addr:192.168.2.101 Mask: 255.255.255.0
        MTU: 1500 Speed:45.00 Mbps
        Admin status:UP Oper status:OPERATIONAL
        RX packets:11 dropped:0 errors:0 unkown:0
        TX packets:364 dropped:0 errors:0 txqueuelen:0

VMware Virtual Ethernet Adapter for VMnet1
        Link encap: Ethernet HWaddr: 00-50-56-C0-00-01
        inet addr:192.168.152.1 Mask: 255.255.255.0
        MTU: 1500 Speed:100.00 Mbps
        Admin status:UP Oper status:OPERATIONAL
        RX packets:24 dropped:0 errors:0 unkown:0
        TX packets:2539 dropped:0 errors:0 txqueuelen:0

                                                                                                                                                                ✓
─────────────────────────────────────────────────────────────────────────────────────────────────────────────────────────────────────────────────────────────────
[2024-01-09 16:17.14]  ~
[.DESKTOP-5KTBV78] ⮞ ping 192.168.2.1

正在 Ping 192.168.2.1 具有 32 字节的数据:
来自 192.168.2.1 的回复: 字节=32 时间=5ms TTL=64
来自 192.168.2.1 的回复: 字节=32 时间=9ms TTL=64
来自 192.168.2.1 的回复: 字节=32 时间=10ms TTL=64
来自 192.168.2.1 的回复: 字节=32 时间=3ms TTL=64

192.168.2.1 的 Ping 统计信息:
    数据包: 已发送 = 4，已接收 = 4，丢失 = 0 (0% 丢失)，
往返行程的估计时间(以毫秒为单位):
    最短 = 3ms，最长 = 10ms，平均 = 6ms
```



## 有线网口测试

### uboot下测试

```
=> setenv ipaddr 192.168.0.232
=> setenv serverip 192.168.0.100
=> ping 192.168.0.100
Trying FM1@DTSEC9
eth_current->state: ETH_STATE_ACTIVE
Using FM1@DTSEC9 device
host 192.168.0.100 is alive
=> ping 192.168.0.100
Trying FM1@DTSEC5
eth_current->state: ETH_STATE_ACTIVE
Using FM1@DTSEC5 device
host 192.168.0.100 is alive
=> ping 192.168.0.100
Trying FM1@DTSEC6
eth_current->state: ETH_STATE_ACTIVE
Using FM1@DTSEC6 device
host 192.168.0.100 is alive
=> ping 192.168.0.100
Trying FM1@DTSEC3
eth_current->state: ETH_STATE_ACTIVE
Using FM1@DTSEC3 device
host 192.168.0.100 is alive
=> mdio read FM1@DTSEC4 1
Reading from bus FSL_MDIO0
PHY at address 2:
1 - 0x79a9
=> mdio read FM1@DTSEC4 1
Reading from bus FSL_MDIO0
PHY at address 2:
1 - 0x79ad
=> setenv ethact FM1@DTSEC4
=> ping 192.168.0.100
Trying FM1@DTSEC4
eth_current->state: ETH_STATE_ACTIVE
Using FM1@DTSEC4 device
host 192.168.0.100 is alive
```

### 根文件系统下测试

mac3

```
root@ubuntu:~# ifconfig fm1-mac3 192.168.0.232
root@ubuntu:~# ifconfig 
fm1-mac3: flags=4163<UP,BROADCAST,RUNNING,MULTICAST>  mtu 1500
        inet 192.168.0.232  netmask 255.255.255.0  broadcast 192.168.0.255
        inet6 fe80::d868:f0ff:fed1:d5ff  prefixlen 64  scopeid 0x20<link>
        ether da:68:f0:d1:d5:ff  txqueuelen 1000  (Ethernet)
        RX packets 30  bytes 2148 (2.1 KB)
        RX errors 0  dropped 0  overruns 0  frame 0
        TX packets 30  bytes 3988 (3.9 KB)
        TX errors 0  dropped 0 overruns 0  carrier 0  collisions 0
        device memory 0x1ae4000-1ae4fff  

lo: flags=73<UP,LOOPBACK,RUNNING>  mtu 65536
        inet 127.0.0.1  netmask 255.0.0.0
        inet6 ::1  prefixlen 128  scopeid 0x10<host>
        loop  txqueuelen 1000  (Local Loopback)
        RX packets 14  bytes 1726 (1.7 KB)
        RX errors 0  dropped 0  overruns 0  frame 0
        TX packets 14  bytes 1726 (1.7 KB)
        TX errors 0  dropped 0 overruns 0  carrier 0  collisions 0

root@ubuntu:~# ping 192.168.0.100 -I fm1-mac3
PING 192.168.0.100 (192.168.0.100) from 192.168.0.232 fm1-mac3: 56(84) bytes of data.
64 bytes from 192.168.0.100: icmp_seq=1 ttl=128 time=1.46 ms
64 bytes from 192.168.0.100: icmp_seq=2 ttl=128 time=0.443 ms
64 bytes from 192.168.0.100: icmp_seq=3 ttl=128 time=0.569 ms
64 bytes from 192.168.0.100: icmp_seq=4 ttl=128 time=0.387 ms
^C
--- 192.168.0.100 ping statistics ---
4 packets transmitted, 4 received, 0% packet loss, time 3040ms
rtt min/avg/max/mdev = 0.387/0.715/1.461/0.435 ms
```

mac4

```
root@ubuntu:~# ifconfig fm1-mac4 192.168.0.232
root@ubuntu:~# ping 192.168.0.100 -I fm1-a mac4
PING 192.168.0.100 (192.168.0.100) from 192.168.0.232 fm1-mac4: 56(84) bytes of data.
64 bytes from 192.168.0.100: icmp_seq=1 ttl=128 time=0.577 ms
64 bytes from 192.168.0.100: icmp_seq=2 ttl=128 time=0.369 ms
64 bytes from 192.168.0.100: icmp_seq=3 ttl=128 time=0.323 ms
64 bytes from 192.168.0.100: icmp_seq=4 ttl=128 time=0.379 ms
64 bytes from 192.168.0.100: icmp_seq=5 ttl=128 time=0.573 ms
^C
--- 192.168.0.100 ping statistics ---
5 packets transmitted, 5 received, 0% packet loss, time 4089ms
rtt min/avg/max/mdev = 0.323/0.444/0.577/0.109 ms
```

mac9

```
root@ubuntu:~# ifconfig fm1-mac9 192.168.0.232
root@ubuntu:~# ethtool fm1-mac9
Settings for fm1-mac9:
Supported ports: [ MII ]
Supported link modes:   10baseT/Full 
                        100baseT/Full 
                        1000baseT/Full 
Supported pause frame use: Symmetric Receive-only
Supports auto-negotiation: Yes
Supported FEC modes: Not reported
Advertised link modes:  10baseT/Full 
                        100baseT/Full 
                        1000baseT/Full 
Advertised pause frame use: Symmetric Receive-only
Advertised auto-negotiation: Yes
Advertised FEC modes: Not reported
Link partner advertised link modes:  10baseT/Half 10baseT/Full 
                                     100baseT/Half 100baseT/Full 
                                     1000baseT/Full 
Link partner advertised pause frame use: Symmetric Receive-only
Link partner advertised auto-negotiation: Yes
Link partner advertised FEC modes: Not reported
Speed: 1000Mb/s
Duplex: Full
Port: MII
PHYAD: 3
Transceiver: internal
Auto-negotiation: on
Supports Wake-on: d
Wake-on: d
Current message level: 0xffffffff (-1)
       drv probe link timer ifdown ifup rx_err tx_err tx_queued intr tx_done rx_status pktdata hw wol 0xffff8000
Link detected: yes
root@ubuntu:~# ping 192.168.0.100
PING 192.168.0.100 (192.168.0.100) 56(84) bytes of data.
64 bytes from 192.168.0.100: icmp_seq=1 ttl=128 time=1.00 ms
64 bytes from 192.168.0.100: icmp_seq=2 ttl=128 time=0.559 ms
64 bytes from 192.168.0.100: icmp_seq=3 ttl=128 time=0.782 ms
^C
--- 192.168.0.100 ping statistics ---
3 packets transmitted, 3 received, 0% packet loss, time 2017ms
rtt min/avg/max/mdev = 0.559/0.781/1.003/0.182 ms
```

mac5

```
root@ubuntu:~# ifconfig fm1-mac5 192.168.0.232
root@ubuntu:~# ping 192.168.0.100
PING 192.168.0.100 (192.168.0.100) 56(84) bytes of data.
64 bytes from 192.168.0.100: icmp_seq=1 ttl=128 time=0.487 ms
64 bytes from 192.168.0.100: icmp_seq=2 ttl=128 time=0.256 ms
64 bytes from 192.168.0.100: icmp_seq=3 ttl=128 time=0.551 ms
^C
--- 192.168.0.100 ping statistics ---
3 packets transmitted, 3 received, 0% packet loss, time 2028ms
rtt min/avg/max/mdev = 0.256/0.431/0.551/0.127 ms
```

mac6

```
root@ubuntu:~# ifconfig fm1-mac6 192.168.0.232
root@ubuntu:~# ping 192.168.0.100
PING 192.168.0.100 (192.168.0.100) 56(84) bytes of data.
64 bytes from 192.168.0.100: icmp_seq=1 ttl=128 time=0.897 ms
64 bytes from 192.168.0.100: icmp_seq=2 ttl=128 time=0.315 ms
^C
--- 192.168.0.100 ping statistics ---
2 packets transmitted, 2 received, 0% packet loss, time 1013ms
rtt min/avg/max/mdev = 0.315/0.606/0.897/0.291 ms
```







## NOR FLASH测试

### uboot

识别情况如下：

```
=> sf probe
SF: Detected n25q256ax1 with page size 256 Bytes, erase size 64 KiB, total 32 MiB
```

代码上对应的信息如下：

```
{ INFO("n25q256ax1",  0x20bb19, 0, 64 * 1024,  512, SECT_4K | SPI_NOR_QUAD_READ | SPI_NOR_4B_OPCODES) },
```

id为0x20bb19，查看手册对比，确实是一致的。

> 由于自研板上的NOR FLASH为32M，当前镜像为44M，需要进行裁剪，因此当前烧录的测试是在RDB上测试验证的。

参考指令如下，将镜像cp到U盘或者sd卡里，进入uboot

```
=> ext2ls mmc 0:2
<DIR>       4096 .
<DIR>       4096 ..
<DIR>      16384 lost+found
        54497255 firmware_ls1046ardb_sdboot.img
        54501351 firmware_ls1046ardb_qspiboot.img
=> load mmc 0:2 $load_addr firmware_ls1046ardb_qspiboot.img
```

```
sf probe 0:0
sf erase 0 0x4000000
sf write 0xa0000000 0 0x4000000
```

具体测试如下：

```
=> ext2ls mmc 0:2
<DIR>       4096 .
<DIR>       4096 ..
<DIR>      16384 lost+found
        54497255 firmware_ls1046ardb_sdboot.img
        54501351 firmware_ls1046ardb_qspiboot.img
        44380680 firmware_ls1046ardb_uboot_qspiboot.img
=> load mmc 0:2 $load_addr firmware_ls1046ardb_uboot_qspiboot.img
44380680 bytes read in 37827 ms (1.1 MiB/s)
=> sf probe 0:0
SF: Detected s25fs512s with page size 256 Bytes, erase size 256 KiB, total 64 MiB
=> sf erase 0 0x4000000
SF: 67108864 bytes @ 0x0 Erased: OK
=> sf write 0xa0000000 0 0x4000000
device 0 whole chip
SF: 67108864 bytes @ 0x0 Written: OK
=> NOTICE:  UDIMM 18ASF1G72AZ-2G3B1 

NOTICE:  8 GB DDR4, 64-bit, CL=15, ECC on, CS0+CS1
NOTICE:  BL2: v1.5(release):LSDK-19.06
NOTICE:  BL2: Built : 19:29:37, Feb 28 2024
NOTICE:  BL2: Booting BL31
NOTICE:  BL31: v1.5(release):LSDK-19.06
NOTICE:  BL31: Built : 19:29:43, Feb 28 2024
NOTICE:  Welcome to LS1046 BL31 Phase


U-Boot 2019.04-g6f10bb4-dirty (Feb 28 2024 - 19:29:27 -0800)

SoC:  LS1046AE Rev1.0 (0x87070010)
Clock Configuration:
       CPU0(A72):1800 MHz  CPU1(A72):1800 MHz  CPU2(A72):1800 MHz  
       CPU3(A72):1800 MHz  
       Bus:      700  MHz  DDR:      2100 MT/s  FMAN:     800  MHz
Reset Configuration Word (RCW):
       00000000: 0e150012 10000000 00000000 00000000
       00000010: 11335559 40005012 40025000 c1000000
       00000020: 00000000 00000000 00000000 00238800
       00000030: 20124000 00003000 00000096 00000001
Model: LS1046A RDB Board
Board: LS1046ARDB, boot from QSPI vBank 0
CPLD:  V2.3
PCBA:  V2.0
SERDES Reference Clocks:
SD1_CLK1 = 156.25MHZ, SD1_CLK2 = 100.00MHZ
I2C:   ready
DRAM:  7.9 GiB (DDR4, 64-bit, CL=15, ECC on)
       DDR Chip-Select Interleaving Mode: CS0+CS1
SEC0: RNG instantiated
Using SERDES1 Protocol: 4403 (0x1133)
Using SERDES2 Protocol: 21849 (0x5559)
NAND:  512 MiB
MMC:   FSL_SDHC: 0
Loading Environment from SPI Flash... SF: Detected s25fl512s with page size 256 Bytes, erase size 256 KiB, total 64 MiB
```

已经从QPSI NOR FLASH上启动成功了。

### 根文件系统

进入系统后读取，容量与实际一致为32 MiB，进行格式化并创建文件测试成功

```
Disk /dev/mtdblock0: 32 MiB, 33554432 bytes, 65536 sectors
Units: sectors of 1 * 512 = 512 bytes
Sector size (logical/physical): 512 bytes / 512 bytes
I/O size (minimum/optimal): 512 bytes / 512 bytes
```

```
root@ubuntu:~# cat /proc/mtd
dev:    size   erasesize  name
mtd0: 02000000 00001000 "1550000.quadspi"
```

```
root@ubuntu:~# mount /dev/mtdblock0 /mnt/
root@ubuntu:~# cd /mnt/
root@ubuntu:/mnt# ls
lost+found
root@ubuntu:/mnt# touch 1.txt
root@ubuntu:/mnt# ls
1.txt  lost+found
root@ubuntu:/mnt# cd ../
root@ubuntu:/# umount /dev/mtdblock0
root@ubuntu:/# df
Filesystem     1K-blocks    Used Available Use% Mounted on
/dev/root       52153924 8440196  41034688  18% /
devtmpfs         1924688       0   1924688   0% /dev
tmpfs            1958096       0   1958096   0% /dev/shm
tmpfs            1958096     836   1957260   1% /run
tmpfs               5120       0      5120   0% /run/lock
tmpfs            1958096       0   1958096   0% /sys/fs/cgroup
/dev/mmcblk0p2    999320   92328    838180  10% /boot
tmpfs             391616       0    391616   0% /run/user/0
root@ubuntu:/# mount /dev/mtdblock0 /mnt/
root@ubuntu:/# df -h
Filesystem      Size  Used Avail Use% Mounted on
/dev/root        50G  8.1G   40G  18% /
devtmpfs        1.9G     0  1.9G   0% /dev
tmpfs           1.9G     0  1.9G   0% /dev/shm
tmpfs           1.9G  836K  1.9G   1% /run
tmpfs           5.0M     0  5.0M   0% /run/lock
tmpfs           1.9G     0  1.9G   0% /sys/fs/cgroup
/dev/mmcblk0p2  976M   91M  819M  10% /boot
tmpfs           383M     0  383M   0% /run/user/0
/dev/mtdblock0   27M  779K   24M   4% /mnt
root@ubuntu:/# cd /mnt/
root@ubuntu:/mnt# ls
1.txt  lost+found
```

QPSI NOR FLASH测试完毕。



## eMMC测试

ls1046a这款SoC是SD和eMMC无法同时识别，因此当前识别是现在从SD卡上启动，然后切换到eMMC进行识别。

```
=> mmc list
FSL_SDHC: 0 (SD)
=> mmc info
Device: FSL_SDHC
Manufacturer ID: 3
OEM: 5344
Name: SL64G 
Bus Speed: 50000000
Mode : SD High Speed (50MHz)
Rd Block Len: 512
SD version 3.0
High Capacity: Yes
Capacity: 59.5 GiB
Bus Width: 4-bit
Erase Group Size: 512 Bytes
//此时将自研板上的拨码拨道eMMC一端，重新识别
=> mmc rescan
=> mmc list
FSL_SDHC: 0 (eMMC)
=> mmc info
Device: FSL_SDHC
Manufacturer ID: 13
OEM: 14e
Name: Q2J54 
Bus Speed: 52000000
Mode : MMC High Speed (52MHz)
Rd Block Len: 512
MMC version 5.0
High Capacity: Yes
Capacity: 3.6 GiB
Bus Width: 4-bit
Erase Group Size: 512 KiB
HC WP Group Size: 8 MiB
User Capacity: 3.6 GiB WRREL
Boot Capacity: 16 MiB ENH
RPMB Capacity: 512 KiB ENH
```

测试方法：使用 dd 命令测试接口速度

写测试：

```
root@localhost:~# time dd if=/dev/zero of=/test.bin bs=1M count=512 conv=fsync
打印信息如下：
512+0 records in
512+0 records out
536870912 bytes (537 MB, 512 MiB) copied, 25.8264 s, 20.8 MB/s
real 0m25.833s
user 0m0.000s
sys 0m1.647s
```

读测试：

```
root@localhost:~# time dd if=/test.bin of=/dev/null bs=1M
打印信息如下：
512+0 records in
512+0 records out
536870912 bytes (537 MB, 512 MiB) copied, 7.36896s,72.9MB/s
real 0m7.376s
user 0m0.001s
sys 0m0.600s
```



## NADN FLASH识别

### uboot

自研板识别如下：

```
=> nand info

Device 0: nand0, sector size 256 KiB
  Page size       4096 b
  OOB size         256 b
  Erase size    262144 b
  subpagesize     4096 b
  options     0x00004200
  bbt options 0x00020000
```

RDB板识别如下：

```
> nand info

Device 0: nand0, sector size 256 KiB
  Page size       4096 b
  OOB size         224 b
  Erase size    262144 b
  subpagesize     4096 b
  options     0x00004200
  bbt options 0x00020000
```

### 根文件系统

由于NAND FLASH在内核启动的时候崩溃了，暂时还没找到原因，因此在根文件系统上还无法进行测试。



