### 汇总需要适配及测试的外设

截止2024/2/21

- [x] 有线网口
  - [x] RGMII（2024.1.22完成调试）
  - [x] SGMII（2024.2.21完成调试）

- [x] QPSI NOR FLASH（2024.2.23完成调试）

- [x] PCIe无线wifi模块（2024.1.9已成功联网但不稳定）

- [x] SATA固态硬盘（2023.10.20完成调试）

- [ ] 板载eMMC

- [ ] NAND FLASH（优先级低，因为ls1046无法从nand启动，作为存储又没有固态硬盘容量大）

- [x] 3路USB type-c（2023.12.15完成调试）
- [x] RS232（2023.12.7完成调试）
- [x] SD卡接口（2023.10.17完成调试）



### 有线网口

#### SGMII（2.21已解决）

当前能识别到设备，但是ping不通

[干货丨LS1046A&LS1028A平台的SerDes设计方案 - 知乎 (zhihu.com)](https://zhuanlan.zhihu.com/p/270006798)

因为当前serdes1设计成3333，3333即是使用SGMII.9/10/5/6，使用的PLL为2222，即是第一路设置PPL2，第二路也是，所有使能SGMII时均是设置PLL2，根据参考手册上看，SRDS_PLL_REF_CLK_SEL_S1如果使用的是时钟频率是100MHz的话PPL2配置成0，是125MHz的话PPL2配置成1。PLL1不涉及，所以SRDS_PLL_REF_CLK_SEL_S1直接配置成0'b00即可。

> 其他例子说明（比如Serdes1模块选择RCW为1040：使用的时候2212，其中XFI.9（配置第一路）参考serdes1的PLL2，将S1的PLL2写为1：156MHz，QSGMII（配置第三路）参考serdes1的PLL1，将S1的PLL1写为0：100MHz）
>
> （举例：2222代表ABCD4条lane都使用PLL2，2211代表AB lane使用PLL2，CD lane使用PLL1，not available代表此方案不支持PCIe Gen3速度。）

因此以前（2023.12.12）的分析是正确的，不过那个时候还没解决mdio偏移地址错误的问题，重新再次测试，结果：

```
=> mii read 3 0x10
0000
=> mii write 3 0x1f 0xdf0
=> mii read 3 0x1f
0DF0
=> mii read 3 0x10
0907
```

按照瑞昱之前提供的读取寄存器值的方式，当前读取的值已经跟RDB的一致了

但还是ping不通，想起之前RGMII也是有时候通有时候不通，这个问题是因为网口线端接触不稳定，重新接上并晃动一下M12连接座子那部分的接口线，ping通了，SGMII在uboot上全部测试均通过

```
=> setenv ipaddr 192.168.0.232
=> setenv serverip 192.168.0.100
=> ping 192.168.0.100
Trying FM1@DTSEC9
eth_current->state: ETH_STATE_ACTIVE
Using FM1@DTSEC9 device
host 192.168.0.100 is alive
=> ping 192.168.0.100
Trying FM1@DTSEC5
eth_current->state: ETH_STATE_ACTIVE
Using FM1@DTSEC5 device
host 192.168.0.100 is alive
=> ping 192.168.0.100
Trying FM1@DTSEC6
eth_current->state: ETH_STATE_ACTIVE
Using FM1@DTSEC6 device
host 192.168.0.100 is alive
```

在进入系统后测试

mac9

```
root@ubuntu:~# ifconfig fm1-mac9 192.168.0.232
root@ubuntu:~# ethtool fm1-mac9
Settings for fm1-mac9:
Supported ports: [ MII ]
Supported link modes:   10baseT/Full 
                        100baseT/Full 
                        1000baseT/Full 
Supported pause frame use: Symmetric Receive-only
Supports auto-negotiation: Yes
Supported FEC modes: Not reported
Advertised link modes:  10baseT/Full 
                        100baseT/Full 
                        1000baseT/Full 
Advertised pause frame use: Symmetric Receive-only
Advertised auto-negotiation: Yes
Advertised FEC modes: Not reported
Link partner advertised link modes:  10baseT/Half 10baseT/Full 
                                     100baseT/Half 100baseT/Full 
                                     1000baseT/Full 
Link partner advertised pause frame use: Symmetric Receive-only
Link partner advertised auto-negotiation: Yes
Link partner advertised FEC modes: Not reported
Speed: 1000Mb/s
Duplex: Full
Port: MII
PHYAD: 3
Transceiver: internal
Auto-negotiation: on
Supports Wake-on: d
Wake-on: d
Current message level: 0xffffffff (-1)
       drv probe link timer ifdown ifup rx_err tx_err tx_queued intr tx_done rx_status pktdata hw wol 0xffff8000
Link detected: yes
root@ubuntu:~# ping 192.168.0.100
PING 192.168.0.100 (192.168.0.100) 56(84) bytes of data.
64 bytes from 192.168.0.100: icmp_seq=1 ttl=128 time=1.00 ms
64 bytes from 192.168.0.100: icmp_seq=2 ttl=128 time=0.559 ms
64 bytes from 192.168.0.100: icmp_seq=3 ttl=128 time=0.782 ms
^C
--- 192.168.0.100 ping statistics ---
3 packets transmitted, 3 received, 0% packet loss, time 2017ms
rtt min/avg/max/mdev = 0.559/0.781/1.003/0.182 ms
```

mac5

```
root@ubuntu:~# ifconfig fm1-mac5 192.168.0.232
root@ubuntu:~# ping 192.168.0.100
PING 192.168.0.100 (192.168.0.100) 56(84) bytes of data.
64 bytes from 192.168.0.100: icmp_seq=1 ttl=128 time=0.487 ms
64 bytes from 192.168.0.100: icmp_seq=2 ttl=128 time=0.256 ms
64 bytes from 192.168.0.100: icmp_seq=3 ttl=128 time=0.551 ms
^C
--- 192.168.0.100 ping statistics ---
3 packets transmitted, 3 received, 0% packet loss, time 2028ms
rtt min/avg/max/mdev = 0.256/0.431/0.551/0.127 ms
```

mac6

```
root@ubuntu:~# ifconfig fm1-mac6 192.168.0.232
root@ubuntu:~# ping 192.168.0.100
PING 192.168.0.100 (192.168.0.100) 56(84) bytes of data.
64 bytes from 192.168.0.100: icmp_seq=1 ttl=128 time=0.897 ms
64 bytes from 192.168.0.100: icmp_seq=2 ttl=128 time=0.315 ms
^C
--- 192.168.0.100 ping statistics ---
2 packets transmitted, 2 received, 0% packet loss, time 1013ms
rtt min/avg/max/mdev = 0.315/0.606/0.897/0.291 ms
```

之后看下M12座子那端连接不稳定怎么解决





### QPSI NOR FLASH

因为采购型号不匹配，不能识别到设备，等待更换正确的型号进行测试

u-boot/cmd/sf.c

```c
U_BOOT_CMD(
	sf,	5,	1,	do_spi_flash,
	"SPI flash sub-system",
	......
	SF_TEST_HELP
);
```

```c
static int do_spi_flash(cmd_tbl_t *cmdtp, int flag, int argc,
			char * const argv[]);
```

执行sf probe时，其函数调用流程

- do_spi_flash
  - do_spi_flash_probe
    - spi_flash_probe
      - spi_setup_slave
      - flash = calloc(1, sizeof(*flash));
      - spi_flash_probe_slave
        - spi_nor_scan
          - spi_nor_read_id
            - nor->read_reg(nor, SPINOR_OP_RDID, id, SPI_NOR_MAX_ID_LEN);
              - spi_nor_read_write_reg
                - spi_mem_exec_op
          - spi_nor_init_params
          - spi_nor_setup
          - spi_nor_init



spi_flash_probe执行返回错误则打印Failed to initialize SPI flash

spi_nor_scan是其中重要的函数

当前是在spi_nor_read_id函数中执行错误，其中会涉及到spi_nor_ids这个结构体数组，里面包含型号如en25q32b等信息，所有与spi 设备相关的设备信息都在这里进行描述。从代码上看，这些都是通用的驱动，识别芯片并不涉及单板的信息，应该不需要修改。

```c
	info = spi_nor_ids;
	for (; info->name; info++) {
		if (info->id_len) {
			if (!memcmp(info->id, id, info->id_len))
				return info;
		}
	}

	dev_err(nor->dev, "unrecognized JEDEC id bytes: %02x, %02x, %02x\n",
		id[0], id[1], id[2]);
	return ERR_PTR(-ENODEV);
```

其中spi_mem_exec_op函数中以下代码片段

```c
if (op->dummy.nbytes)
    memset(op_buf + pos, 0xff, op->dummy.nbytes);
/* 1st transfer: opcode + address + dummy cycles */
flag = SPI_XFER_BEGIN;
/* Make sure to set END bit if no tx or rx data messages follow */
if (!tx_buf && !rx_buf)
    flag |= SPI_XFER_END;
```

当需要通过fast read command(如0Bh,EBh等)读取flash时，由于频率会高一些，指令地址发送完需要再发几个dummy cycles。
你可以理解为读取频率较高时，需要给flash几个SCLK的时间来准备数据，这几个SCLK就是dummy.

```c
#define JEDEC_MFR(info)	((info)->id[0])
#define JEDEC_ID(info)		(((info)->id[1]) << 8 | ((info)->id[2]))
```

这段代码定义了两个宏：`JEDEC_MFR`和`JEDEC_ID`。这两个宏用于从SPI Flash设备信息结构体中提取厂商ID和设备ID。下面对这两个宏进行解析：

1. `JEDEC_MFR(info)`宏：
   - 这个宏的作用是从传入的SPI Flash设备信息结构体指针`info`中提取厂商ID。
   - 宏展开为`((info)->id[0])`，表示取结构体指针`info`所指向的内存中的第0个元素，即厂商ID。
   - 通过这个宏，可以方便地获取SPI Flash设备信息结构体中的厂商ID。
2. `JEDEC_ID(info)`宏：
   - 这个宏的作用是从传入的SPI Flash设备信息结构体指针`info`中提取设备ID。
   - 宏展开为`(((info)->id[1]) << 8 | ((info)->id[2]))`，表示取结构体指针`info`所指向的内存中的第1个元素和第2个元素，并将第1个元素左移8位，然后与第2个元素进行按位或操作，得到设备ID。
   - 通过这个宏，可以方便地获取SPI Flash设备信息结构体中的设备ID。

软件上无需修改，硬件上更换芯片以及针对芯片飞线对应的电压域，识别情况如下：

```
=> sf probe
SF: Detected n25q256ax1 with page size 256 Bytes, erase size 64 KiB, total 32 MiB
```

代码上对应的信息如下：

```
{ INFO("n25q256ax1",  0x20bb19, 0, 64 * 1024,  512, SECT_4K | SPI_NOR_QUAD_READ | SPI_NOR_4B_OPCODES) },
```

id为0x20bb19，查看手册对比，确实是一致的。

进入系统后读取，容量与实际一致为32 MiB，进行格式化并创建文件测试成功

```
Disk /dev/mtdblock0: 32 MiB, 33554432 bytes, 65536 sectors
Units: sectors of 1 * 512 = 512 bytes
Sector size (logical/physical): 512 bytes / 512 bytes
I/O size (minimum/optimal): 512 bytes / 512 bytes
```

```
root@ubuntu:~# cat /proc/mtd
dev:    size   erasesize  name
mtd0: 02000000 00001000 "1550000.quadspi"
```

```
root@ubuntu:~# mount /dev/mtdblock0 /mnt/
root@ubuntu:~# cd /mnt/
root@ubuntu:/mnt# ls
lost+found
root@ubuntu:/mnt# touch 1.txt
root@ubuntu:/mnt# ls
1.txt  lost+found
root@ubuntu:/mnt# cd ../
root@ubuntu:/# umount /dev/mtdblock0
root@ubuntu:/# df
Filesystem     1K-blocks    Used Available Use% Mounted on
/dev/root       52153924 8440196  41034688  18% /
devtmpfs         1924688       0   1924688   0% /dev
tmpfs            1958096       0   1958096   0% /dev/shm
tmpfs            1958096     836   1957260   1% /run
tmpfs               5120       0      5120   0% /run/lock
tmpfs            1958096       0   1958096   0% /sys/fs/cgroup
/dev/mmcblk0p2    999320   92328    838180  10% /boot
tmpfs             391616       0    391616   0% /run/user/0
root@ubuntu:/# mount /dev/mtdblock0 /mnt/
root@ubuntu:/# df -h
Filesystem      Size  Used Avail Use% Mounted on
/dev/root        50G  8.1G   40G  18% /
devtmpfs        1.9G     0  1.9G   0% /dev
tmpfs           1.9G     0  1.9G   0% /dev/shm
tmpfs           1.9G  836K  1.9G   1% /run
tmpfs           5.0M     0  5.0M   0% /run/lock
tmpfs           1.9G     0  1.9G   0% /sys/fs/cgroup
/dev/mmcblk0p2  976M   91M  819M  10% /boot
tmpfs           383M     0  383M   0% /run/user/0
/dev/mtdblock0   27M  779K   24M   4% /mnt
root@ubuntu:/# cd /mnt/
root@ubuntu:/mnt# ls
1.txt  lost+found
```

ok，qspi nor flash已经调试完毕了，不过当前芯片容量为32M，如果需要烧录firmware到里面的话，还需要裁剪一下镜像。



### 板载eMMC

eMMC电路设计是直接参考AFRWY的，参考的AFRWY是SD卡和eMMC电平引脚切换，自研使用拨码进行切换，分析是否会影响识别情况，



