    ©°©¤©¤©¤©¤©¤©¤©¤©¤©¤©¤©¤©¤©¤©¤©¤©¤©¤©¤©¤©¤©¤©¤©¤©¤©¤©¤©¤©¤©¤©¤©¤©¤©¤©¤©¤©¤©¤©¤©¤©¤©¤©¤©¤©¤©¤©¤©¤©¤©¤©¤©¤©¤©¤©¤©¤©¤©¤©¤©¤©¤©¤©¤©¤©¤©¤©¤©¤©¤©¤©¤©´
    ©¦                 ? MobaXterm Personal Edition v22.1 ?                 ©¦
    ©¦               (SSH client, X server and network tools)               ©¦
    ©¦                                                                      ©¦
    ©¦ ? SSH session to forlinx@192.168.0.232                               ©¦
    ©¦   ? Direct SSH      :  ?                                             ©¦
    ©¦   ? SSH compression :  ?                                             ©¦
    ©¦   ? SSH-browser     :  ?                                             ©¦
    ©¦   ? X11-forwarding  :  ?  (remote display is forwarded through SSH)  ©¦
    ©¦                                                                      ©¦
    ©¦ ? For more info, ctrl+click on help or visit our website.            ©¦
    ©¸©¤©¤©¤©¤©¤©¤©¤©¤©¤©¤©¤©¤©¤©¤©¤©¤©¤©¤©¤©¤©¤©¤©¤©¤©¤©¤©¤©¤©¤©¤©¤©¤©¤©¤©¤©¤©¤©¤©¤©¤©¤©¤©¤©¤©¤©¤©¤©¤©¤©¤©¤©¤©¤©¤©¤©¤©¤©¤©¤©¤©¤©¤©¤©¤©¤©¤©¤©¤©¤©¤©¼

Welcome to Ubuntu 18.04.1 LTS (GNU/Linux 4.14.47 aarch64)

 * Documentation:  https://help.ubuntu.com
 * Management:     https://landscape.canonical.com
 * Support:        https://ubuntu.com/advantage

Last login: Sun Jan 28 15:59:38 2018 from 192.168.0.125
forlinx@localhost:~$ ^C
forlinx@localhost:~$
forlinx@localhost:~$ cd wlan/
forlinx@localhost:~/wlan$ ls
cfg80211.ko  FC06EABMD  firmware  rfkill.ko  wlan_cnss_core_pcie.ko  wlan.ko
forlinx@localhost:~/wlan$ lsmdo
-bash: lsmdo: command not found
forlinx@localhost:~/wlan$ lsmdo
-bash: lsmdo: command not found
forlinx@localhost:~/wlan$ lsmod
Module                  Size  Used by
wlan_cnss_core_pcie   389120  0
option                 57344  0
usb_wwan               20480  1 option
iwlwifi               212992  0
xt_CHECKSUM            16384  2
xt_conntrack           16384  1
ipt_REJECT             16384  2
nf_reject_ipv4         16384  1 ipt_REJECT
ip6table_filter        16384  0
ip6_tables             24576  1 ip6table_filter
rt2800usb              32768  0
rt2x00usb              24576  1 rt2800usb
rt2800lib             110592  1 rt2800usb
rt2x00lib              61440  3 rt2800lib,rt2800usb,rt2x00usb
mac80211              458752  3 rt2800lib,rt2x00lib,rt2x00usb
crc32_ce               16384  1
crct10dif_ce           16384  0
cfg80211              356352  3 iwlwifi,rt2x00lib,mac80211
cp210x                 24576  0
rfkill                 36864  3 cfg80211
rtc_rx8010             16384  0
qoriq_thermal          16384  0
ch341                  16384  0
usbserial              36864  4 cp210x,option,ch341,usb_wwan
forlinx@localhost:~/wlan$ ls
cfg80211.ko  FC06EABMD  firmware  rfkill.ko  wlan_cnss_core_pcie.ko  wlan.ko
forlinx@localhost:~/wlan$ sudo insmod wlan.ko
[sudo] password for forlinx:
insmod: ERROR: could not insert module wlan.ko: Unknown symbol in module
forlinx@localhost:~/wlan$ ^C
forlinx@localhost:~/wlan$
forlinx@localhost:~/wlan$ dmesg |tail
[ 2062.581539] diagchar initialized now..
[ 2062.581641] [enable_bb_ctxt] 0x800
[ 2062.585075] [enable_bb_ctxt] 0x800
[ 2079.738101] wlan: Unknown symbol hdd_dump_log_buffer (err 0)
[ 4956.935895] wlx7cdd901b2360: authenticate with b6:1c:2e:10:37:49
[ 4956.984731] wlx7cdd901b2360: send auth to b6:1c:2e:10:37:49 (try 1/3)
[ 4957.025488] wlx7cdd901b2360: send auth to b6:1c:2e:10:37:49 (try 2/3)
[ 4957.065140] wlx7cdd901b2360: send auth to b6:1c:2e:10:37:49 (try 3/3)
[ 4957.129498] wlx7cdd901b2360: authentication with b6:1c:2e:10:37:49 timed out
[ 4963.817781] wlan: Unknown symbol hdd_dump_log_buffer (err 0)
forlinx@localhost:~/wlan$
forlinx@localhost:~/wlan$ ls
cfg80211.ko  FC06EABMD  firmware  rfkill.ko  wlan_cnss_core_pcie.ko  wlan.ko
forlinx@localhost:~/wlan$ rm wlan.ko
forlinx@localhost:~/wlan$ ls
cfg80211.ko  FC06EABMD  firmware  rfkill.ko  wlan_cnss_core_pcie.ko
forlinx@localhost:~/wlan$ 'E:\LS1046(????)\?????\wlan\wlan.ko'^C
forlinx@localhost:~/wlan$ ls
cfg80211.ko  FC06EABMD  firmware  rfkill.ko  wlan_cnss_core_pcie.ko  wlan.ko
forlinx@localhost:~/wlan$ ls -lh
total 402M
-rw-rw-r-- 1 forlinx forlinx 8.1M Jan 28  2018 cfg80211.ko
drwxrwxr-x 3 forlinx forlinx 4.0K Jan 28  2018 FC06EABMD
drwxrwxr-x 2 forlinx forlinx 4.0K Jan 28  2018 firmware
-rw-rw-r-- 1 forlinx forlinx 530K Jan 28  2018 rfkill.ko
-rw-rw-r-- 1 forlinx forlinx 9.3M Dec 20 16:46 wlan_cnss_core_pcie.ko
-rw-rw-r-- 1 forlinx forlinx 385M Dec 20 16:51 wlan.ko
forlinx@localhost:~/wlan$ ^C
forlinx@localhost:~/wlan$ ls
cfg80211.ko  FC06EABMD  firmware  rfkill.ko  wlan_cnss_core_pcie.ko
forlinx@localhost:~/wlan$
forlinx@localhost:~/wlan$ ls
cfg80211.ko  FC06EABMD  firmware  rfkill.ko  wlan_cnss_core_pcie.ko  wlan.ko
forlinx@localhost:~/wlan$ sudo insmod wlan.ko
forlinx@localhost:~/wlan$ ^C
forlinx@localhost:~/wlan$
forlinx@localhost:~/wlan$ ifconfig -a
fm1-mac2: flags=4098<BROADCAST,MULTICAST>  mtu 1500
        ether 76:ef:a4:ac:00:51  txqueuelen 1000  (Ethernet)
        RX packets 0  bytes 0 (0.0 B)
        RX errors 0  dropped 0  overruns 0  frame 0
        TX packets 0  bytes 0 (0.0 B)
        TX errors 0  dropped 0 overruns 0  carrier 0  collisions 0
        device memory 0x1ae2000-1ae2fff

fm1-mac3: flags=4163<UP,BROADCAST,RUNNING,MULTICAST>  mtu 1500
        inet 192.168.0.232  netmask 255.255.255.0  broadcast 192.168.0.255
        inet6 fe80::4be:f2ff:fe70:7f76  prefixlen 64  scopeid 0x20<link>
        ether 06:be:f2:70:7f:76  txqueuelen 1000  (Ethernet)
        RX packets 608432  bytes 851754842 (851.7 MB)
        RX errors 0  dropped 0  overruns 0  frame 0
        TX packets 120698  bytes 8365096 (8.3 MB)
        TX errors 0  dropped 0 overruns 0  carrier 0  collisions 0
        device memory 0x1ae4000-1ae4fff

fm1-mac4: flags=4098<BROADCAST,MULTICAST>  mtu 1500
        ether 56:4b:8e:16:48:eb  txqueuelen 1000  (Ethernet)
        RX packets 0  bytes 0 (0.0 B)
        RX errors 0  dropped 0  overruns 0  frame 0
        TX packets 0  bytes 0 (0.0 B)
        TX errors 0  dropped 0 overruns 0  carrier 0  collisions 0
        device memory 0x1ae6000-1ae6fff

fm1-mac5: flags=4098<BROADCAST,MULTICAST>  mtu 1500
        ether 46:19:9f:83:fc:3f  txqueuelen 1000  (Ethernet)
        RX packets 0  bytes 0 (0.0 B)
        RX errors 0  dropped 0  overruns 0  frame 0
        TX packets 0  bytes 0 (0.0 B)
        TX errors 0  dropped 0 overruns 0  carrier 0  collisions 0
        device memory 0x1ae8000-1ae8fff

fm1-mac6: flags=4098<BROADCAST,MULTICAST>  mtu 1500
        ether 2a:4f:e2:06:32:72  txqueuelen 1000  (Ethernet)
        RX packets 0  bytes 0 (0.0 B)
        RX errors 0  dropped 0  overruns 0  frame 0
        TX packets 0  bytes 0 (0.0 B)
        TX errors 0  dropped 0 overruns 0  carrier 0  collisions 0
        device memory 0x1aea000-1aeafff

fm1-mac9: flags=4098<BROADCAST,MULTICAST>  mtu 1500
        ether fe:1b:75:99:a8:e2  txqueuelen 1000  (Ethernet)
        RX packets 0  bytes 0 (0.0 B)
        RX errors 0  dropped 0  overruns 0  frame 0
        TX packets 0  bytes 0 (0.0 B)
        TX errors 0  dropped 0 overruns 0  carrier 0  collisions 0
        device memory 0x1af0000-1af0fff

fm1-mac10: flags=4098<BROADCAST,MULTICAST>  mtu 1500
        ether ae:ee:09:ff:9f:7f  txqueuelen 1000  (Ethernet)
        RX packets 0  bytes 0 (0.0 B)
        RX errors 0  dropped 0  overruns 0  frame 0
        TX packets 0  bytes 0 (0.0 B)
        TX errors 0  dropped 0 overruns 0  carrier 0  collisions 0
        device memory 0x1af2000-1af2fff

lo: flags=73<UP,LOOPBACK,RUNNING>  mtu 65536
        inet 127.0.0.1  netmask 255.0.0.0
        inet6 ::1  prefixlen 128  scopeid 0x10<host>
        loop  txqueuelen 1000  (Local Loopback)
        RX packets 114  bytes 10295 (10.2 KB)
        RX errors 0  dropped 0  overruns 0  frame 0
        TX packets 114  bytes 10295 (10.2 KB)
        TX errors 0  dropped 0 overruns 0  carrier 0  collisions 0

lxcbr0: flags=4099<UP,BROADCAST,MULTICAST>  mtu 1500
        inet 10.0.3.1  netmask 255.255.255.0  broadcast 0.0.0.0
        ether 00:16:3e:00:00:00  txqueuelen 1000  (Ethernet)
        RX packets 0  bytes 0 (0.0 B)
        RX errors 0  dropped 0  overruns 0  frame 0
        TX packets 0  bytes 0 (0.0 B)
        TX errors 0  dropped 0 overruns 0  carrier 0  collisions 0

sit0: flags=128<NOARP>  mtu 1480
        sit  txqueuelen 1000  (IPv6-in-IPv4)
        RX packets 0  bytes 0 (0.0 B)
        RX errors 0  dropped 0  overruns 0  frame 0
        TX packets 0  bytes 0 (0.0 B)
        TX errors 0  dropped 0 overruns 0  carrier 0  collisions 0

usb0: flags=4098<BROADCAST,MULTICAST>  mtu 1500
        ether ea:47:11:76:d7:d7  txqueuelen 1000  (Ethernet)
        RX packets 0  bytes 0 (0.0 B)
        RX errors 0  dropped 0  overruns 0  frame 0
        TX packets 0  bytes 0 (0.0 B)
        TX errors 0  dropped 0 overruns 0  carrier 0  collisions 0

virbr0: flags=4099<UP,BROADCAST,MULTICAST>  mtu 1500
        inet 192.168.122.1  netmask 255.255.255.0  broadcast 192.168.122.255
        ether 52:54:00:ef:a1:22  txqueuelen 1000  (Ethernet)
        RX packets 0  bytes 0 (0.0 B)
        RX errors 0  dropped 0  overruns 0  frame 0
        TX packets 0  bytes 0 (0.0 B)
        TX errors 0  dropped 0 overruns 0  carrier 0  collisions 0

virbr0-nic: flags=4098<BROADCAST,MULTICAST>  mtu 1500
        ether 52:54:00:ef:a1:22  txqueuelen 1000  (Ethernet)
        RX packets 0  bytes 0 (0.0 B)
        RX errors 0  dropped 0  overruns 0  frame 0
        TX packets 0  bytes 0 (0.0 B)
        TX errors 0  dropped 0 overruns 0  carrier 0  collisions 0

wlx7cdd901b2360: flags=4163<UP,BROADCAST,RUNNING,MULTICAST>  mtu 1500
        inet 192.168.23.136  netmask 255.255.255.0  broadcast 192.168.23.255
        inet6 fe80::7edd:90ff:fe1b:2360  prefixlen 64  scopeid 0x20<link>
        ether 7c:dd:90:1b:23:60  txqueuelen 1000  (Ethernet)
        RX packets 16122  bytes 14569478 (14.5 MB)
        RX errors 0  dropped 0  overruns 0  frame 0
        TX packets 11454  bytes 1136856 (1.1 MB)
        TX errors 0  dropped 0 overruns 0  carrier 0  collisions 0

forlinx@localhost:~/wlan$ ^C
forlinx@localhost:~/wlan$ dmesg |tail
[ 5690.026620] cnss: Processing driver event: REQUEST_MEM(2), state: 0x11
[ 5690.026649] cma: cma_alloc: alloc failed, req-size: 1504 pages, ret: -12
[ 5690.026653] cnss: Failed to allocate memory for FW, size: 0x5dc000, type: 1
[ 5690.033651] cnss: PM relax, state: 0x11, count: 0
[ 5690.033654] cnss_pm_relax: NAP-TODO
[ 5690.033658] cnss: cnss_driver_event_work
[ 5690.033661] cnss: PM stay awake, state: 0x11, count: 1
[ 5690.033664] cnss_pm_stay_awake: NAP-TODO
[ 5690.033667] cnss: PM relax, state: 0x11, count: 0
[ 5690.033670] cnss_pm_relax: NAP-TODO
forlinx@localhost:~/wlan$ dmesg
[    0.000000] Booting Linux on physical CPU 0x0
[    0.000000] Linux version 4.14.47 (root@ubuntu) (gcc version 7.3.0 (Ubuntu/Linaro 7.3.0-27ubuntu1~18.04)) #1 SMP PREEMPT Mon Sep 4 19:26:29 PDT 2023
[    0.000000] Boot CPU: AArch64 Processor [410fd082]
[    0.000000] Machine model: LS1046A RDB Board
[    0.000000] earlycon: uart8250 at MMIO 0x00000000021c0500 (options '')
[    0.000000] bootconsole [uart8250] enabled
[    0.000000] efi: Getting EFI parameters from FDT:
[    0.000000] efi: UEFI not found.
[    0.000000] OF: reserved mem: initialized node qman-fqd, compatible id fsl,qman-fqd
[    0.000000] OF: reserved mem: initialized node qman-pfdr, compatible id fsl,qman-pfdr
[    0.000000] OF: reserved mem: initialized node bman-fbpr, compatible id fsl,bman-fbpr
[    0.000000] cma: Reserved 16 MiB at 0x00000000fac00000
[    0.000000] NUMA: No NUMA configuration found
[    0.000000] NUMA: Faking a node at [mem 0x0000000000000000-0x00000008ff7fffff]
[    0.000000] NUMA: NODE_DATA [mem 0x8ff7c8400-0x8ff7c9bbf]
[    0.000000] Zone ranges:
[    0.000000]   DMA      [mem 0x0000000080000000-0x00000000ffffffff]
[    0.000000]   Normal   [mem 0x0000000100000000-0x00000008ff7fffff]
[    0.000000] Movable zone start for each node
[    0.000000] Early memory node ranges
[    0.000000]   node   0: [mem 0x0000000080000000-0x00000000fbdfffff]
[    0.000000]   node   0: [mem 0x0000000880000000-0x00000008fbffffff]
[    0.000000]   node   0: [mem 0x00000008ff000000-0x00000008ff7fffff]
[    0.000000] Initmem setup node 0 [mem 0x0000000080000000-0x00000008ff7fffff]
[    0.000000] On node 0 totalpages: 1017344
[    0.000000]   DMA zone: 8192 pages used for memmap
[    0.000000]   DMA zone: 0 pages reserved
[    0.000000]   DMA zone: 507392 pages, LIFO batch:31
[    0.000000]   Normal zone: 7968 pages used for memmap
[    0.000000]   Normal zone: 509952 pages, LIFO batch:31
[    0.000000] psci: probing for conduit method from DT.
[    0.000000] psci: PSCIv0.2 detected in firmware.
[    0.000000] psci: Using standard PSCI v0.2 function IDs
[    0.000000] psci: Trusted OS migration not required
[    0.000000] percpu: Embedded 24 pages/cpu @ffff80087f763000 s59992 r8192 d30120 u98304
[    0.000000] pcpu-alloc: s59992 r8192 d30120 u98304 alloc=24*4096
[    0.000000] pcpu-alloc: [0] 0 [0] 1 [0] 2 [0] 3
[    0.000000] Detected PIPT I-cache on CPU0
[    0.000000] Built 1 zonelists, mobility grouping on.  Total pages: 1001184
[    0.000000] Policy zone: Normal
[    0.000000] Kernel command line: console=ttyS0,115200 earlycon=uart8250,mmio,0x21c0500 root=PARTUUID=63d7c5d0-01 rw rootwait board_name=ls1046ardb serdes1=1133
[    0.000000] PID hash table entries: 4096 (order: 3, 32768 bytes)
[    0.000000] software IO TLB [mem 0xf6c00000-0xfac00000] (64MB) mapped at [ffff800076c00000-ffff80007abfffff]
[    0.000000] Memory: 3898548K/4069376K available (13180K kernel code, 1446K rwdata, 5352K rodata, 1216K init, 976K bss, 154444K reserved, 16384K cma-reserved)
[    0.000000] Virtual kernel memory layout:
[    0.000000]     modules : 0xffff000000000000 - 0xffff000008000000   (   128 MB)
[    0.000000]     vmalloc : 0xffff000008000000 - 0xffff7dffbfff0000   (129022 GB)
[    0.000000]       .text : 0xffff000008080000 - 0xffff000008d60000   ( 13184 KB)
[    0.000000]     .rodata : 0xffff000008d60000 - 0xffff0000092a0000   (  5376 KB)
[    0.000000]       .init : 0xffff0000092a0000 - 0xffff0000093d0000   (  1216 KB)
[    0.000000]       .data : 0xffff0000093d0000 - 0xffff000009539a00   (  1447 KB)
[    0.000000]        .bss : 0xffff000009539a00 - 0xffff00000962dc90   (   977 KB)
[    0.000000]     fixed   : 0xffff7dfffe7f9000 - 0xffff7dfffec00000   (  4124 KB)
[    0.000000]     PCI I/O : 0xffff7dfffee00000 - 0xffff7dffffe00000   (    16 MB)
[    0.000000]     vmemmap : 0xffff7e0000000000 - 0xffff800000000000   (  2048 GB maximum)
[    0.000000]               0xffff7e0000000000 - 0xffff7e0021fe0000   (   543 MB actual)
[    0.000000]     memory  : 0xffff800000000000 - 0xffff80087f800000   ( 34808 MB)
[    0.000000] Preemptible hierarchical RCU implementation.
[    0.000000]  RCU restricting CPUs from NR_CPUS=64 to nr_cpu_ids=4.
[    0.000000]  Tasks RCU enabled.
[    0.000000] RCU: Adjusting geometry for rcu_fanout_leaf=16, nr_cpu_ids=4
[    0.000000] NR_IRQS: 64, nr_irqs: 64, preallocated irqs: 0
[    0.000000] GIC: Adjusting CPU interface base to 0x000000000142f000
[    0.000000] GIC: Using split EOI/Deactivate mode
[    0.000000] arch_timer: cp15 timer(s) running at 25.00MHz (phys).
[    0.000000] clocksource: arch_sys_counter: mask: 0xffffffffffffff max_cycles: 0x5c40939b5, max_idle_ns: 440795202646 ns
[    0.000002] sched_clock: 56 bits at 25MHz, resolution 40ns, wraps every 4398046511100ns
[    0.008368] Console: colour dummy device 80x25
[    0.012864] Calibrating delay loop (skipped), value calculated using timer frequency.. 50.00 BogoMIPS (lpj=100000)
[    0.023273] pid_max: default: 32768 minimum: 301
[    0.027971] Security Framework initialized
[    0.033323] Dentry cache hash table entries: 524288 (order: 10, 4194304 bytes)
[    0.041236] Inode-cache hash table entries: 262144 (order: 9, 2097152 bytes)
[    0.048351] Mount-cache hash table entries: 8192 (order: 4, 65536 bytes)
[    0.055109] Mountpoint-cache hash table entries: 8192 (order: 4, 65536 bytes)
[    0.078311] ASID allocator initialised with 32768 entries
[    0.083770] Hierarchical SRCU implementation.
[    0.096548] EFI services will not be available.
[    0.109109] smp: Bringing up secondary CPUs ...
[    0.143541] Detected PIPT I-cache on CPU1
[    0.143560] CPU1: Booted secondary processor [410fd082]
[    0.170583] Detected PIPT I-cache on CPU2
[    0.170596] CPU2: Booted secondary processor [410fd082]
[    0.198606] Detected PIPT I-cache on CPU3
[    0.198618] CPU3: Booted secondary processor [410fd082]
[    0.198646] smp: Brought up 1 node, 4 CPUs
[    0.230595] SMP: Total of 4 processors activated.
[    0.235321] CPU features: detected feature: 32-bit EL0 Support
[    0.241183] CPU features: detected feature: Kernel page table isolation (KPTI)
[    0.252016] CPU: All CPU(s) started at EL2
[    0.256137] alternatives: patching kernel code
[    0.260993] devtmpfs: initialized
[    0.266220] random: get_random_u32 called from bucket_table_alloc+0x108/0x258 with crng_init=0
[    0.275044] clocksource: jiffies: mask: 0xffffffff max_cycles: 0xffffffff, max_idle_ns: 7645041785100000 ns
[    0.284854] futex hash table entries: 1024 (order: 4, 65536 bytes)
[    0.291251] xor: measuring software checksum speed
[    0.336083]    8regs     :  7630.000 MB/sec
[    0.380300]    8regs_prefetch:  6584.000 MB/sec
[    0.424867]    32regs    :  7682.000 MB/sec
[    0.469084]    32regs_prefetch:  7196.000 MB/sec
[    0.473721] xor: using function: 32regs (7682.000 MB/sec)
[    0.479147] pinctrl core: initialized pinctrl subsystem
[    0.484873] DMI not present or invalid.
[    0.488884] NET: Registered protocol family 16
[    0.497364] cpuidle: using governor menu
[    0.501484] Bman ver:0a02,02,01
[    0.506518] qman-fqd addr 0x00000008ff800000 size 0x800000
[    0.512033] qman-pfdr addr 0x00000008fc000000 size 0x2000000
[    0.517761] Qman ver:0a01,03,02,01
[    0.521253] vdso: 2 pages (1 code @ ffff000008d66000, 1 data @ ffff0000093d5000)
[    0.528697] hw-breakpoint: found 6 breakpoint and 4 watchpoint registers.
[    0.535910] DMA: preallocated 256 KiB pool for atomic allocations
[    0.542205] Serial: AMBA PL011 UART driver
[    0.549321] Machine: LS1046A RDB Board
[    0.553092] SoC family: QorIQ LS1046A
[    0.556766] SoC ID: svr:0x87070010, Revision: 1.0
[    0.572679] HugeTLB registered 2.00 MiB page size, pre-allocated 0 pages
[    0.645521] raid6: int64x1  gen()  1115 MB/s
[    0.717523] raid6: int64x1  xor()  1006 MB/s
[    0.789554] raid6: int64x2  gen()  1533 MB/s
[    0.861561] raid6: int64x2  xor()  1460 MB/s
[    0.933602] raid6: int64x4  gen()  2339 MB/s
[    1.005633] raid6: int64x4  xor()  1632 MB/s
[    1.077657] raid6: int64x8  gen()  2309 MB/s
[    1.149675] raid6: int64x8  xor()  1605 MB/s
[    1.221720] raid6: neonx1   gen()  2241 MB/s
[    1.293745] raid6: neonx1   xor()  2499 MB/s
[    1.365775] raid6: neonx2   gen()  2939 MB/s
[    1.437798] raid6: neonx2   xor()  3145 MB/s
[    1.509837] raid6: neonx4   gen()  3763 MB/s
[    1.581855] raid6: neonx4   xor()  3390 MB/s
[    1.653883] raid6: neonx8   gen()  4378 MB/s
[    1.725910] raid6: neonx8   xor()  3721 MB/s
[    1.730198] raid6: using algorithm neonx8 gen() 4378 MB/s
[    1.735621] raid6: .... xor() 3721 MB/s, rmw enabled
[    1.740608] raid6: using neon recovery algorithm
[    1.745485] ACPI: Interpreter disabled.
[    1.750670] vgaarb: loaded
[    1.753505] SCSI subsystem initialized
[    1.757331] libata version 3.00 loaded.
[    1.757467] usbcore: registered new interface driver usbfs
[    1.763031] usbcore: registered new interface driver hub
[    1.768396] usbcore: registered new device driver usb
[    1.773761] imx-i2c 2180000.i2c: can't get pinctrl, bus recovery not supported
[    1.781136] i2c i2c-0: IMX I2C adapter registered
[    1.785888] i2c i2c-0: using dma0chan16 (tx) and dma0chan17 (rx) for DMA transfers
[    1.793537] imx-i2c 2190000.i2c: fsl-scl-gpio not found
[    1.798806] imx-i2c 2190000.i2c: can't get pinctrl, bus recovery not supported
[    1.806107] i2c i2c-1: IMX I2C adapter registered
[    1.810837] i2c i2c-1: can't use DMA, using PIO instead.
[    1.816208] imx-i2c 21a0000.i2c: fsl-scl-gpio not found
[    1.821475] imx-i2c 21a0000.i2c: can't get pinctrl, bus recovery not supported
[    1.828829] i2c i2c-2: IMX I2C adapter registered
[    1.833558] i2c i2c-2: can't use DMA, using PIO instead.
[    1.838961] imx-i2c 21b0000.i2c: can't get pinctrl, bus recovery not supported
[    1.846253] i2c i2c-3: IMX I2C adapter registered
[    1.850987] i2c i2c-3: can't use DMA, using PIO instead.
[    1.856788] Linux video capture interface: v2.00
[    1.861454] pps_core: LinuxPPS API ver. 1 registered
[    1.866448] pps_core: Software ver. 5.3.6 - Copyright 2005-2007 Rodolfo Giometti <giometti@linux.it>
[    1.875641] PTP clock support registered
[    1.879675] EDAC MC: Ver: 3.0.0
[    1.882927] dmi: Firmware registration failed.
[    1.887403] bman-fbpr addr 0x00000008fe000000 size 0x1000000
[    1.893107] Bman err interrupt handler present
[    1.897893] Bman portal initialised, cpu 0
[    1.902058] Bman portal initialised, cpu 1
[    1.906219] Bman portal initialised, cpu 2
[    1.910381] Bman portal initialised, cpu 3
[    1.914497] Bman portals initialised
[    1.918848] Qman err interrupt handler present
[    1.923753] QMan: Allocated lookup table at ffff00000b7a5000, entry count 131073
[    1.931486] Qman portal initialised, cpu 0
[    1.935644] Qman portal initialised, cpu 1
[    1.939803] Qman portal initialised, cpu 2
[    1.943970] Qman portal initialised, cpu 3
[    1.948086] Qman portals initialised
[    1.951715] Bman: BPID allocator includes range 32:32
[    1.956818] Qman: FQID allocator includes range 256:256
[    1.962069] Qman: FQID allocator includes range 32768:32768
[    1.967698] Qman: CGRID allocator includes range 0:256
[    1.972984] Qman: pool channel allocator includes range 1025:15
[    1.978989] No USDPAA memory, no 'fsl,usdpaa-mem' in device-tree
[    1.985249] Advanced Linux Sound Architecture Driver Initialized.
[    1.991684] clocksource: Switched to clocksource arch_sys_counter
[    1.997880] VFS: Disk quotas dquot_6.6.0
[    2.001847] VFS: Dquot-cache hash table entries: 512 (order 0, 4096 bytes)
[    2.008813] pnp: PnP ACPI: disabled
[    2.014868] NET: Registered protocol family 2
[    2.019496] TCP established hash table entries: 32768 (order: 6, 262144 bytes)
[    2.026911] TCP bind hash table entries: 32768 (order: 7, 524288 bytes)
[    2.034007] TCP: Hash tables configured (established 32768 bind 32768)
[    2.040616] UDP hash table entries: 2048 (order: 4, 65536 bytes)
[    2.046704] UDP-Lite hash table entries: 2048 (order: 4, 65536 bytes)
[    2.053281] NET: Registered protocol family 1
[    2.057813] RPC: Registered named UNIX socket transport module.
[    2.063768] RPC: Registered udp transport module.
[    2.068508] RPC: Registered tcp transport module.
[    2.073235] RPC: Registered tcp NFSv4.1 backchannel transport module.
[    2.079712] PCI: CLS 0 bytes, default 64
[    2.080094] hw perfevents: enabled with armv8_cortex_a72 PMU driver, 7 counters available
[    2.088575] kvm [1]: 8-bit VMID
[    2.092314] kvm [1]: vgic interrupt IRQ1
[    2.096308] kvm [1]: Hyp mode initialized successfully
[    2.102608] audit: initializing netlink subsys (disabled)
[    2.108086] audit: type=2000 audit(1.972:1): state=initialized audit_enabled=0 res=1
[    2.108238] workingset: timestamp_bits=44 max_order=20 bucket_order=0
[    2.116102] squashfs: version 4.0 (2009/01/31) Phillip Lougher
[    2.116190] NFS: Registering the id_resolver key type
[    2.116199] Key type id_resolver registered
[    2.116200] Key type id_legacy registered
[    2.116205] nfs4filelayout_init: NFSv4 File Layout Driver Registering...
[    2.116253] fuse init (API version 7.26)
[    2.116305] 9p: Installing v9fs 9p2000 file system support
[    2.117417] Block layer SCSI generic (bsg) driver version 0.4 loaded (major 245)
[    2.117458] io scheduler noop registered
[    2.117476] io scheduler cfq registered (default)
[    2.117477] io scheduler mq-deadline registered
[    2.117479] io scheduler kyber registered
[    2.127874] OF: PCI: host bridge /soc/pcie@3400000 ranges:
[    2.127883] OF: PCI:    IO 0x4000010000..0x400001ffff -> 0x00000000
[    2.127887] OF: PCI:   MEM 0x4040000000..0x407fffffff -> 0x40000000
[    2.127960] layerscape-pcie 3400000.pcie: PCI host bridge to bus 0000:00
[    2.127963] pci_bus 0000:00: root bus resource [bus 00-ff]
[    2.127966] pci_bus 0000:00: root bus resource [io  0x0000-0xffff]
[    2.127969] pci_bus 0000:00: root bus resource [mem 0x4040000000-0x407fffffff] (bus address [0x40000000-0x7fffffff])
[    2.127982] pci 0000:00:00.0: [1957:81c0] type 01 class 0x060400
[    2.128001] pci 0000:00:00.0: reg 0x38: [mem 0x4040000000-0x40400007ff pref]
[    2.128026] pci 0000:00:00.0: supports D1 D2
[    2.128028] pci 0000:00:00.0: PME# supported from D0 D1 D2 D3hot
[    2.128142] pci 0000:00:00.0: BAR 6: assigned [mem 0x4040000000-0x40400007ff pref]
[    2.128145] pci 0000:00:00.0: PCI bridge to [bus 01-ff]
[    2.128256] pcieport 0000:00:00.0: Signaling PME with IRQ 66
[    2.128307] pcieport 0000:00:00.0: AER enabled with IRQ 67
[    2.128388] OF: PCI: host bridge /soc/pcie@3600000 ranges:
[    2.128394] OF: PCI:    IO 0x5000010000..0x500001ffff -> 0x00000000
[    2.128398] OF: PCI:   MEM 0x5040000000..0x507fffffff -> 0x40000000
[    2.128452] layerscape-pcie 3600000.pcie: PCI host bridge to bus 0001:00
[    2.128454] pci_bus 0001:00: root bus resource [bus 00-ff]
[    2.128457] pci_bus 0001:00: root bus resource [io  0x10000-0x1ffff] (bus address [0x0000-0xffff])
[    2.128460] pci_bus 0001:00: root bus resource [mem 0x5040000000-0x507fffffff] (bus address [0x40000000-0x7fffffff])
[    2.128468] pci 0001:00:00.0: [1957:81c0] type 01 class 0x060400
[    2.128481] pci 0001:00:00.0: reg 0x38: [mem 0x5040000000-0x50400007ff pref]
[    2.128499] pci 0001:00:00.0: supports D1 D2
[    2.128500] pci 0001:00:00.0: PME# supported from D0 D1 D2 D3hot
[    2.128635] pci 0001:01:00.0: [17cb:1103] type 00 class 0x028000
[    2.128742] pci 0001:01:00.0: reg 0x10: [mem 0x5040200000-0x50403fffff 64bit]
[    2.129115] pci 0001:01:00.0: PME# supported from D0 D3hot D3cold
[    2.143758] pci 0001:00:00.0: BAR 14: assigned [mem 0x5040000000-0x50401fffff]
[    2.143761] pci 0001:00:00.0: BAR 6: assigned [mem 0x5040200000-0x50402007ff pref]
[    2.143764] pci 0001:01:00.0: BAR 0: assigned [mem 0x5040000000-0x50401fffff 64bit]
[    2.143797] pci 0001:00:00.0: PCI bridge to [bus 01-ff]
[    2.143800] pci 0001:00:00.0:   bridge window [mem 0x5040000000-0x50401fffff]
[    2.143883] pcieport 0001:00:00.0: Signaling PME with IRQ 68
[    2.143935] pcieport 0001:00:00.0: AER enabled with IRQ 69
[    2.147149] Freescale LS2 console driver
[    2.147199] fsl-ls2-console: device fsl_mc_console registered
[    2.147230] fsl-ls2-console: device fsl_aiop_console registered
[    2.150031] Serial: 8250/16550 driver, 4 ports, IRQ sharing enabled
[    2.151059] console [ttyS0] disabled
[    2.375284] 21c0500.serial: ttyS0 at MMIO 0x21c0500 (irq = 40, base_baud = 21875000) is a 16550A
[    2.384130] console [ttyS0] enabled
[    2.391114] bootconsole [uart8250] disabled
[    2.399729] 21c0600.serial: ttyS1 at MMIO 0x21c0600 (irq = 40, base_baud = 21875000) is a 16550A
[    2.408706] 21d0500.serial: ttyS2 at MMIO 0x21d0500 (irq = 41, base_baud = 21875000) is a 16550A
[    2.417686] 21d0600.serial: ttyS3 at MMIO 0x21d0600 (irq = 41, base_baud = 21875000) is a 16550A
[    2.426882] SuperH (H)SCI(F) driver initialized
[    2.431752] msm_serial: driver initialized
[    2.439368] brd: module loaded
[    2.445326] loop: module loaded
[    2.505635] ahci-qoriq 3200000.sata: AHCI 0001.0301 32 slots 1 ports 6 Gbps 0x1 impl platform mode
[    2.514599] ahci-qoriq 3200000.sata: flags: 64bit ncq sntf pm clo only pmp fbs pio slum part ccc sds apst
[    2.524608] scsi host0: ahci-qoriq
[    2.528071] ata1: SATA max UDMA/133 mmio [mem 0x03200000-0x0320ffff] port 0x100 irq 51
[    2.538014] random: fast init done
[    2.545870] fsl-quadspi 1550000.quadspi: w25q128 (16384 Kbytes)
[    2.553449] libphy: Fixed MDIO Bus: probed
[    2.557918] tun: Universal TUN/TAP device driver, 1.6
[    2.563640] libphy: Freescale XGMAC MDIO Bus: probed
[    2.569163] libphy: Freescale XGMAC MDIO Bus: probed
[    2.574525] libphy: Freescale XGMAC MDIO Bus: probed
[    2.579651] libphy: Freescale XGMAC MDIO Bus: probed
[    2.584818] libphy: Freescale XGMAC MDIO Bus: probed
[    2.589944] libphy: Freescale XGMAC MDIO Bus: probed
[    2.595074] libphy: Freescale XGMAC MDIO Bus: probed
[    2.600185] libphy: Freescale XGMAC MDIO Bus: probed
[    2.605316] libphy: Freescale XGMAC MDIO Bus: probed
[    2.610437] libphy: Freescale XGMAC MDIO Bus: probed
[    2.624151] Freescale FM module, FMD API version 21.1.0
[    2.631410] Freescale FM Ports module
[    2.635073] fsl_mac: fsl_mac: FSL FMan MAC API based driver
[    2.640861] fsl_mac 1ae2000.ethernet: FMan MEMAC
[    2.645481] fsl_mac 1ae2000.ethernet: FMan MAC address: 76:ef:a4:ac:00:51
[    2.652351] fsl_mac 1ae4000.ethernet: FMan MEMAC
[    2.656967] fsl_mac 1ae4000.ethernet: FMan MAC address: 06:be:f2:70:7f:76
[    2.663834] fsl_mac 1ae6000.ethernet: FMan MEMAC
[    2.668451] fsl_mac 1ae6000.ethernet: FMan MAC address: 56:4b:8e:16:48:eb
[    2.675359] fsl_mac 1ae8000.ethernet: FMan MEMAC
[    2.679977] fsl_mac 1ae8000.ethernet: FMan MAC address: 46:19:9f:83:fc:3f
[    2.686885] fsl_mac 1aea000.ethernet: FMan MEMAC
[    2.691502] fsl_mac 1aea000.ethernet: FMan MAC address: 2a:4f:e2:06:32:72
[    2.698486] fsl_mac 1af0000.ethernet: FMan MEMAC
[    2.703104] fsl_mac 1af0000.ethernet: FMan MAC address: fe:1b:75:99:a8:e2
[    2.710045] fsl_mac 1af2000.ethernet: FMan MEMAC
[    2.714663] fsl_mac 1af2000.ethernet: FMan MAC address: ae:ee:09:ff:9f:7f
[    2.721475] fsl_dpa: FSL DPAA Ethernet driver
[    2.728817] fsl_dpa: fsl_dpa: Probed interface eth0
[    2.736752] fsl_dpa: fsl_dpa: Probed interface eth1
[    2.744461] fsl_dpa: fsl_dpa: Probed interface eth2
[    2.752769] fsl_dpa: fsl_dpa: Probed interface eth3
[    2.761637] fsl_dpa: fsl_dpa: Probed interface eth4
[    2.770279] fsl_dpa: fsl_dpa: Probed interface eth5
[    2.778970] fsl_dpa: fsl_dpa: Probed interface eth6
[    2.783996] fsl_advanced: FSL DPAA Advanced drivers:
[    2.788959] fsl_proxy: FSL DPAA Proxy initialization driver
[    2.794747] fsl_oh: FSL FMan Offline Parsing port driver
[    2.800374] e1000: Intel(R) PRO/1000 Network Driver - version 7.3.21-k8-NAPI
[    2.807453] e1000: Copyright (c) 1999-2006 Intel Corporation.
[    2.813226] e1000e: Intel(R) PRO/1000 Network Driver - 3.2.6-k
[    2.819056] e1000e: Copyright(c) 1999 - 2015 Intel Corporation.
[    2.825016] igb: Intel(R) Gigabit Ethernet Network Driver - version 5.4.0-k
[    2.831975] igb: Copyright (c) 2007-2014 Intel Corporation.
[    2.837562] igbvf: Intel(R) Gigabit Virtual Function Network Driver - version 2.4.0-k
[    2.845389] igbvf: Copyright (c) 2009 - 2012 Intel Corporation.
[    2.851563] sky2: driver version 1.30
[    2.855487] PPP generic driver version 2.4.2
[    2.859822] PPP BSD Compression module registered
[    2.864524] PPP Deflate Compression module registered
[    2.869583] PPP MPPE Compression module registered
[    2.874371] NET: Registered protocol family 24
[    2.878836] usbcore: registered new interface driver asix
[    2.884262] usbcore: registered new interface driver ax88179_178a
[    2.890363] usbcore: registered new interface driver cdc_ether
[    2.896205] usbcore: registered new interface driver net1080
[    2.901874] usbcore: registered new interface driver cdc_subset
[    2.907802] usbcore: registered new interface driver zaurus
[    2.913387] usbcore: registered new interface driver cdc_ncm
[    2.919057] usbcore: registered new interface driver huawei_cdc_ncm
[    2.925331] usbcore: registered new interface driver qmi_wwan
[    2.931335] VFIO - User Level meta-driver version: 0.3
[    2.938033] ehci_hcd: USB 2.0 'Enhanced' Host Controller (EHCI) Driver
[    2.944564] ehci-pci: EHCI PCI platform driver
[    2.949042] ehci-platform: EHCI generic platform driver
[    2.954377] ehci-orion: EHCI orion driver
[    2.958457] ehci-exynos: EHCI EXYNOS driver
[    2.962712] ehci-msm: Qualcomm On-Chip EHCI Host Controller
[    2.968347] ohci_hcd: USB 1.1 'Open' Host Controller (OHCI) Driver
[    2.974529] ohci-pci: OHCI PCI platform driver
[    2.978984] ohci-platform: OHCI generic platform driver
[    2.984293] ohci-exynos: OHCI EXYNOS driver
[    2.988750] xhci-hcd xhci-hcd.0.auto: xHCI Host Controller
[    2.994240] xhci-hcd xhci-hcd.0.auto: new USB bus registered, assigned bus number 1
[    3.002066] xhci-hcd xhci-hcd.0.auto: hcc params 0x0220f66d hci version 0x100 quirks 0x22010810
[    3.010780] xhci-hcd xhci-hcd.0.auto: irq 48, io mem 0x02f00000
[    3.015694] ata1: SATA link up 6.0 Gbps (SStatus 133 SControl 300)
[    3.017810] ata1.00: ATA-11: KINGBANK KM100, SN12521, max UDMA/133
[    3.017813] ata1.00: 250069680 sectors, multi 1: LBA48 NCQ (depth 31/32)
[    3.019930] ata1.00: configured for UDMA/133
[    3.020103] scsi 0:0:0:0: Direct-Access     ATA      KINGBANK KM100   521  PQ: 0 ANSI: 5
[    3.020356] sd 0:0:0:0: [sda] 250069680 512-byte logical blocks: (128 GB/119 GiB)
[    3.020373] sd 0:0:0:0: [sda] Write Protect is off
[    3.020376] sd 0:0:0:0: [sda] Mode Sense: 00 3a 00 00
[    3.020401] sd 0:0:0:0: [sda] Write cache: enabled, read cache: enabled, doesn't support DPO or FUA
[    3.020903]  sda: sda1
[    3.021225] sd 0:0:0:0: [sda] Attached SCSI disk
[    3.076564] hub 1-0:1.0: USB hub found
[    3.080320] hub 1-0:1.0: 1 port detected
[    3.084337] xhci-hcd xhci-hcd.0.auto: xHCI Host Controller
[    3.089822] xhci-hcd xhci-hcd.0.auto: new USB bus registered, assigned bus number 2
[    3.097479] xhci-hcd xhci-hcd.0.auto: Host supports USB 3.0  SuperSpeed
[    3.104270] hub 2-0:1.0: USB hub found
[    3.108025] hub 2-0:1.0: 1 port detected
[    3.112072] xhci-hcd xhci-hcd.1.auto: xHCI Host Controller
[    3.117561] xhci-hcd xhci-hcd.1.auto: new USB bus registered, assigned bus number 3
[    3.125385] xhci-hcd xhci-hcd.1.auto: hcc params 0x0220f66d hci version 0x100 quirks 0x22010810
[    3.134096] xhci-hcd xhci-hcd.1.auto: irq 49, io mem 0x03000000
[    3.140182] hub 3-0:1.0: USB hub found
[    3.143936] hub 3-0:1.0: 1 port detected
[    3.147944] xhci-hcd xhci-hcd.1.auto: xHCI Host Controller
[    3.153429] xhci-hcd xhci-hcd.1.auto: new USB bus registered, assigned bus number 4
[    3.161086] xhci-hcd xhci-hcd.1.auto: Host supports USB 3.0  SuperSpeed
[    3.167875] hub 4-0:1.0: USB hub found
[    3.171623] hub 4-0:1.0: 1 port detected
[    3.175666] xhci-hcd xhci-hcd.2.auto: xHCI Host Controller
[    3.181153] xhci-hcd xhci-hcd.2.auto: new USB bus registered, assigned bus number 5
[    3.188968] xhci-hcd xhci-hcd.2.auto: hcc params 0x0220f66d hci version 0x100 quirks 0x22010810
[    3.197676] xhci-hcd xhci-hcd.2.auto: irq 50, io mem 0x03100000
[    3.203762] hub 5-0:1.0: USB hub found
[    3.207510] hub 5-0:1.0: 1 port detected
[    3.211520] xhci-hcd xhci-hcd.2.auto: xHCI Host Controller
[    3.217008] xhci-hcd xhci-hcd.2.auto: new USB bus registered, assigned bus number 6
[    3.224664] xhci-hcd xhci-hcd.2.auto: Host supports USB 3.0  SuperSpeed
[    3.231450] hub 6-0:1.0: USB hub found
[    3.235204] hub 6-0:1.0: 1 port detected
[    3.239419] usbcore: registered new interface driver cdc_wdm
[    3.245115] usbcore: registered new interface driver usb-storage
[    3.256843] rtc-pcf8563 2-0051: low voltage detected, date/time is not reliable.
[    3.264294] rtc-pcf8563 2-0051: rtc core: registered rtc-pcf8563 as rtc0
[    3.273138] i2c /dev entries driver
[    3.277891] IR NEC protocol handler initialized
[    3.282420] IR RC5(x/sz) protocol handler initialized
[    3.287466] IR RC6 protocol handler initialized
[    3.291999] IR JVC protocol handler initialized
[    3.296525] IR Sony protocol handler initialized
[    3.301137] IR SANYO protocol handler initialized
[    3.305835] IR Sharp protocol handler initialized
[    3.310534] IR MCE Keyboard/mouse protocol handler initialized
[    3.316363] IR XMP protocol handler initialized
[    3.320930] usbcore: registered new interface driver uvcvideo
[    3.326672] USB Video Class driver (1.1.1)
[    3.332046] imx2-wdt 2ad0000.watchdog: timeout 60 sec (nowayout=0)
[    3.338809] qoriq_cpufreq: Freescale QorIQ CPU frequency scaling driver
[    3.345680] sdhci: Secure Digital Host Controller Interface driver
[    3.351857] sdhci: Copyright(c) Pierre Ossman
[    3.356336] Synopsys Designware Multimedia Card Interface Driver
[    3.362996] sdhci-pltfm: SDHCI platform and OF driver helper
[    3.411705] mmc0: SDHCI controller on 1560000.esdhc [1560000.esdhc] using ADMA 64-bit
[    3.423513] ledtrig-cpu: registered to indicate activity on CPUs
[    3.430912] platform caam_qi: Linux CAAM Queue I/F driver initialised
[    3.437452] caam 1700000.crypto: device ID = 0x0a11030100000000 (Era 8)
[    3.444093] caam 1700000.crypto: job rings = 3, qi = 1, dpaa2 = no
[    3.454850] caam algorithms registered in /proc/crypto
[    3.461383] platform caam_qi: algorithms registered in /proc/crypto
[    3.468451] caam_jr 1710000.jr: registering rng-caam
[    3.473451] caam 1700000.crypto: caam pkc algorithms registered in /proc/crypto
[    3.481043] usbcore: registered new interface driver usbhid
[    3.483705] usb 3-1: new high-speed USB device number 2 using xhci-hcd
[    3.493190] usbhid: USB HID core driver
[    3.497620] Freescale USDPAA process driver
[    3.501802] fsl-usdpaa: no region found
[    3.505644] Freescale USDPAA process IRQ driver
[    3.510885] optee: probing for conduit method from DT.
[    3.516205] optee: initialized driver
[    3.520409] Netfilter messages via NETLINK v0.30.
[    3.525200] nf_conntrack version 0.5.0 (16384 buckets, 65536 max)
[    3.527940] mmc0: new HS200 MMC card at address 0001
[    3.528098] mmcblk0: mmc0:0001 88A398 7.28 GiB
[    3.528178] mmcblk0boot0: mmc0:0001 88A398 partition 1 4.00 MiB
[    3.528262] mmcblk0boot1: mmc0:0001 88A398 partition 2 4.00 MiB
[    3.528343] mmcblk0rpmb: mmc0:0001 88A398 partition 3 4.00 MiB
[    3.528875]  mmcblk0: p1 p2 p3
[    3.561578] nf_tables: (c) 2007-2009 Patrick McHardy <kaber@trash.net>
[    3.568103] nf_tables_compat: (c) 2012 Pablo Neira Ayuso <pablo@netfilter.org>
[    3.575416] ip_tables: (C) 2000-2006 Netfilter Core Team
[    3.580964] Initializing XFRM netlink socket
[    3.585270] NET: Registered protocol family 10
[    3.590142] Segment Routing with IPv6
[    3.593842] sit: IPv6, IPv4 and MPLS over IPv4 tunneling driver
[    3.599939] NET: Registered protocol family 17
[    3.604386] NET: Registered protocol family 15
[    3.608837] Bridge firewalling registered
[    3.612843] Ebtables v2.0 registered
[    3.616490] l2tp_core: L2TP core driver, V2.0
[    3.620846] l2tp_ppp: PPPoL2TP kernel driver, V2.0
[    3.625632] 8021q: 802.1Q VLAN Support v1.8
[    3.629831] 9pnet: Installing 9P2000 support
[    3.634119] Key type dns_resolver registered
[    3.638644] registered taskstats version 1
[    3.642968] Btrfs loaded, crc32c=crc32c-generic
[    3.647892] hub 3-1:1.0: USB hub found
[    3.650627] rtc-pcf8563 2-0051: low voltage detected, date/time is not reliable.
[    3.650629] rtc-pcf8563 2-0051: hctosys: unable to read the hardware clock
[    3.651715] ALSA device list:
[    3.651716]   No soundcards found.
[    3.672515] hub 3-1:1.0: 4 ports detected
[    3.767843] usb 4-1: new SuperSpeed USB device number 2 using xhci-hcd
[    3.840702] random: crng init done
[    3.844198] hub 4-1:1.0: USB hub found
[    3.849087] hub 4-1:1.0: 4 ports detected
[    3.876791] pcieport 0000:00:00.0: AER: Multiple Corrected error received: id=0000
[    3.884476] pcieport 0000:00:00.0: PCIe Bus Error: severity=Corrected, type=Physical Layer, id=0000(Receiver ID)
[    3.894743] pcieport 0000:00:00.0:   device [1957:81c0] error status/mask=00000001/00006000
[    3.903105] pcieport 0000:00:00.0:    [ 0] Receiver Error         (First)
[    3.910006] pcieport 0000:00:00.0: AER: Multiple Corrected error received: id=0000
[    3.917677] pcieport 0000:00:00.0: can't find device of ID0000
[    3.965108] EXT4-fs (sda1): 18 orphan inodes deleted
[    3.970082] EXT4-fs (sda1): recovery complete
[    3.977353] EXT4-fs (sda1): mounted filesystem with ordered data mode. Opts: (null)
[    3.985030] VFS: Mounted root (ext4 filesystem) on device 8:1.
[    3.991279] devtmpfs: mounted
[    3.994725] Freeing unused kernel memory: 1216K
[    4.011698] usb 3-1.1: new high-speed USB device number 3 using xhci-hcd
[    4.058684] systemd[1]: System time before build time, advancing clock.
[    4.070423] systemd[1]: systemd 237 running in system mode. (+PAM +AUDIT +SELINUX +IMA +APPARMOR +SMACK +SYSVINIT +UTMP +LIBCRYPTSETUP +GCRYPT +GNUTLS +ACL +XZ +LZ4 +SECCOMP +BLKID +ELFUTILS +KMOD -IDN2 +IDN -PCRE2 default-hierarchy=hybrid)
[    4.091850] systemd[1]: Detected architecture arm64.
[    4.111984] systemd[1]: Set hostname to <localhost>.
[    4.180573] systemd[1]: /lib/systemd/system/systemd-udevd.service:31: Unknown lvalue 'RestrictSUIDSGID' in section 'Service'
[    4.191821] systemd[1]: File /lib/systemd/system/systemd-udevd.service:35 configures an IP firewall (IPAddressDeny=any), but the local system does not support BPF/cgroup based firewalling.
[    4.208602] systemd[1]: Proceeding WITHOUT firewalling in effect! (This warning is only shown for the first loaded unit using IP firewalling.)
[    4.259176] systemd[1]: Configuration file /etc/systemd/system/forlinx.service is marked executable. Please remove executable permission bits. Proceeding anyway.
[    4.271701] usb 3-1.3: new full-speed USB device number 4 using xhci-hcd
[    4.280389] systemd[1]: Configuration file /etc/systemd/system/forlinx.service is marked world-writable. Please remove world writability permission bits. Proceeding anyway.
[    4.303553] systemd[1]: Started Forward Password Requests to Wall Directory Watch.
[    4.327803] systemd[1]: Started Dispatch Password Requests to Console Directory Watch.
[    4.499698] usb 3-1.4: new full-speed USB device number 5 using xhci-hcd
[    5.424169] systemd-journald[3096]: Received request to flush runtime journal from PID 1
[    5.466829] usbcore: registered new interface driver usbserial
[    5.466855] usbcore: registered new interface driver usbserial_generic
[    5.466876] usbserial: USB Serial support registered for generic
[    5.468743] usbcore: registered new interface driver ch341
[    5.468766] usbserial: USB Serial support registered for ch341-uart
[    5.468796] ch341 3-1.4:1.0: ch341-uart converter detected
[    5.469206] usb 3-1.4: ch341-uart converter now attached to ttyUSB0
[    5.477777] systemd-journald[3096]: File /var/log/journal/1fca3123000249359f352a121666f6f8/system.journal corrupted or uncleanly shut down, renaming and replacing.
[    5.668537] rtc-rx8010 2-0032: Unable to read registers #32..#32
[    5.676337] i2c i2c-2: probing for rx8010 failed
[    5.725903] usbcore: registered new interface driver cp210x
[    5.725937] usbserial: USB Serial support registered for cp210x
[    5.725994] cp210x 3-1.3:1.0: cp210x converter detected
[    5.726692] usb 3-1.3: cp210x converter now attached to ttyUSB1
[    5.742843] fsl_dpa soc:fsl,dpaa:ethernet@8 fm1-mac9: renamed from eth5
[    5.752953] wlan_cnss_core_pcie: loading out-of-tree module taints kernel.
[    5.753466] wlan_cnss_core_pcie: Unknown symbol vfs_write (err 0)
[    5.756288] fsl_dpa soc:fsl,dpaa:ethernet@3 fm1-mac4: renamed from eth2
[    5.776315] fsl_dpa soc:fsl,dpaa:ethernet@1 fm1-mac2: renamed from eth0
[    5.796436] fsl_dpa soc:fsl,dpaa:ethernet@2 fm1-mac3: renamed from eth1
[    5.822119] fsl_dpa soc:fsl,dpaa:ethernet@4 fm1-mac5: renamed from eth3
[    5.845625] fsl_dpa soc:fsl,dpaa:ethernet@5 fm1-mac6: renamed from eth4
[    5.868600] fsl_dpa soc:fsl,dpaa:ethernet@9 fm1-mac10: renamed from eth6
[    5.875809] EXT4-fs (mmcblk0p3): recovery complete
[    5.875819] EXT4-fs (mmcblk0p3): mounted filesystem with ordered data mode. Opts: (null)
[    5.881605] FAT-fs (mmcblk0p2): Volume was not properly unmounted. Some data may be corrupt. Please run fsck.
[    6.021299] usb 3-1.1: reset high-speed USB device number 3 using xhci-hcd
[    6.162040] ieee80211 phy0: rt2x00_set_rt: Info - RT chipset 3070, rev 0201 detected
[    6.171525] ieee80211 phy0: rt2x00_set_rf: Info - RF chipset 0005 detected
[    6.171848] ieee80211 phy0: Selected rate control algorithm 'minstrel_ht'
[    6.172350] usbcore: registered new interface driver rt2800usb
[    6.175763] rt2800usb 3-1.1:1.0 wlx7cdd901b2360: renamed from wlan0
[    6.483221] ieee80211 phy0: rt2x00lib_request_firmware: Info - Loading firmware file 'rt2870.bin'
[    6.483607] ieee80211 phy0: rt2x00lib_request_firmware: Info - Firmware detected - version: 0.36
[    6.856156] IPv6: ADDRCONF(NETDEV_UP): wlx7cdd901b2360: link is not ready
[    6.860619] IPv6: ADDRCONF(NETDEV_UP): fm1-mac3: link is not ready
[    7.064101] new mount options do not match the existing superblock, will be ignored
[    7.413190] rtc-pcf8563 2-0051: low voltage detected, date/time is not reliable.
[    7.955726] usb 1-1: new full-speed USB device number 2 using xhci-hcd
[    8.048315] ip6_tables: (C) 2000-2006 Netfilter Core Team
[    8.105803] usb 1-1: not running at top speed; connect to a high speed hub
[    8.412765] virbr0: port 1(virbr0-nic) entered blocking state
[    8.412772] virbr0: port 1(virbr0-nic) entered disabled state
[    8.412956] device virbr0-nic entered promiscuous mode
[    8.828361] virbr0: port 1(virbr0-nic) entered blocking state
[    8.828367] virbr0: port 1(virbr0-nic) entered listening state
[    8.896226] virbr0: port 1(virbr0-nic) entered disabled state
[    9.924062] IPv6: ADDRCONF(NETDEV_CHANGE): fm1-mac3: link becomes ready
[   11.752308] usb 1-1: USB disconnect, device number 2
[   12.174317] Intel(R) Wireless WiFi driver for Linux
[   12.174320] Copyright(c) 2003- 2015 Intel Corporation
[   12.261212] pcieport 0000:00:00.0: AER: Multiple Corrected error received: id=0000
[   12.261219] pcieport 0000:00:00.0: PCIe Bus Error: severity=Corrected, type=Physical Layer, id=0000(Receiver ID)
[   12.271429] pcieport 0000:00:00.0:   device [1957:81c0] error status/mask=00000001/00006000
[   12.279809] pcieport 0000:00:00.0:    [ 0] Receiver Error         (First)
[   20.783832] usb 2-1: new SuperSpeed USB device number 2 using xhci-hcd
[   20.864231] usb 2-1: Enable of device-initiated U1 failed.
[   20.896258] usb 2-1: Enable of device-initiated U2 failed.
[   20.896588] usb 2-1: Disable of device-initiated U1 failed.
[   20.896662] usb 2-1: Disable of device-initiated U2 failed.
[   20.949616] cdc_ncm 2-1:1.0: MAC-Address: ea:47:11:76:d7:d7
[   20.950351] cdc_ncm 2-1:1.0 usb0: register 'cdc_ncm' at usb-xhci-hcd.0.auto-1, CDC NCM, ea:47:11:76:d7:d7
[   20.960201] usb 2-1: Enable of device-initiated U1 failed.
[   20.992231] usb 2-1: Enable of device-initiated U2 failed.
[   21.012835] usbcore: registered new interface driver option
[   21.012920] usbserial: USB Serial support registered for GSM modem (1-port)
[   21.013086] option 2-1:1.2: GSM modem (1-port) converter detected
[   21.013434] usb 2-1: GSM modem (1-port) converter now attached to ttyUSB2
[   21.013821] option 2-1:1.3: GSM modem (1-port) converter detected
[   21.014036] usb 2-1: GSM modem (1-port) converter now attached to ttyUSB3
[   21.014180] option 2-1:1.4: GSM modem (1-port) converter detected
[   21.014370] usb 2-1: GSM modem (1-port) converter now attached to ttyUSB4
[   21.014518] option 2-1:1.5: GSM modem (1-port) converter detected
[   21.014806] usb 2-1: GSM modem (1-port) converter now attached to ttyUSB5
[   21.014912] option 2-1:1.6: GSM modem (1-port) converter detected
[   21.015047] usb 2-1: GSM modem (1-port) converter now attached to ttyUSB6
[   85.041704] systemd-journald[3096]: File /var/log/journal/1fca3123000249359f352a121666f6f8/user-1000.journal corrupted or uncleanly shut down, renaming and replacing.
[   98.803107] wlx7cdd901b2360: authenticate with b6:1c:2e:10:37:49
[   98.854251] wlx7cdd901b2360: send auth to b6:1c:2e:10:37:49 (try 1/3)
[   98.863235] wlx7cdd901b2360: authenticated
[   98.863710] wlx7cdd901b2360: associate with b6:1c:2e:10:37:49 (try 1/3)
[   98.906747] wlx7cdd901b2360: RX AssocResp from b6:1c:2e:10:37:49 (capab=0x1431 status=0 aid=9)
[   98.916546] wlx7cdd901b2360: associated
[   98.939325] IPv6: ADDRCONF(NETDEV_CHANGE): wlx7cdd901b2360: link becomes ready
[   98.984910] wlx7cdd901b2360: Limiting TX power to 23 (23 - 0) dBm as advertised by b6:1c:2e:10:37:49
[  101.311748] IPv6: ADDRCONF(NETDEV_UP): lxcbr0: link is not ready
[  349.361169] wlx7cdd901b2360: deauthenticating from b6:1c:2e:10:37:49 by local choice (Reason: 3=DEAUTH_LEAVING)
[  361.843081] wlx7cdd901b2360: authenticate with b6:1c:2e:10:37:49
[  361.892127] wlx7cdd901b2360: send auth to b6:1c:2e:10:37:49 (try 1/3)
[  361.898858] wlx7cdd901b2360: authenticated
[  361.899710] wlx7cdd901b2360: associate with b6:1c:2e:10:37:49 (try 1/3)
[  361.936636] wlx7cdd901b2360: RX AssocResp from b6:1c:2e:10:37:49 (capab=0x1431 status=0 aid=10)
[  361.946322] wlx7cdd901b2360: associated
[  361.956759] wlx7cdd901b2360: Limiting TX power to 23 (23 - 0) dBm as advertised by b6:1c:2e:10:37:49
[ 2062.549753] NET: Registered protocol family 27
[ 2062.549817] [enable_bb_ctxt] 0x1000
[ 2062.553374] [enable_bb_ctxt] 0x1000
[ 2062.556955] cnss: wlan en pin is not supported
[ 2062.556956] cnss: wlan en pin is not supported
[ 2062.557012] cnss: PCI is probing, vendor ID: 0x17cb, device ID: 0x1103
[ 2062.557028] cnss_pci 0001:01:00.0: BAR 0: assigned [mem 0x5040000000-0x50401fffff 64bit]
[ 2062.557146] cnss: lnkctl 0x10120040
[ 2062.557331] cnss: Current L1SS status: 0x0
[ 2062.557336] cnss: Current ASPM status: 0x40
[ 2062.561845] cnss: MSI base data is 0
[ 2062.566046] cnss: BAR start is 0xffff00000b200000, BAR end is 0xffff00000b400000
[ 2062.566048] cnss: IRQ start is 0x000000000000004d, IRQ end is 0x000000000000004e
[ 2062.566051] rddm size 420000
[ 2062.566201] IPC_RTR: ipc_router_mhi_xprt_cb: Invalid cb reason 6
[ 2062.575096] IPC_RTR: ipc_router_mhi_xprt_cb: Invalid cb reason 6
[ 2062.581290] cnss: wlan en pin is not supported
[ 2062.581365] cnss: cnss SYSFS create success
[ 2062.581513] cnss: cnss qmi init success
[ 2062.581534] cnss: Platform driver probed successfully.
[ 2062.581536] diagchar initializing ..
[ 2062.581539] diagchar initialized now..
[ 2062.581641] [enable_bb_ctxt] 0x800
[ 2062.585075] [enable_bb_ctxt] 0x800
[ 2079.738101] wlan: Unknown symbol hdd_dump_log_buffer (err 0)
[ 4956.935895] wlx7cdd901b2360: authenticate with b6:1c:2e:10:37:49
[ 4956.984731] wlx7cdd901b2360: send auth to b6:1c:2e:10:37:49 (try 1/3)
[ 4957.025488] wlx7cdd901b2360: send auth to b6:1c:2e:10:37:49 (try 2/3)
[ 4957.065140] wlx7cdd901b2360: send auth to b6:1c:2e:10:37:49 (try 3/3)
[ 4957.129498] wlx7cdd901b2360: authentication with b6:1c:2e:10:37:49 timed out
[ 4963.817781] wlan: Unknown symbol hdd_dump_log_buffer (err 0)
[ 4996.650828] wlx7cdd901b2360: authenticate with b6:1c:2e:10:37:49
[ 4996.701002] wlx7cdd901b2360: send auth to b6:1c:2e:10:37:49 (try 1/3)
[ 4996.752741] wlx7cdd901b2360: authenticated
[ 4996.755779] wlx7cdd901b2360: associate with b6:1c:2e:10:37:49 (try 1/3)
[ 4996.795379] wlx7cdd901b2360: RX AssocResp from b6:1c:2e:10:37:49 (capab=0x1431 status=0 aid=3)
[ 4996.804943] wlx7cdd901b2360: associated
[ 4998.571905] wlx7cdd901b2360: Limiting TX power to 23 (23 - 0) dBm as advertised by b6:1c:2e:10:37:49
[ 5084.983417] wlx7cdd901b2360: authenticate with b6:1c:2e:10:37:49
[ 5085.031876] wlx7cdd901b2360: send auth to b6:1c:2e:10:37:49 (try 1/3)
[ 5085.085499] wlx7cdd901b2360: send auth to b6:1c:2e:10:37:49 (try 2/3)
[ 5085.146139] wlx7cdd901b2360: send auth to b6:1c:2e:10:37:49 (try 3/3)
[ 5085.169741] wlx7cdd901b2360: authentication with b6:1c:2e:10:37:49 timed out
[ 5099.555271] wlx7cdd901b2360: authenticate with b6:1c:2e:10:37:49
[ 5099.603879] wlx7cdd901b2360: send auth to b6:1c:2e:10:37:49 (try 1/3)
[ 5099.621510] wlx7cdd901b2360: authenticated
[ 5099.623725] wlx7cdd901b2360: associate with b6:1c:2e:10:37:49 (try 1/3)
[ 5099.693515] wlx7cdd901b2360: RX AssocResp from b6:1c:2e:10:37:49 (capab=0x1431 status=0 aid=4)
[ 5099.703197] wlx7cdd901b2360: associated
[ 5099.849022] wlx7cdd901b2360: Limiting TX power to 23 (23 - 0) dBm as advertised by b6:1c:2e:10:37:49
[ 5123.943323] wlx7cdd901b2360: authenticate with b6:1c:2e:10:37:49
[ 5123.993130] wlx7cdd901b2360: send auth to b6:1c:2e:10:37:49 (try 1/3)
[ 5124.095741] wlx7cdd901b2360: send auth to b6:1c:2e:10:37:49 (try 2/3)
[ 5124.141256] wlx7cdd901b2360: authenticated
[ 5124.143719] wlx7cdd901b2360: associate with b6:1c:2e:10:37:49 (try 1/3)
[ 5124.190267] wlx7cdd901b2360: associate with b6:1c:2e:10:37:49 (try 2/3)
[ 5124.214376] wlx7cdd901b2360: RX AssocResp from b6:1c:2e:10:37:49 (capab=0x1431 status=0 aid=5)
[ 5124.224317] wlx7cdd901b2360: associated
[ 5124.241241] wlx7cdd901b2360: disassociated from b6:1c:2e:10:37:49 (Reason: 4=DISASSOC_DUE_TO_INACTIVITY)
[ 5125.743612] wlx7cdd901b2360: authenticate with b6:1c:2e:10:37:49
[ 5125.793127] wlx7cdd901b2360: send auth to b6:1c:2e:10:37:49 (try 1/3)
[ 5125.827015] wlx7cdd901b2360: send auth to b6:1c:2e:10:37:49 (try 2/3)
[ 5125.836739] wlx7cdd901b2360: authenticated
[ 5125.839726] wlx7cdd901b2360: associate with b6:1c:2e:10:37:49 (try 1/3)
[ 5125.926494] wlx7cdd901b2360: associate with b6:1c:2e:10:37:49 (try 2/3)
[ 5125.932377] wlx7cdd901b2360: RX AssocResp from b6:1c:2e:10:37:49 (capab=0x1431 status=0 aid=6)
[ 5125.942312] wlx7cdd901b2360: associated
[ 5126.166766] wlx7cdd901b2360: Limiting TX power to 23 (23 - 0) dBm as advertised by b6:1c:2e:10:37:49
[ 5136.019517] wlx7cdd901b2360: authenticate with b6:1c:2e:10:37:49
[ 5136.069875] wlx7cdd901b2360: send auth to b6:1c:2e:10:37:49 (try 1/3)
[ 5136.175721] wlx7cdd901b2360: send auth to b6:1c:2e:10:37:49 (try 2/3)
[ 5136.210008] wlx7cdd901b2360: authenticated
[ 5136.211728] wlx7cdd901b2360: associate with b6:1c:2e:10:37:49 (try 1/3)
[ 5136.257140] wlx7cdd901b2360: RX AssocResp from b6:1c:2e:10:37:49 (capab=0x1431 status=0 aid=7)
[ 5136.267073] wlx7cdd901b2360: associated
[ 5136.406904] wlx7cdd901b2360: Limiting TX power to 23 (23 - 0) dBm as advertised by b6:1c:2e:10:37:49
[ 5201.963356] wlx7cdd901b2360: authenticate with b6:1c:2e:10:37:49
[ 5202.011875] wlx7cdd901b2360: send auth to b6:1c:2e:10:37:49 (try 1/3)
[ 5202.151733] wlx7cdd901b2360: send auth to b6:1c:2e:10:37:49 (try 2/3)
[ 5202.157256] wlx7cdd901b2360: authenticated
[ 5202.159718] wlx7cdd901b2360: associate with b6:1c:2e:10:37:49 (try 1/3)
[ 5202.202015] wlx7cdd901b2360: RX AssocResp from b6:1c:2e:10:37:49 (capab=0x1431 status=0 aid=8)
[ 5202.211546] wlx7cdd901b2360: associated
[ 5208.003248] wlx7cdd901b2360: authenticate with b6:1c:2e:10:37:49
[ 5208.052734] wlx7cdd901b2360: send auth to b6:1c:2e:10:37:49 (try 1/3)
[ 5208.184481] wlx7cdd901b2360: send auth to b6:1c:2e:10:37:49 (try 2/3)
[ 5208.199376] wlx7cdd901b2360: authenticated
[ 5208.199802] wlx7cdd901b2360: associate with b6:1c:2e:10:37:49 (try 1/3)
[ 5208.234378] wlx7cdd901b2360: RX AssocResp from b6:1c:2e:10:37:49 (capab=0x1431 status=0 aid=9)
[ 5208.244865] wlx7cdd901b2360: associated
[ 5209.113150] wlx7cdd901b2360: Limiting TX power to 23 (23 - 0) dBm as advertised by b6:1c:2e:10:37:49
[ 5246.955198] wlx7cdd901b2360: authenticate with b6:1c:2e:10:37:49
[ 5247.004253] wlx7cdd901b2360: send auth to b6:1c:2e:10:37:49 (try 1/3)
[ 5247.111740] wlx7cdd901b2360: send auth to b6:1c:2e:10:37:49 (try 2/3)
[ 5247.143632] wlx7cdd901b2360: authenticated
[ 5247.147721] wlx7cdd901b2360: associate with b6:1c:2e:10:37:49 (try 1/3)
[ 5247.186744] wlx7cdd901b2360: RX AssocResp from b6:1c:2e:10:37:49 (capab=0x1431 status=0 aid=10)
[ 5247.196201] wlx7cdd901b2360: associated
[ 5247.309915] wlx7cdd901b2360: Limiting TX power to 23 (23 - 0) dBm as advertised by b6:1c:2e:10:37:49
[ 5423.947472] wlx7cdd901b2360: authenticate with b6:1c:2e:10:37:49
[ 5423.996733] wlx7cdd901b2360: send auth to b6:1c:2e:10:37:49 (try 1/3)
[ 5424.103742] wlx7cdd901b2360: send auth to b6:1c:2e:10:37:49 (try 2/3)
[ 5424.149497] wlx7cdd901b2360: authenticated
[ 5424.151715] wlx7cdd901b2360: associate with b6:1c:2e:10:37:49 (try 1/3)
[ 5424.193251] wlx7cdd901b2360: RX AssocResp from b6:1c:2e:10:37:49 (capab=0x1431 status=0 aid=1)
[ 5424.203067] wlx7cdd901b2360: associated
[ 5425.696785] wlx7cdd901b2360: Limiting TX power to 23 (23 - 0) dBm as advertised by b6:1c:2e:10:37:49
[ 5652.214853] wlx7cdd901b2360: authenticate with b6:1c:2e:10:37:49
[ 5652.264731] wlx7cdd901b2360: send auth to b6:1c:2e:10:37:49 (try 1/3)
[ 5652.371718] wlx7cdd901b2360: send auth to b6:1c:2e:10:37:49 (try 2/3)
[ 5652.423252] wlx7cdd901b2360: authenticated
[ 5652.423727] wlx7cdd901b2360: associate with b6:1c:2e:10:37:49 (try 1/3)
[ 5652.482016] wlx7cdd901b2360: RX AssocResp from b6:1c:2e:10:37:49 (capab=0x1431 status=0 aid=2)
[ 5652.491540] wlx7cdd901b2360: associated
[ 5652.724899] wlx7cdd901b2360: Limiting TX power to 23 (23 - 0) dBm as advertised by b6:1c:2e:10:37:49
[ 5689.157349] wlan: Loading driver v5.2.0.220S.061 +TIMER_MANAGER +MEMORY_DEBUG +PANIC_ON_BUG
[ 5689.167914] wlan_hdd_state wlan major(235) initialized
[ 5689.167927] cnss: Posting event: REGISTER_DRIVER(7)-sync, state: 0x0
[ 5689.167930] cnss: PM stay awake, state: 0x0, count: 1
[ 5689.167932] cnss_pm_stay_awake: NAP-TODO
[ 5689.168270] cnss: cnss_driver_event_work
[ 5689.168274] cnss: Processing driver event: REGISTER_DRIVER-sync(7), state: 0x0
[ 5689.168277] cnss: wlan en pin is not supported
[ 5689.168550] cnss: lnkctl 0x10120040
[ 5689.168566] cnss: QMI timeout is 10000 ms
[ 5689.168569] cnss: Setting MHI state: INIT(0)
[ 5689.247724] [bhi_probe] jtagid:0x1019b0e1
[ 5689.271360] cma: cma_alloc: alloc failed, req-size: 129 pages, ret: -12
[ 5689.271543] cnss: Setting MHI state: POWER_ON(5)
[ 5690.000148] cnss: Received QMI WLFW service event: 2
[ 5690.000156] cnss: Posting event: SERVER_ARRIVE(0), state: 0x10
[ 5690.023757] cnss: Processing driver event: SERVER_ARRIVE(0), state: 0x10
[ 5690.023772] cnss: Completed event: REGISTER_DRIVER(7), state: 0x10, ret: 0/0
[ 5690.023865] cnss: QMI WLFW service connected, state: 0x11
[ 5690.023869] cnss: Sending indication register message, state: 0x11
[ 5690.025197] cnss: Received QMI WLFW event: 1
[ 5690.025210] cnss: Receiving QMI WLFW event in work queue context
[ 5690.025227] cnss: Receiving QMI event completed
[ 5690.025235] cnss: Sending host capability message, state: 0x11
[ 5690.025239] cnss: Number of clients is 1
[ 5690.025245] cnss: Assign MSI to user: WAKE, num_vectors: 1, user_base_data: 13, base_vector: 13
[ 5690.025249] cnss: WAKE MSI base data is 13
[ 5690.025252] cnss: Calibration done is 0
[ 5690.025255] cnss: nm_modem is 2
[ 5690.026558] cnss: Received QMI WLFW event: 1
[ 5690.026567] cnss: Received QMI WLFW event: 1
[ 5690.026575] cnss: Receiving QMI WLFW event in work queue context
[ 5690.026593] cnss: Received QMI WLFW indication, msg_id: 0x35, msg_len: 22
[ 5690.026604] cnss: FW memory segment count is 2
[ 5690.026609] cnss: Posting event: REQUEST_MEM(2), state: 0x11
[ 5690.026615] cnss: Receiving QMI event completed
[ 5690.026620] cnss: Processing driver event: REQUEST_MEM(2), state: 0x11
[ 5690.026649] cma: cma_alloc: alloc failed, req-size: 1504 pages, ret: -12
[ 5690.026653] cnss: Failed to allocate memory for FW, size: 0x5dc000, type: 1
[ 5690.033651] cnss: PM relax, state: 0x11, count: 0
[ 5690.033654] cnss_pm_relax: NAP-TODO
[ 5690.033658] cnss: cnss_driver_event_work
[ 5690.033661] cnss: PM stay awake, state: 0x11, count: 1
[ 5690.033664] cnss_pm_stay_awake: NAP-TODO
[ 5690.033667] cnss: PM relax, state: 0x11, count: 0
[ 5690.033670] cnss_pm_relax: NAP-TODO
[ 5710.947700] cnss: Timeout waiting for FW ready indication
[ 5710.953127] cnss: Posting event: RECOVERY(9), state: 0x11
[ 5710.953135] cnss: PM stay awake, state: 0x11, count: 1
[ 5710.953140] cnss_pm_stay_awake: NAP-TODO
[ 5710.953151] cnss: PM relax, state: 0x11, count: 0
[ 5710.953156] cnss_pm_relax: NAP-TODO
[ 5710.953165] cnss: cnss_driver_event_work
[ 5710.953172] cnss: PM stay awake, state: 0x11, count: 1
[ 5710.953179] cnss_pm_stay_awake: NAP-TODO
[ 5710.953184] cnss: Processing driver event: RECOVERY(9), state: 0x11
[ 5710.953189] cnss: Driver recovery is triggered with reason: TIMEOUT(3)
[ 5710.953193] cnss: PM relax, state: 0x191, count: 0
[ 5710.953195] cnss_pm_relax: NAP-TODO
forlinx@localhost:~/wlan$ ^C
forlinx@localhost:~/wlan$ df -h
Filesystem      Size  Used Avail Use% Mounted on
/dev/root       117G   17G   95G  15% /
devtmpfs        1.9G     0  1.9G   0% /dev
tmpfs           1.9G  4.0K  1.9G   1% /dev/shm
tmpfs           1.9G  2.7M  1.9G   1% /run
tmpfs           5.0M     0  5.0M   0% /run/lock
tmpfs           1.9G     0  1.9G   0% /sys/fs/cgroup
tmpfs           383M     0  383M   0% /run/user/1000
forlinx@localhost:~/wlan$ free
              total        used        free      shared  buff/cache   available
Mem:        3916148      148824     2067048        8108     1700276     3592704
Swap:             0           0           0
forlinx@localhost:~/wlan$ top
top - 17:02:58 up  1:38,  2 users,  load average: 0.00, 0.02, 0.01
Tasks: 139 total,   1 running,  86 sleeping,   0 stopped,   0 zombie
%Cpu(s):  1.9 us,  0.3 sy,  0.0 ni, 97.7 id,  0.0 wa,  0.0 hi,  0.0 si,  0.0 st
KiB Mem :  3916148 total,  2066136 free,   149584 used,  1700428 buff/cache
KiB Swap:        0 total,        0 free,        0 used.  3591876 avail Mem

  PID USER      PR  NI    VIRT    RES    SHR S  %CPU %MEM     TIME+ COMMAND                                                                                 
15291 forlinx   20   0    8708   3208   2588 R   6.2  0.1   0:00.02 top                                                                                     
    1 root      20   0  161112   8212   5740 S   0.0  0.2   0:04.46 systemd                                                                                 
    2 root      20   0       0      0      0 S   0.0  0.0   0:00.00 kthreadd                                                                                
    4 root       0 -20       0      0      0 I   0.0  0.0   0:00.00 kworker/0:0H                                                                            
    6 root       0 -20       0      0      0 I   0.0  0.0   0:00.00 mm_percpu_wq                                                                            
    7 root      20   0       0      0      0 S   0.0  0.0   0:00.09 ksoftirqd/0                                                                             
    8 root      20   0       0      0      0 I   0.0  0.0   0:00.26 rcu_preempt                                                                             
    9 root      20   0       0      0      0 I   0.0  0.0   0:00.00 rcu_sched                                                                               
   10 root      20   0       0      0      0 I   0.0  0.0   0:00.00 rcu_bh                                                                                  
   11 root      rt   0       0      0      0 S   0.0  0.0   0:00.00 migration/0                                                                             
   12 root      20   0       0      0      0 S   0.0  0.0   0:00.00 cpuhp/0                                                                                 
   13 root      20   0       0      0      0 S   0.0  0.0   0:00.00 cpuhp/1                                                                                 
   14 root      rt   0       0      0      0 S   0.0  0.0   0:00.00 migration/1                                                                             
   15 root      20   0       0      0      0 S   0.0  0.0   0:00.11 ksoftirqd/1                                                                             
   17 root       0 -20       0      0      0 I   0.0  0.0   0:00.00 kworker/1:0H                                                                            
   18 root      20   0       0      0      0 S   0.0  0.0   0:00.00 cpuhp/2                                                                                 
   19 root      rt   0       0      0      0 S   0.0  0.0   0:00.00 migration/2                                                                             
   20 root      20   0       0      0      0 S   0.0  0.0   0:00.06 ksoftirqd/2                                                                             
   22 root       0 -20       0      0      0 I   0.0  0.0   0:00.00 kworker/2:0H                                                                            
   23 root      20   0       0      0      0 S   0.0  0.0   0:00.00 cpuhp/3                                                                                 
   24 root      rt   0       0      0      0 S   0.0  0.0   0:00.00 migration/3                                                                             
   25 root      20   0       0      0      0 S   0.0  0.0   0:00.06 ksoftirqd/3                                                                             
   27 root       0 -20       0      0      0 I   0.0  0.0   0:00.00 kworker/3:0H                                                                            
   28 root      20   0       0      0      0 S   0.0  0.0   0:00.00 kdevtmpfs                                                                               
   29 root       0 -20       0      0      0 I   0.0  0.0   0:00.00 netns                                                                                   
   43 root      20   0       0      0      0 I   0.0  0.0   0:00.43 kworker/3:1                                                                             
  623 root      20   0       0      0      0 S   0.0  0.0   0:00.00 oom_reaper                                                                              
  624 root       0 -20       0      0      0 I   0.0  0.0   0:00.00 writeback                                                                               
  626 root      20   0       0      0      0 S   0.0  0.0   0:00.00 kcompactd0                                                                              
  627 root      25   5       0      0      0 S   0.0  0.0   0:00.00 ksmd                                                                                    
top - 17:03:01 up  1:38,  2 users,  load average: 0.00, 0.02, 0.01
Tasks: 139 total,   1 running,  86 sleeping,   0 stopped,   0 zombie
%Cpu(s):  0.0 us,  0.2 sy,  0.0 ni, 99.8 id,  0.0 wa,  0.1 hi,  0.0 si,  0.0 st
KiB Mem :  3916148 total,  2066096 free,   149476 used,  1700576 buff/cache
KiB Swap:        0 total,        0 free,        0 used.  3591960 avail Mem

  632 root       0 -20       0      0      0 I   0.0  0.0   0:00.00 kblockd                                                                                 15291 forlinx   20   0    8708   3208   2588 R   0.3  0.1   0:00.03 top                                                                                     

  734 root       0 -20       0      0      0 I   0.0  0.0   0:00.00 edac-poller                                                                             
  757 root       0 -20       0      0      0 I   0.0  0.0   0:00.00 watchdogd                                                                               
  842 root       0 -20       0      0      0 I   0.0  0.0   0:00.00 rpciod                                                                                  
  843 root       0 -20       0      0      0 I   0.0  0.0   0:00.00 xprtiod                                                                                 
  883 root      20   0       0      0      0 S   0.0  0.0   0:00.26 kauditd                                                                                 
  888 root      20   0       0      0      0 S   0.0  0.0   0:00.00 kswapd0                                                                                 
  889 root       0 -20       0      0      0 I   0.0  0.0   0:00.00 nfsiod                                                                                  
  921 root       0 -20       0      0      0 I   0.0  0.0   0:00.00 kthrotld                                                                                
 1253 root      20   0       0      0      0 S   0.0  0.0   0:00.00 scsi_eh_0                                                                               
 1254 root       0 -20       0      0      0 I   0.0  0.0   0:00.00 scsi_tmf_0                                                                              
 2392 root       0 -20       0      0      0 I   0.0  0.0   0:00.00 vfio-irqfd-clea                                                                         
 2563 root     -51   0       0      0      0 S   0.0  0.0   0:00.00 irq/12-mmc0                                                                             
 2593 root      20   0       0      0      0 I   0.0  0.0   0:01.33 kworker/0:2                                                                             
 2769 root      20   0       0      0      0 S   0.0  0.0   0:00.00 mmcqd/0                                                                                 
 2770 root      20   0       0      0      0 S   0.0  0.0   0:00.00 mmcqd/0boot0                                                                            
 2771 root      20   0       0      0      0 S   0.0  0.0   0:00.00 mmcqd/0boot1                                                                            

















forlinx@localhost:~/wlan$ top
top - 17:03:03 up  1:38,  2 users,  load average: 0.00, 0.02, 0.01
Tasks: 139 total,   1 running,  86 sleeping,   0 stopped,   0 zombie
%Cpu(s):  1.9 us,  0.3 sy,  0.0 ni, 97.7 id,  0.0 wa,  0.0 hi,  0.0 si,  0.0 st
KiB Mem :  3916148 total,  2065616 free,   149948 used,  1700584 buff/cache
KiB Swap:        0 total,        0 free,        0 used.  3591480 avail Mem

  PID USER      PR  NI    VIRT    RES    SHR S  %CPU %MEM     TIME+ COMMAND                                                                                 
15292 forlinx   20   0    8708   3368   2744 R   6.2  0.1   0:00.01 top                                                                                     
    1 root      20   0  161112   8212   5740 S   0.0  0.2   0:04.46 systemd                                                                                 
    2 root      20   0       0      0      0 S   0.0  0.0   0:00.00 kthreadd                                                                                
    4 root       0 -20       0      0      0 I   0.0  0.0   0:00.00 kworker/0:0H                                                                            
    6 root       0 -20       0      0      0 I   0.0  0.0   0:00.00 mm_percpu_wq                                                                            
    7 root      20   0       0      0      0 S   0.0  0.0   0:00.09 ksoftirqd/0                                                                             
    8 root      20   0       0      0      0 I   0.0  0.0   0:00.26 rcu_preempt                                                                             
    9 root      20   0       0      0      0 I   0.0  0.0   0:00.00 rcu_sched                                                                               
   10 root      20   0       0      0      0 I   0.0  0.0   0:00.00 rcu_bh                                                                                  
   11 root      rt   0       0      0      0 S   0.0  0.0   0:00.00 migration/0                                                                             
   12 root      20   0       0      0      0 S   0.0  0.0   0:00.00 cpuhp/0                                                                                 
   13 root      20   0       0      0      0 S   0.0  0.0   0:00.00 cpuhp/1                                                                                 
   14 root      rt   0       0      0      0 S   0.0  0.0   0:00.00 migration/1                                                                             
   15 root      20   0       0      0      0 S   0.0  0.0   0:00.11 ksoftirqd/1                                                                             
   17 root       0 -20       0      0      0 I   0.0  0.0   0:00.00 kworker/1:0H                                                                            
   18 root      20   0       0      0      0 S   0.0  0.0   0:00.00 cpuhp/2                                                                                 
   19 root      rt   0       0      0      0 S   0.0  0.0   0:00.00 migration/2                                                                             
   20 root      20   0       0      0      0 S   0.0  0.0   0:00.06 ksoftirqd/2                                                                             
   22 root       0 -20       0      0      0 I   0.0  0.0   0:00.00 kworker/2:0H                                                                            
   23 root      20   0       0      0      0 S   0.0  0.0   0:00.00 cpuhp/3                                                                                 
   24 root      rt   0       0      0      0 S   0.0  0.0   0:00.00 migration/3                                                                             
   25 root      20   0       0      0      0 S   0.0  0.0   0:00.06 ksoftirqd/3                                                                             
   27 root       0 -20       0      0      0 I   0.0  0.0   0:00.00 kworker/3:0H                                                                            
top - 17:03:12 up  1:38,  2 users,  load average: 0.00, 0.02, 0.01
Tasks: 139 total,   1 running,  86 sleeping,   0 stopped,   0 zombie
%Cpu(s):  0.2 us,  0.0 sy,  0.0 ni, 99.8 id,  0.0 wa,  0.1 hi,  0.0 si,  0.0 st
KiB Mem :  3916148 total,  2065448 free,   150112 used,  1700588 buff/cache
KiB Swap:        0 total,        0 free,        0 used.  3591312 avail Mem

  PID USER      PR  NI    VIRT    RES    SHR S  %CPU %MEM     TIME+ COMMAND
15292 forlinx   20   0    8708   3368   2744 R   0.7  0.1   0:00.07 top
    1 root      20   0  161112   8212   5740 S   0.0  0.2   0:04.46 systemd
    2 root      20   0       0      0      0 S   0.0  0.0   0:00.00 kthreadd
    4 root       0 -20       0      0      0 I   0.0  0.0   0:00.00 kworker/0:0H
    6 root       0 -20       0      0      0 I   0.0  0.0   0:00.00 mm_percpu_wq
    7 root      20   0       0      0      0 S   0.0  0.0   0:00.09 ksoftirqd/0
    8 root      20   0       0      0      0 I   0.0  0.0   0:00.26 rcu_preempt
    9 root      20   0       0      0      0 I   0.0  0.0   0:00.00 rcu_sched
   10 root      20   0       0      0      0 I   0.0  0.0   0:00.00 rcu_bh
   11 root      rt   0       0      0      0 S   0.0  0.0   0:00.00 migration/0
   12 root      20   0       0      0      0 S   0.0  0.0   0:00.00 cpuhp/0
   13 root      20   0       0      0      0 S   0.0  0.0   0:00.00 cpuhp/1
   14 root      rt   0       0      0      0 S   0.0  0.0   0:00.00 migration/1
   15 root      20   0       0      0      0 S   0.0  0.0   0:00.11 ksoftirqd/1
   17 root       0 -20       0      0      0 I   0.0  0.0   0:00.00 kworker/1:0H
   18 root      20   0       0      0      0 S   0.0  0.0   0:00.00 cpuhp/2
   19 root      rt   0       0      0      0 S   0.0  0.0   0:00.00 migration/2
   20 root      20   0       0      0      0 S   0.0  0.0   0:00.06 ksoftirqd/2
   22 root       0 -20       0      0      0 I   0.0  0.0   0:00.00 kworker/2:0H
   23 root      20   0       0      0      0 S   0.0  0.0   0:00.00 cpuhp/3
   24 root      rt   0       0      0      0 S   0.0  0.0   0:00.00 migration/3
   25 root      20   0       0      0      0 S   0.0  0.0   0:00.06 ksoftirqd/3
   27 root       0 -20       0      0      0 I   0.0  0.0   0:00.00 kworker/3:0H
   28 root      20   0       0      0      0 S   0.0  0.0   0:00.00 kdevtmpfs
   29 root       0 -20       0      0      0 I   0.0  0.0   0:00.00 netns
   43 root      20   0       0      0      0 I   0.0  0.0   0:00.43 kworker/3:1
  623 root      20   0       0      0      0 S   0.0  0.0   0:00.00 oom_reaper
  624 root       0 -20       0      0      0 I   0.0  0.0   0:00.00 writeback
  626 root      20   0       0      0      0 S   0.0  0.0   0:00.00 kcompactd0
  627 root      25   5       0      0      0 S   0.0  0.0   0:00.00 ksmd
  628 root      39  19       0      0      0 S   0.0  0.0   0:00.09 khugepaged
  629 root       0 -20       0      0      0 I   0.0  0.0   0:00.00 crypto
  630 root       0 -20       0      0      0 I   0.0  0.0   0:00.00 kintegrityd
  632 root       0 -20       0      0      0 I   0.0  0.0   0:00.00 kblockd
  688 root       0 -20       0      0      0 I   0.0  0.0   0:00.00 ata_sff
  734 root       0 -20       0      0      0 I   0.0  0.0   0:00.00 edac-poller
  757 root       0 -20       0      0      0 I   0.0  0.0   0:00.00 watchdogd
  842 root       0 -20       0      0      0 I   0.0  0.0   0:00.00 rpciod
  843 root       0 -20       0      0      0 I   0.0  0.0   0:00.00 xprtiod
  883 root      20   0       0      0      0 S   0.0  0.0   0:00.26 kauditd
  888 root      20   0       0      0      0 S   0.0  0.0   0:00.00 kswapd0
  889 root       0 -20       0      0      0 I   0.0  0.0   0:00.00 nfsiod
  921 root       0 -20       0      0      0 I   0.0  0.0   0:00.00 kthrotld
 1253 root      20   0       0      0      0 S   0.0  0.0   0:00.00 scsi_eh_0
 1254 root       0 -20       0      0      0 I   0.0  0.0   0:00.00 scsi_tmf_0
 2392 root       0 -20       0      0      0 I   0.0  0.0   0:00.00 vfio-irqfd-clea
 2563 root     -51   0       0      0      0 S   0.0  0.0   0:00.00 irq/12-mmc0
 2593 root      20   0       0      0      0 I   0.0  0.0   0:01.33 kworker/0:2
 2769 root      20   0       0      0      0 S   0.0  0.0   0:00.00 mmcqd/0
forlinx@localhost:~/wlan$ sudo insmod wlan.ko
insmod: ERROR: could not insert module wlan.ko: File exists
forlinx@localhost:~/wlan$ sudo rmmod  wlan.ko
forlinx@localhost:~/wlan$ sudo
usage: sudo -h | -K | -k | -V
usage: sudo -v [-AknS] [-g group] [-h host] [-p prompt] [-u user]
usage: sudo -l [-AknS] [-g group] [-h host] [-p prompt] [-U user] [-u user] [command]
usage: sudo [-AbEHknPS] [-r role] [-t type] [-C num] [-g group] [-h host] [-p prompt] [-T timeout] [-u user] [VAR=value] [-i|-s] [<command>]
usage: sudo -e [-AknS] [-r role] [-t type] [-C num] [-g group] [-h host] [-p prompt] [-T timeout] [-u user] file ...
forlinx@localhost:~/wlan$ sudo insmod wlan.ko country_code=US
forlinx@localhost:~/wlan$ ifconfig
fm1-mac3: flags=4163<UP,BROADCAST,RUNNING,MULTICAST>  mtu 1500
        inet 192.168.0.232  netmask 255.255.255.0  broadcast 192.168.0.255
        inet6 fe80::4be:f2ff:fe70:7f76  prefixlen 64  scopeid 0x20<link>
        ether 06:be:f2:70:7f:76  txqueuelen 1000  (Ethernet)
        RX packets 608790  bytes 851777463 (851.7 MB)
        RX errors 0  dropped 0  overruns 0  frame 0
        TX packets 120966  bytes 8414751 (8.4 MB)
        TX errors 0  dropped 0 overruns 0  carrier 0  collisions 0
        device memory 0x1ae4000-1ae4fff

lo: flags=73<UP,LOOPBACK,RUNNING>  mtu 65536
        inet 127.0.0.1  netmask 255.0.0.0
        inet6 ::1  prefixlen 128  scopeid 0x10<host>
        loop  txqueuelen 1000  (Local Loopback)
        RX packets 114  bytes 10295 (10.2 KB)
        RX errors 0  dropped 0  overruns 0  frame 0
        TX packets 114  bytes 10295 (10.2 KB)
        TX errors 0  dropped 0 overruns 0  carrier 0  collisions 0

lxcbr0: flags=4099<UP,BROADCAST,MULTICAST>  mtu 1500
        inet 10.0.3.1  netmask 255.255.255.0  broadcast 0.0.0.0
        ether 00:16:3e:00:00:00  txqueuelen 1000  (Ethernet)
        RX packets 0  bytes 0 (0.0 B)
        RX errors 0  dropped 0  overruns 0  frame 0
        TX packets 0  bytes 0 (0.0 B)
        TX errors 0  dropped 0 overruns 0  carrier 0  collisions 0

virbr0: flags=4099<UP,BROADCAST,MULTICAST>  mtu 1500
        inet 192.168.122.1  netmask 255.255.255.0  broadcast 192.168.122.255
        ether 52:54:00:ef:a1:22  txqueuelen 1000  (Ethernet)
        RX packets 0  bytes 0 (0.0 B)
        RX errors 0  dropped 0  overruns 0  frame 0
        TX packets 0  bytes 0 (0.0 B)
        TX errors 0  dropped 0 overruns 0  carrier 0  collisions 0

wlx7cdd901b2360: flags=4163<UP,BROADCAST,RUNNING,MULTICAST>  mtu 1500
        inet 192.168.23.136  netmask 255.255.255.0  broadcast 192.168.23.255
        inet6 fe80::7edd:90ff:fe1b:2360  prefixlen 64  scopeid 0x20<link>
        ether 7c:dd:90:1b:23:60  txqueuelen 1000  (Ethernet)
        RX packets 16217  bytes 14574866 (14.5 MB)
        RX errors 0  dropped 0  overruns 0  frame 0
        TX packets 11460  bytes 1138362 (1.1 MB)
        TX errors 0  dropped 0 overruns 0  carrier 0  collisions 0

forlinx@localhost:~/wlan$ ifconfig -a
fm1-mac2: flags=4098<BROADCAST,MULTICAST>  mtu 1500
        ether 76:ef:a4:ac:00:51  txqueuelen 1000  (Ethernet)
        RX packets 0  bytes 0 (0.0 B)
        RX errors 0  dropped 0  overruns 0  frame 0
        TX packets 0  bytes 0 (0.0 B)
        TX errors 0  dropped 0 overruns 0  carrier 0  collisions 0
        device memory 0x1ae2000-1ae2fff

fm1-mac3: flags=4163<UP,BROADCAST,RUNNING,MULTICAST>  mtu 1500
        inet 192.168.0.232  netmask 255.255.255.0  broadcast 192.168.0.255
        inet6 fe80::4be:f2ff:fe70:7f76  prefixlen 64  scopeid 0x20<link>
        ether 06:be:f2:70:7f:76  txqueuelen 1000  (Ethernet)
        RX packets 608804  bytes 851778275 (851.7 MB)
        RX errors 0  dropped 0  overruns 0  frame 0
        TX packets 120983  bytes 8417333 (8.4 MB)
        TX errors 0  dropped 0 overruns 0  carrier 0  collisions 0
        device memory 0x1ae4000-1ae4fff

fm1-mac4: flags=4098<BROADCAST,MULTICAST>  mtu 1500
        ether 56:4b:8e:16:48:eb  txqueuelen 1000  (Ethernet)
        RX packets 0  bytes 0 (0.0 B)
        RX errors 0  dropped 0  overruns 0  frame 0
        TX packets 0  bytes 0 (0.0 B)
        TX errors 0  dropped 0 overruns 0  carrier 0  collisions 0
        device memory 0x1ae6000-1ae6fff

fm1-mac5: flags=4098<BROADCAST,MULTICAST>  mtu 1500
        ether 46:19:9f:83:fc:3f  txqueuelen 1000  (Ethernet)
        RX packets 0  bytes 0 (0.0 B)
        RX errors 0  dropped 0  overruns 0  frame 0
        TX packets 0  bytes 0 (0.0 B)
        TX errors 0  dropped 0 overruns 0  carrier 0  collisions 0
        device memory 0x1ae8000-1ae8fff

fm1-mac6: flags=4098<BROADCAST,MULTICAST>  mtu 1500
        ether 2a:4f:e2:06:32:72  txqueuelen 1000  (Ethernet)
        RX packets 0  bytes 0 (0.0 B)
        RX errors 0  dropped 0  overruns 0  frame 0
        TX packets 0  bytes 0 (0.0 B)
        TX errors 0  dropped 0 overruns 0  carrier 0  collisions 0
        device memory 0x1aea000-1aeafff

fm1-mac9: flags=4098<BROADCAST,MULTICAST>  mtu 1500
        ether fe:1b:75:99:a8:e2  txqueuelen 1000  (Ethernet)
        RX packets 0  bytes 0 (0.0 B)
        RX errors 0  dropped 0  overruns 0  frame 0
        TX packets 0  bytes 0 (0.0 B)
        TX errors 0  dropped 0 overruns 0  carrier 0  collisions 0
        device memory 0x1af0000-1af0fff

fm1-mac10: flags=4098<BROADCAST,MULTICAST>  mtu 1500
        ether ae:ee:09:ff:9f:7f  txqueuelen 1000  (Ethernet)
        RX packets 0  bytes 0 (0.0 B)
        RX errors 0  dropped 0  overruns 0  frame 0
        TX packets 0  bytes 0 (0.0 B)
        TX errors 0  dropped 0 overruns 0  carrier 0  collisions 0
        device memory 0x1af2000-1af2fff

lo: flags=73<UP,LOOPBACK,RUNNING>  mtu 65536
        inet 127.0.0.1  netmask 255.0.0.0
        inet6 ::1  prefixlen 128  scopeid 0x10<host>
        loop  txqueuelen 1000  (Local Loopback)
        RX packets 114  bytes 10295 (10.2 KB)
        RX errors 0  dropped 0  overruns 0  frame 0
        TX packets 114  bytes 10295 (10.2 KB)
        TX errors 0  dropped 0 overruns 0  carrier 0  collisions 0

lxcbr0: flags=4099<UP,BROADCAST,MULTICAST>  mtu 1500
        inet 10.0.3.1  netmask 255.255.255.0  broadcast 0.0.0.0
        ether 00:16:3e:00:00:00  txqueuelen 1000  (Ethernet)
        RX packets 0  bytes 0 (0.0 B)
        RX errors 0  dropped 0  overruns 0  frame 0
        TX packets 0  bytes 0 (0.0 B)
        TX errors 0  dropped 0 overruns 0  carrier 0  collisions 0

sit0: flags=128<NOARP>  mtu 1480
        sit  txqueuelen 1000  (IPv6-in-IPv4)
        RX packets 0  bytes 0 (0.0 B)
        RX errors 0  dropped 0  overruns 0  frame 0
        TX packets 0  bytes 0 (0.0 B)
        TX errors 0  dropped 0 overruns 0  carrier 0  collisions 0

usb0: flags=4098<BROADCAST,MULTICAST>  mtu 1500
        ether ea:47:11:76:d7:d7  txqueuelen 1000  (Ethernet)
        RX packets 0  bytes 0 (0.0 B)
        RX errors 0  dropped 0  overruns 0  frame 0
        TX packets 0  bytes 0 (0.0 B)
        TX errors 0  dropped 0 overruns 0  carrier 0  collisions 0

virbr0: flags=4099<UP,BROADCAST,MULTICAST>  mtu 1500
        inet 192.168.122.1  netmask 255.255.255.0  broadcast 192.168.122.255
        ether 52:54:00:ef:a1:22  txqueuelen 1000  (Ethernet)
        RX packets 0  bytes 0 (0.0 B)
        RX errors 0  dropped 0  overruns 0  frame 0
        TX packets 0  bytes 0 (0.0 B)
        TX errors 0  dropped 0 overruns 0  carrier 0  collisions 0

virbr0-nic: flags=4098<BROADCAST,MULTICAST>  mtu 1500
        ether 52:54:00:ef:a1:22  txqueuelen 1000  (Ethernet)
        RX packets 0  bytes 0 (0.0 B)
        RX errors 0  dropped 0  overruns 0  frame 0
        TX packets 0  bytes 0 (0.0 B)
        TX errors 0  dropped 0 overruns 0  carrier 0  collisions 0

wlx7cdd901b2360: flags=4163<UP,BROADCAST,RUNNING,MULTICAST>  mtu 1500
        inet 192.168.23.136  netmask 255.255.255.0  broadcast 192.168.23.255
        inet6 fe80::7edd:90ff:fe1b:2360  prefixlen 64  scopeid 0x20<link>
        ether 7c:dd:90:1b:23:60  txqueuelen 1000  (Ethernet)
        RX packets 16217  bytes 14574866 (14.5 MB)
        RX errors 0  dropped 0  overruns 0  frame 0
        TX packets 11460  bytes 1138362 (1.1 MB)
        TX errors 0  dropped 0 overruns 0  carrier 0  collisions 0

forlinx@localhost:~/wlan$ ^C
forlinx@localhost:~/wlan$ dmesg
[    0.000000] Booting Linux on physical CPU 0x0
[    0.000000] Linux version 4.14.47 (root@ubuntu) (gcc version 7.3.0 (Ubuntu/Linaro 7.3.0-27ubuntu1~18.04)) #1 SMP PREEMPT Mon Sep 4 19:26:29 PDT 2023
[    0.000000] Boot CPU: AArch64 Processor [410fd082]
[    0.000000] Machine model: LS1046A RDB Board
[    0.000000] earlycon: uart8250 at MMIO 0x00000000021c0500 (options '')
[    0.000000] bootconsole [uart8250] enabled
[    0.000000] efi: Getting EFI parameters from FDT:
[    0.000000] efi: UEFI not found.
[    0.000000] OF: reserved mem: initialized node qman-fqd, compatible id fsl,qman-fqd
[    0.000000] OF: reserved mem: initialized node qman-pfdr, compatible id fsl,qman-pfdr
[    0.000000] OF: reserved mem: initialized node bman-fbpr, compatible id fsl,bman-fbpr
[    0.000000] cma: Reserved 16 MiB at 0x00000000fac00000
[    0.000000] NUMA: No NUMA configuration found
[    0.000000] NUMA: Faking a node at [mem 0x0000000000000000-0x00000008ff7fffff]
[    0.000000] NUMA: NODE_DATA [mem 0x8ff7c8400-0x8ff7c9bbf]
[    0.000000] Zone ranges:
[    0.000000]   DMA      [mem 0x0000000080000000-0x00000000ffffffff]
[    0.000000]   Normal   [mem 0x0000000100000000-0x00000008ff7fffff]
[    0.000000] Movable zone start for each node
[    0.000000] Early memory node ranges
[    0.000000]   node   0: [mem 0x0000000080000000-0x00000000fbdfffff]
[    0.000000]   node   0: [mem 0x0000000880000000-0x00000008fbffffff]
[    0.000000]   node   0: [mem 0x00000008ff000000-0x00000008ff7fffff]
[    0.000000] Initmem setup node 0 [mem 0x0000000080000000-0x00000008ff7fffff]
[    0.000000] On node 0 totalpages: 1017344
[    0.000000]   DMA zone: 8192 pages used for memmap
[    0.000000]   DMA zone: 0 pages reserved
[    0.000000]   DMA zone: 507392 pages, LIFO batch:31
[    0.000000]   Normal zone: 7968 pages used for memmap
[    0.000000]   Normal zone: 509952 pages, LIFO batch:31
[    0.000000] psci: probing for conduit method from DT.
[    0.000000] psci: PSCIv0.2 detected in firmware.
[    0.000000] psci: Using standard PSCI v0.2 function IDs
[    0.000000] psci: Trusted OS migration not required
[    0.000000] percpu: Embedded 24 pages/cpu @ffff80087f763000 s59992 r8192 d30120 u98304
[    0.000000] pcpu-alloc: s59992 r8192 d30120 u98304 alloc=24*4096
[    0.000000] pcpu-alloc: [0] 0 [0] 1 [0] 2 [0] 3
[    0.000000] Detected PIPT I-cache on CPU0
[    0.000000] Built 1 zonelists, mobility grouping on.  Total pages: 1001184
[    0.000000] Policy zone: Normal
[    0.000000] Kernel command line: console=ttyS0,115200 earlycon=uart8250,mmio,0x21c0500 root=PARTUUID=63d7c5d0-01 rw rootwait board_name=ls1046ardb serdes
[    0.000000] PID hash table entries: 4096 (order: 3, 32768 bytes)
[    0.000000] software IO TLB [mem 0xf6c00000-0xfac00000] (64MB) mapped at [ffff800076c00000-ffff80007abfffff]
[    0.000000] Memory: 3898548K/4069376K available (13180K kernel code, 1446K rwdata, 5352K rodata, 1216K init, 976K bss, 154444K reserved, 16384K cma-reser
[    0.000000] Virtual kernel memory layout:
[    0.000000]     modules : 0xffff000000000000 - 0xffff000008000000   (   128 MB)
[    0.000000]     vmalloc : 0xffff000008000000 - 0xffff7dffbfff0000   (129022 GB)
[    0.000000]       .text : 0xffff000008080000 - 0xffff000008d60000   ( 13184 KB)
[    0.000000]     .rodata : 0xffff000008d60000 - 0xffff0000092a0000   (  5376 KB)
[    0.000000]       .init : 0xffff0000092a0000 - 0xffff0000093d0000   (  1216 KB)
[    0.000000]       .data : 0xffff0000093d0000 - 0xffff000009539a00   (  1447 KB)
[    0.000000]        .bss : 0xffff000009539a00 - 0xffff00000962dc90   (   977 KB)
[    0.000000]     fixed   : 0xffff7dfffe7f9000 - 0xffff7dfffec00000   (  4124 KB)
[    0.000000]     PCI I/O : 0xffff7dfffee00000 - 0xffff7dffffe00000   (    16 MB)
[    0.000000]     vmemmap : 0xffff7e0000000000 - 0xffff800000000000   (  2048 GB maximum)
[    0.000000]               0xffff7e0000000000 - 0xffff7e0021fe0000   (   543 MB actual)
[    0.000000]     memory  : 0xffff800000000000 - 0xffff80087f800000   ( 34808 MB)
[    0.000000] Preemptible hierarchical RCU implementation.
[    0.000000]  RCU restricting CPUs from NR_CPUS=64 to nr_cpu_ids=4.
[    0.000000]  Tasks RCU enabled.
[    0.000000] RCU: Adjusting geometry for rcu_fanout_leaf=16, nr_cpu_ids=4
[    0.000000] NR_IRQS: 64, nr_irqs: 64, preallocated irqs: 0
[    0.000000] GIC: Adjusting CPU interface base to 0x000000000142f000
[    0.000000] GIC: Using split EOI/Deactivate mode
[    0.000000] arch_timer: cp15 timer(s) running at 25.00MHz (phys).
[    0.000000] clocksource: arch_sys_counter: mask: 0xffffffffffffff max_cycles: 0x5c40939b5, max_idle_ns: 440795202646 ns
[    0.000002] sched_clock: 56 bits at 25MHz, resolution 40ns, wraps every 4398046511100ns
[    0.008368] Console: colour dummy device 80x25
[    0.012864] Calibrating delay loop (skipped), value calculated using timer frequency.. 50.00 BogoMIPS (lpj=100000)
[    0.023273] pid_max: default: 32768 minimum: 301
[    0.027971] Security Framework initialized
[    0.033323] Dentry cache hash table entries: 524288 (order: 10, 4194304 bytes)
[    0.041236] Inode-cache hash table entries: 262144 (order: 9, 2097152 bytes)
[    0.048351] Mount-cache hash table entries: 8192 (order: 4, 65536 bytes)
[    0.055109] Mountpoint-cache hash table entries: 8192 (order: 4, 65536 bytes)
[    0.078311] ASID allocator initialised with 32768 entries
[    0.083770] Hierarchical SRCU implementation.
[    0.096548] EFI services will not be available.
[    0.109109] smp: Bringing up secondary CPUs ...
[    0.143541] Detected PIPT I-cache on CPU1
[    0.143560] CPU1: Booted secondary processor [410fd082]
[    0.170583] Detected PIPT I-cache on CPU2
[    0.170596] CPU2: Booted secondary processor [410fd082]
[    0.198606] Detected PIPT I-cache on CPU3
[    0.198618] CPU3: Booted secondary processor [410fd082]
[    0.198646] smp: Brought up 1 node, 4 CPUs
[    0.230595] SMP: Total of 4 processors activated.
[    0.235321] CPU features: detected feature: 32-bit EL0 Support
[    0.241183] CPU features: detected feature: Kernel page table isolation (KPTI)
[    0.252016] CPU: All CPU(s) started at EL2
[    0.256137] alternatives: patching kernel code
[    0.260993] devtmpfs: initialized
[    0.266220] random: get_random_u32 called from bucket_table_alloc+0x108/0x258 with crng_init=0
[    0.275044] clocksource: jiffies: mask: 0xffffffff max_cycles: 0xffffffff, max_idle_ns: 7645041785100000 ns
[    0.284854] futex hash table entries: 1024 (order: 4, 65536 bytes)
[    0.291251] xor: measuring software checksum speed
[    0.336083]    8regs     :  7630.000 MB/sec
[    0.380300]    8regs_prefetch:  6584.000 MB/sec
[    0.424867]    32regs    :  7682.000 MB/sec
[    0.469084]    32regs_prefetch:  7196.000 MB/sec
[    0.473721] xor: using function: 32regs (7682.000 MB/sec)
[    0.479147] pinctrl core: initialized pinctrl subsystem
[    0.484873] DMI not present or invalid.
[    0.488884] NET: Registered protocol family 16
[    0.497364] cpuidle: using governor menu
[    0.501484] Bman ver:0a02,02,01
[    0.506518] qman-fqd addr 0x00000008ff800000 size 0x800000
[    0.512033] qman-pfdr addr 0x00000008fc000000 size 0x2000000
[    0.517761] Qman ver:0a01,03,02,01
[    0.521253] vdso: 2 pages (1 code @ ffff000008d66000, 1 data @ ffff0000093d5000)
[    0.528697] hw-breakpoint: found 6 breakpoint and 4 watchpoint registers.
[    0.535910] DMA: preallocated 256 KiB pool for atomic allocations
[    0.542205] Serial: AMBA PL011 UART driver
[    0.549321] Machine: LS1046A RDB Board
[    0.553092] SoC family: QorIQ LS1046A
[    0.556766] SoC ID: svr:0x87070010, Revision: 1.0
[    0.572679] HugeTLB registered 2.00 MiB page size, pre-allocated 0 pages
[    0.645521] raid6: int64x1  gen()  1115 MB/s
[    0.717523] raid6: int64x1  xor()  1006 MB/s
[    0.789554] raid6: int64x2  gen()  1533 MB/s
[    0.861561] raid6: int64x2  xor()  1460 MB/s
[    0.933602] raid6: int64x4  gen()  2339 MB/s
[    1.005633] raid6: int64x4  xor()  1632 MB/s
[    1.077657] raid6: int64x8  gen()  2309 MB/s
[    1.149675] raid6: int64x8  xor()  1605 MB/s
[    1.221720] raid6: neonx1   gen()  2241 MB/s
[    1.293745] raid6: neonx1   xor()  2499 MB/s
[    1.365775] raid6: neonx2   gen()  2939 MB/s
[    1.437798] raid6: neonx2   xor()  3145 MB/s
[    1.509837] raid6: neonx4   gen()  3763 MB/s
[    1.581855] raid6: neonx4   xor()  3390 MB/s
[    1.653883] raid6: neonx8   gen()  4378 MB/s
[    1.725910] raid6: neonx8   xor()  3721 MB/s
[    1.730198] raid6: using algorithm neonx8 gen() 4378 MB/s
[    1.735621] raid6: .... xor() 3721 MB/s, rmw enabled
[    1.740608] raid6: using neon recovery algorithm
[    1.745485] ACPI: Interpreter disabled.
[    1.750670] vgaarb: loaded
[    1.753505] SCSI subsystem initialized
[    1.757331] libata version 3.00 loaded.
[    1.757467] usbcore: registered new interface driver usbfs
[    1.763031] usbcore: registered new interface driver hub
[    1.768396] usbcore: registered new device driver usb
[    1.773761] imx-i2c 2180000.i2c: can't get pinctrl, bus recovery not supported
[    1.781136] i2c i2c-0: IMX I2C adapter registered
[    1.785888] i2c i2c-0: using dma0chan16 (tx) and dma0chan17 (rx) for DMA transfers
[    1.793537] imx-i2c 2190000.i2c: fsl-scl-gpio not found
[    1.798806] imx-i2c 2190000.i2c: can't get pinctrl, bus recovery not supported
[    1.806107] i2c i2c-1: IMX I2C adapter registered
[    1.810837] i2c i2c-1: can't use DMA, using PIO instead.
[    1.816208] imx-i2c 21a0000.i2c: fsl-scl-gpio not found
[    1.821475] imx-i2c 21a0000.i2c: can't get pinctrl, bus recovery not supported
[    1.828829] i2c i2c-2: IMX I2C adapter registered
[    1.833558] i2c i2c-2: can't use DMA, using PIO instead.
[    1.838961] imx-i2c 21b0000.i2c: can't get pinctrl, bus recovery not supported
[    1.846253] i2c i2c-3: IMX I2C adapter registered
[    1.850987] i2c i2c-3: can't use DMA, using PIO instead.
[    1.856788] Linux video capture interface: v2.00
[    1.861454] pps_core: LinuxPPS API ver. 1 registered
[    1.866448] pps_core: Software ver. 5.3.6 - Copyright 2005-2007 Rodolfo Giometti <giometti@linux.it>
[    1.875641] PTP clock support registered
[    1.879675] EDAC MC: Ver: 3.0.0
[    1.882927] dmi: Firmware registration failed.
[    1.887403] bman-fbpr addr 0x00000008fe000000 size 0x1000000
[    1.893107] Bman err interrupt handler present
[    1.897893] Bman portal initialised, cpu 0
[    1.902058] Bman portal initialised, cpu 1
[    1.906219] Bman portal initialised, cpu 2
[    1.910381] Bman portal initialised, cpu 3
[    1.914497] Bman portals initialised
[    1.918848] Qman err interrupt handler present
[    1.923753] QMan: Allocated lookup table at ffff00000b7a5000, entry count 131073
[    1.931486] Qman portal initialised, cpu 0
[    1.935644] Qman portal initialised, cpu 1
[    1.939803] Qman portal initialised, cpu 2
[    1.943970] Qman portal initialised, cpu 3
[    1.948086] Qman portals initialised
[    1.951715] Bman: BPID allocator includes range 32:32
[    1.956818] Qman: FQID allocator includes range 256:256
[    1.962069] Qman: FQID allocator includes range 32768:32768
[    1.967698] Qman: CGRID allocator includes range 0:256
[    1.972984] Qman: pool channel allocator includes range 1025:15
[    1.978989] No USDPAA memory, no 'fsl,usdpaa-mem' in device-tree
[    1.985249] Advanced Linux Sound Architecture Driver Initialized.
[    1.991684] clocksource: Switched to clocksource arch_sys_counter
[    1.997880] VFS: Disk quotas dquot_6.6.0
[    2.001847] VFS: Dquot-cache hash table entries: 512 (order 0, 4096 bytes)
[    2.008813] pnp: PnP ACPI: disabled
[    2.014868] NET: Registered protocol family 2
[    2.019496] TCP established hash table entries: 32768 (order: 6, 262144 bytes)
[    2.026911] TCP bind hash table entries: 32768 (order: 7, 524288 bytes)
[    2.034007] TCP: Hash tables configured (established 32768 bind 32768)
[    2.040616] UDP hash table entries: 2048 (order: 4, 65536 bytes)
[    2.046704] UDP-Lite hash table entries: 2048 (order: 4, 65536 bytes)
[    2.053281] NET: Registered protocol family 1
[    2.057813] RPC: Registered named UNIX socket transport module.
[    2.063768] RPC: Registered udp transport module.
[    2.068508] RPC: Registered tcp transport module.
[    2.073235] RPC: Registered tcp NFSv4.1 backchannel transport module.
[    2.079712] PCI: CLS 0 bytes, default 64
[    2.080094] hw perfevents: enabled with armv8_cortex_a72 PMU driver, 7 counters available
[    2.088575] kvm [1]: 8-bit VMID
[    2.092314] kvm [1]: vgic interrupt IRQ1
[    2.096308] kvm [1]: Hyp mode initialized successfully
[    2.102608] audit: initializing netlink subsys (disabled)
[    2.108086] audit: type=2000 audit(1.972:1): state=initialized audit_enabled=0 res=1
[    2.108238] workingset: timestamp_bits=44 max_order=20 bucket_order=0
[    2.116102] squashfs: version 4.0 (2009/01/31) Phillip Lougher
[    2.116190] NFS: Registering the id_resolver key type
[    2.116199] Key type id_resolver registered
[    2.116200] Key type id_legacy registered
[    2.116205] nfs4filelayout_init: NFSv4 File Layout Driver Registering...
[    2.116253] fuse init (API version 7.26)
[    2.116305] 9p: Installing v9fs 9p2000 file system support
[    2.117417] Block layer SCSI generic (bsg) driver version 0.4 loaded (major 245)
[    2.117458] io scheduler noop registered
[    2.117476] io scheduler cfq registered (default)
[    2.117477] io scheduler mq-deadline registered
